// Jest Snapshot v1, https://jestjs.io/docs/snapshot-testing

exports[`Home matches snapshot 1`] = `
<DocumentFragment>
  <div
    data-testid="BookingTableTest"
  >
    <div
      class="cardBody"
    >
      <div
        class="cardBodyResponsive"
      >
        <table
          class="cardBodyTable"
        >
          <thead>
            <tr>
              <th>
                Booking ID
              </th>
              <th>
                Customer
              </th>
              <th>
                Tour
              </th>
              <th>
                Date
              </th>
              <th>
                Slots
              </th>
              <th>
                Status
              </th>
              <th>
                Amount
              </th>
            </tr>
          </thead>
          <tbody>
            <tr
              class="tableRow"
            >
              <td>
                <svg
                  aria-labelledby="41on22-aria"
                  height="20"
                  role="img"
                  viewBox="0 0 120 20"
                  width="120"
                >
                  <title
                    id="41on22-aria"
                  >
                    Loading...
                  </title>
                  <rect
                    clip-path="url(#41on22-diff)"
                    height="100%"
                    role="presentation"
                    style="fill: url(#41on22-animated-diff);"
                    width="100%"
                    x="0"
                    y="0"
                  />
                  <defs>
                    <clippath
                      id="41on22-diff"
                    >
                      <rect
                        height="12"
                        rx="3"
                        ry="3"
                        width="100"
                        x="0"
                        y="0"
                      />
                    </clippath>
                    <lineargradient
                      gradientTransform="translate(-2 0)"
                      id="41on22-animated-diff"
                    >
                      <stop
                        offset="0%"
                        stop-color="#f3f3f3"
                        stop-opacity="1"
                      />
                      <stop
                        offset="50%"
                        stop-color="#ecebeb"
                        stop-opacity="1"
                      />
                      <stop
                        offset="100%"
                        stop-color="#f3f3f3"
                        stop-opacity="1"
                      />
                      <animatetransform
                        attributeName="gradientTransform"
                        dur="2s"
                        repeatCount="indefinite"
                        type="translate"
                        values="-2 0; 0 0; 2 0"
                      />
                    </lineargradient>
                  </defs>
                </svg>
              </td>
              <td>
                <svg
                  aria-labelledby="83jtt2-aria"
                  height="50"
                  role="img"
                  viewBox="0 0 200 50"
                  width="200"
                >
                  <title
                    id="83jtt2-aria"
                  >
                    Loading...
                  </title>
                  <rect
                    clip-path="url(#83jtt2-diff)"
                    height="100%"
                    role="presentation"
                    style="fill: url(#83jtt2-animated-diff);"
                    width="100%"
                    x="0"
                    y="0"
                  />
                  <defs>
                    <clippath
                      id="83jtt2-diff"
                    >
                      <circle
                        cx="20"
                        cy="20"
                        r="20"
                      />
                      <rect
                        height="10"
                        rx="3"
                        ry="3"
                        width="120"
                        x="50"
                        y="5"
                      />
                      <rect
                        height="8"
                        rx="3"
                        ry="3"
                        width="100"
                        x="50"
                        y="20"
                      />
                      <rect
                        height="8"
                        rx="3"
                        ry="3"
                        width="90"
                        x="50"
                        y="34"
                      />
                    </clippath>
                    <lineargradient
                      gradientTransform="translate(-2 0)"
                      id="83jtt2-animated-diff"
                    >
                      <stop
                        offset="0%"
                        stop-color="#f3f3f3"
                        stop-opacity="1"
                      />
                      <stop
                        offset="50%"
                        stop-color="#ecebeb"
                        stop-opacity="1"
                      />
                      <stop
                        offset="100%"
                        stop-color="#f3f3f3"
                        stop-opacity="1"
                      />
                      <animatetransform
                        attributeName="gradientTransform"
                        dur="2s"
                        repeatCount="indefinite"
                        type="translate"
                        values="-2 0; 0 0; 2 0"
                      />
                    </lineargradient>
                  </defs>
                </svg>
              </td>
              <td>
                <svg
                  aria-labelledby="g3q7v99-aria"
                  height="20"
                  role="img"
                  viewBox="0 0 120 20"
                  width="120"
                >
                  <title
                    id="g3q7v99-aria"
                  >
                    Loading...
                  </title>
                  <rect
                    clip-path="url(#g3q7v99-diff)"
                    height="100%"
                    role="presentation"
                    style="fill: url(#g3q7v99-animated-diff);"
                    width="100%"
                    x="0"
                    y="0"
                  />
                  <defs>
                    <clippath
                      id="g3q7v99-diff"
                    >
                      <rect
                        height="12"
                        rx="3"
                        ry="3"
                        width="100"
                        x="0"
                        y="0"
                      />
                    </clippath>
                    <lineargradient
                      gradientTransform="translate(-2 0)"
                      id="g3q7v99-animated-diff"
                    >
                      <stop
                        offset="0%"
                        stop-color="#f3f3f3"
                        stop-opacity="1"
                      />
                      <stop
                        offset="50%"
                        stop-color="#ecebeb"
                        stop-opacity="1"
                      />
                      <stop
                        offset="100%"
                        stop-color="#f3f3f3"
                        stop-opacity="1"
                      />
                      <animatetransform
                        attributeName="gradientTransform"
                        dur="2s"
                        repeatCount="indefinite"
                        type="translate"
                        values="-2 0; 0 0; 2 0"
                      />
                    </lineargradient>
                  </defs>
                </svg>
              </td>
              <td>
                <svg
                  aria-labelledby="ryc669m-aria"
                  height="20"
                  role="img"
                  viewBox="0 0 120 20"
                  width="120"
                >
                  <title
                    id="ryc669m-aria"
                  >
                    Loading...
                  </title>
                  <rect
                    clip-path="url(#ryc669m-diff)"
                    height="100%"
                    role="presentation"
                    style="fill: url(#ryc669m-animated-diff);"
                    width="100%"
                    x="0"
                    y="0"
                  />
                  <defs>
                    <clippath
                      id="ryc669m-diff"
                    >
                      <rect
                        height="12"
                        rx="3"
                        ry="3"
                        width="100"
                        x="0"
                        y="0"
                      />
                    </clippath>
                    <lineargradient
                      gradientTransform="translate(-2 0)"
                      id="ryc669m-animated-diff"
                    >
                      <stop
                        offset="0%"
                        stop-color="#f3f3f3"
                        stop-opacity="1"
                      />
                      <stop
                        offset="50%"
                        stop-color="#ecebeb"
                        stop-opacity="1"
                      />
                      <stop
                        offset="100%"
                        stop-color="#f3f3f3"
                        stop-opacity="1"
                      />
                      <animatetransform
                        attributeName="gradientTransform"
                        dur="2s"
                        repeatCount="indefinite"
                        type="translate"
                        values="-2 0; 0 0; 2 0"
                      />
                    </lineargradient>
                  </defs>
                </svg>
              </td>
              <td>
                <svg
                  aria-labelledby="pj5kj6-aria"
                  height="20"
                  role="img"
                  viewBox="0 0 120 20"
                  width="120"
                >
                  <title
                    id="pj5kj6-aria"
                  >
                    Loading...
                  </title>
                  <rect
                    clip-path="url(#pj5kj6-diff)"
                    height="100%"
                    role="presentation"
                    style="fill: url(#pj5kj6-animated-diff);"
                    width="100%"
                    x="0"
                    y="0"
                  />
                  <defs>
                    <clippath
                      id="pj5kj6-diff"
                    >
                      <rect
                        height="12"
                        rx="3"
                        ry="3"
                        width="100"
                        x="0"
                        y="0"
                      />
                    </clippath>
                    <lineargradient
                      gradientTransform="translate(-2 0)"
                      id="pj5kj6-animated-diff"
                    >
                      <stop
                        offset="0%"
                        stop-color="#f3f3f3"
                        stop-opacity="1"
                      />
                      <stop
                        offset="50%"
                        stop-color="#ecebeb"
                        stop-opacity="1"
                      />
                      <stop
                        offset="100%"
                        stop-color="#f3f3f3"
                        stop-opacity="1"
                      />
                      <animatetransform
                        attributeName="gradientTransform"
                        dur="2s"
                        repeatCount="indefinite"
                        type="translate"
                        values="-2 0; 0 0; 2 0"
                      />
                    </lineargradient>
                  </defs>
                </svg>
              </td>
              <td>
                <svg
                  aria-labelledby="xr7v63h-aria"
                  height="24"
                  role="img"
                  viewBox="0 0 100 24"
                  width="100"
                >
                  <title
                    id="xr7v63h-aria"
                  >
                    Loading...
                  </title>
                  <rect
                    clip-path="url(#xr7v63h-diff)"
                    height="100%"
                    role="presentation"
                    style="fill: url(#xr7v63h-animated-diff);"
                    width="100%"
                    x="0"
                    y="0"
                  />
                  <defs>
                    <clippath
                      id="xr7v63h-diff"
                    >
                      <rect
                        height="24"
                        rx="12"
                        ry="12"
                        width="80"
                        x="0"
                        y="0"
                      />
                    </clippath>
                    <lineargradient
                      gradientTransform="translate(-2 0)"
                      id="xr7v63h-animated-diff"
                    >
                      <stop
                        offset="0%"
                        stop-color="#f3f3f3"
                        stop-opacity="1"
                      />
                      <stop
                        offset="50%"
                        stop-color="#ecebeb"
                        stop-opacity="1"
                      />
                      <stop
                        offset="100%"
                        stop-color="#f3f3f3"
                        stop-opacity="1"
                      />
                      <animatetransform
                        attributeName="gradientTransform"
                        dur="2s"
                        repeatCount="indefinite"
                        type="translate"
                        values="-2 0; 0 0; 2 0"
                      />
                    </lineargradient>
                  </defs>
                </svg>
              </td>
              <td>
                <svg
                  aria-labelledby="4gqhgvp-aria"
                  height="20"
                  role="img"
                  viewBox="0 0 120 20"
                  width="120"
                >
                  <title
                    id="4gqhgvp-aria"
                  >
                    Loading...
                  </title>
                  <rect
                    clip-path="url(#4gqhgvp-diff)"
                    height="100%"
                    role="presentation"
                    style="fill: url(#4gqhgvp-animated-diff);"
                    width="100%"
                    x="0"
                    y="0"
                  />
                  <defs>
                    <clippath
                      id="4gqhgvp-diff"
                    >
                      <rect
                        height="12"
                        rx="3"
                        ry="3"
                        width="100"
                        x="0"
                        y="0"
                      />
                    </clippath>
                    <lineargradient
                      gradientTransform="translate(-2 0)"
                      id="4gqhgvp-animated-diff"
                    >
                      <stop
                        offset="0%"
                        stop-color="#f3f3f3"
                        stop-opacity="1"
                      />
                      <stop
                        offset="50%"
                        stop-color="#ecebeb"
                        stop-opacity="1"
                      />
                      <stop
                        offset="100%"
                        stop-color="#f3f3f3"
                        stop-opacity="1"
                      />
                      <animatetransform
                        attributeName="gradientTransform"
                        dur="2s"
                        repeatCount="indefinite"
                        type="translate"
                        values="-2 0; 0 0; 2 0"
                      />
                    </lineargradient>
                  </defs>
                </svg>
              </td>
            </tr>
            <tr
              class="tableRow"
            >
              <td>
                <svg
                  aria-labelledby="2oys3n5-aria"
                  height="20"
                  role="img"
                  viewBox="0 0 120 20"
                  width="120"
                >
                  <title
                    id="2oys3n5-aria"
                  >
                    Loading...
                  </title>
                  <rect
                    clip-path="url(#2oys3n5-diff)"
                    height="100%"
                    role="presentation"
                    style="fill: url(#2oys3n5-animated-diff);"
                    width="100%"
                    x="0"
                    y="0"
                  />
                  <defs>
                    <clippath
                      id="2oys3n5-diff"
                    >
                      <rect
                        height="12"
                        rx="3"
                        ry="3"
                        width="100"
                        x="0"
                        y="0"
                      />
                    </clippath>
                    <lineargradient
                      gradientTransform="translate(-2 0)"
                      id="2oys3n5-animated-diff"
                    >
                      <stop
                        offset="0%"
                        stop-color="#f3f3f3"
                        stop-opacity="1"
                      />
                      <stop
                        offset="50%"
                        stop-color="#ecebeb"
                        stop-opacity="1"
                      />
                      <stop
                        offset="100%"
                        stop-color="#f3f3f3"
                        stop-opacity="1"
                      />
                      <animatetransform
                        attributeName="gradientTransform"
                        dur="2s"
                        repeatCount="indefinite"
                        type="translate"
                        values="-2 0; 0 0; 2 0"
                      />
                    </lineargradient>
                  </defs>
                </svg>
              </td>
              <td>
                <svg
                  aria-labelledby="ipb06g-aria"
                  height="50"
                  role="img"
                  viewBox="0 0 200 50"
                  width="200"
                >
                  <title
                    id="ipb06g-aria"
                  >
                    Loading...
                  </title>
                  <rect
                    clip-path="url(#ipb06g-diff)"
                    height="100%"
                    role="presentation"
                    style="fill: url(#ipb06g-animated-diff);"
                    width="100%"
                    x="0"
                    y="0"
                  />
                  <defs>
                    <clippath
                      id="ipb06g-diff"
                    >
                      <circle
                        cx="20"
                        cy="20"
                        r="20"
                      />
                      <rect
                        height="10"
                        rx="3"
                        ry="3"
                        width="120"
                        x="50"
                        y="5"
                      />
                      <rect
                        height="8"
                        rx="3"
                        ry="3"
                        width="100"
                        x="50"
                        y="20"
                      />
                      <rect
                        height="8"
                        rx="3"
                        ry="3"
                        width="90"
                        x="50"
                        y="34"
                      />
                    </clippath>
                    <lineargradient
                      gradientTransform="translate(-2 0)"
                      id="ipb06g-animated-diff"
                    >
                      <stop
                        offset="0%"
                        stop-color="#f3f3f3"
                        stop-opacity="1"
                      />
                      <stop
                        offset="50%"
                        stop-color="#ecebeb"
                        stop-opacity="1"
                      />
                      <stop
                        offset="100%"
                        stop-color="#f3f3f3"
                        stop-opacity="1"
                      />
                      <animatetransform
                        attributeName="gradientTransform"
                        dur="2s"
                        repeatCount="indefinite"
                        type="translate"
                        values="-2 0; 0 0; 2 0"
                      />
                    </lineargradient>
                  </defs>
                </svg>
              </td>
              <td>
                <svg
                  aria-labelledby="hv3gap-aria"
                  height="20"
                  role="img"
                  viewBox="0 0 120 20"
                  width="120"
                >
                  <title
                    id="hv3gap-aria"
                  >
                    Loading...
                  </title>
                  <rect
                    clip-path="url(#hv3gap-diff)"
                    height="100%"
                    role="presentation"
                    style="fill: url(#hv3gap-animated-diff);"
                    width="100%"
                    x="0"
                    y="0"
                  />
                  <defs>
                    <clippath
                      id="hv3gap-diff"
                    >
                      <rect
                        height="12"
                        rx="3"
                        ry="3"
                        width="100"
                        x="0"
                        y="0"
                      />
                    </clippath>
                    <lineargradient
                      gradientTransform="translate(-2 0)"
                      id="hv3gap-animated-diff"
                    >
                      <stop
                        offset="0%"
                        stop-color="#f3f3f3"
                        stop-opacity="1"
                      />
                      <stop
                        offset="50%"
                        stop-color="#ecebeb"
                        stop-opacity="1"
                      />
                      <stop
                        offset="100%"
                        stop-color="#f3f3f3"
                        stop-opacity="1"
                      />
                      <animatetransform
                        attributeName="gradientTransform"
                        dur="2s"
                        repeatCount="indefinite"
                        type="translate"
                        values="-2 0; 0 0; 2 0"
                      />
                    </lineargradient>
                  </defs>
                </svg>
              </td>
              <td>
                <svg
                  aria-labelledby="0ug4gt-aria"
                  height="20"
                  role="img"
                  viewBox="0 0 120 20"
                  width="120"
                >
                  <title
                    id="0ug4gt-aria"
                  >
                    Loading...
                  </title>
                  <rect
                    clip-path="url(#0ug4gt-diff)"
                    height="100%"
                    role="presentation"
                    style="fill: url(#0ug4gt-animated-diff);"
                    width="100%"
                    x="0"
                    y="0"
                  />
                  <defs>
                    <clippath
                      id="0ug4gt-diff"
                    >
                      <rect
                        height="12"
                        rx="3"
                        ry="3"
                        width="100"
                        x="0"
                        y="0"
                      />
                    </clippath>
                    <lineargradient
                      gradientTransform="translate(-2 0)"
                      id="0ug4gt-animated-diff"
                    >
                      <stop
                        offset="0%"
                        stop-color="#f3f3f3"
                        stop-opacity="1"
                      />
                      <stop
                        offset="50%"
                        stop-color="#ecebeb"
                        stop-opacity="1"
                      />
                      <stop
                        offset="100%"
                        stop-color="#f3f3f3"
                        stop-opacity="1"
                      />
                      <animatetransform
                        attributeName="gradientTransform"
                        dur="2s"
                        repeatCount="indefinite"
                        type="translate"
                        values="-2 0; 0 0; 2 0"
                      />
                    </lineargradient>
                  </defs>
                </svg>
              </td>
              <td>
                <svg
                  aria-labelledby="u0harr5-aria"
                  height="20"
                  role="img"
                  viewBox="0 0 120 20"
                  width="120"
                >
                  <title
                    id="u0harr5-aria"
                  >
                    Loading...
                  </title>
                  <rect
                    clip-path="url(#u0harr5-diff)"
                    height="100%"
                    role="presentation"
                    style="fill: url(#u0harr5-animated-diff);"
                    width="100%"
                    x="0"
                    y="0"
                  />
                  <defs>
                    <clippath
                      id="u0harr5-diff"
                    >
                      <rect
                        height="12"
                        rx="3"
                        ry="3"
                        width="100"
                        x="0"
                        y="0"
                      />
                    </clippath>
                    <lineargradient
                      gradientTransform="translate(-2 0)"
                      id="u0harr5-animated-diff"
                    >
                      <stop
                        offset="0%"
                        stop-color="#f3f3f3"
                        stop-opacity="1"
                      />
                      <stop
                        offset="50%"
                        stop-color="#ecebeb"
                        stop-opacity="1"
                      />
                      <stop
                        offset="100%"
                        stop-color="#f3f3f3"
                        stop-opacity="1"
                      />
                      <animatetransform
                        attributeName="gradientTransform"
                        dur="2s"
                        repeatCount="indefinite"
                        type="translate"
                        values="-2 0; 0 0; 2 0"
                      />
                    </lineargradient>
                  </defs>
                </svg>
              </td>
              <td>
                <svg
                  aria-labelledby="2n0eyz-aria"
                  height="24"
                  role="img"
                  viewBox="0 0 100 24"
                  width="100"
                >
                  <title
                    id="2n0eyz-aria"
                  >
                    Loading...
                  </title>
                  <rect
                    clip-path="url(#2n0eyz-diff)"
                    height="100%"
                    role="presentation"
                    style="fill: url(#2n0eyz-animated-diff);"
                    width="100%"
                    x="0"
                    y="0"
                  />
                  <defs>
                    <clippath
                      id="2n0eyz-diff"
                    >
                      <rect
                        height="24"
                        rx="12"
                        ry="12"
                        width="80"
                        x="0"
                        y="0"
                      />
                    </clippath>
                    <lineargradient
                      gradientTransform="translate(-2 0)"
                      id="2n0eyz-animated-diff"
                    >
                      <stop
                        offset="0%"
                        stop-color="#f3f3f3"
                        stop-opacity="1"
                      />
                      <stop
                        offset="50%"
                        stop-color="#ecebeb"
                        stop-opacity="1"
                      />
                      <stop
                        offset="100%"
                        stop-color="#f3f3f3"
                        stop-opacity="1"
                      />
                      <animatetransform
                        attributeName="gradientTransform"
                        dur="2s"
                        repeatCount="indefinite"
                        type="translate"
                        values="-2 0; 0 0; 2 0"
                      />
                    </lineargradient>
                  </defs>
                </svg>
              </td>
              <td>
                <svg
                  aria-labelledby="4h1xt5e-aria"
                  height="20"
                  role="img"
                  viewBox="0 0 120 20"
                  width="120"
                >
                  <title
                    id="4h1xt5e-aria"
                  >
                    Loading...
                  </title>
                  <rect
                    clip-path="url(#4h1xt5e-diff)"
                    height="100%"
                    role="presentation"
                    style="fill: url(#4h1xt5e-animated-diff);"
                    width="100%"
                    x="0"
                    y="0"
                  />
                  <defs>
                    <clippath
                      id="4h1xt5e-diff"
                    >
                      <rect
                        height="12"
                        rx="3"
                        ry="3"
                        width="100"
                        x="0"
                        y="0"
                      />
                    </clippath>
                    <lineargradient
                      gradientTransform="translate(-2 0)"
                      id="4h1xt5e-animated-diff"
                    >
                      <stop
                        offset="0%"
                        stop-color="#f3f3f3"
                        stop-opacity="1"
                      />
                      <stop
                        offset="50%"
                        stop-color="#ecebeb"
                        stop-opacity="1"
                      />
                      <stop
                        offset="100%"
                        stop-color="#f3f3f3"
                        stop-opacity="1"
                      />
                      <animatetransform
                        attributeName="gradientTransform"
                        dur="2s"
                        repeatCount="indefinite"
                        type="translate"
                        values="-2 0; 0 0; 2 0"
                      />
                    </lineargradient>
                  </defs>
                </svg>
              </td>
            </tr>
            <tr
              class="tableRow"
            >
              <td>
                <svg
                  aria-labelledby="xgu7en-aria"
                  height="20"
                  role="img"
                  viewBox="0 0 120 20"
                  width="120"
                >
                  <title
                    id="xgu7en-aria"
                  >
                    Loading...
                  </title>
                  <rect
                    clip-path="url(#xgu7en-diff)"
                    height="100%"
                    role="presentation"
                    style="fill: url(#xgu7en-animated-diff);"
                    width="100%"
                    x="0"
                    y="0"
                  />
                  <defs>
                    <clippath
                      id="xgu7en-diff"
                    >
                      <rect
                        height="12"
                        rx="3"
                        ry="3"
                        width="100"
                        x="0"
                        y="0"
                      />
                    </clippath>
                    <lineargradient
                      gradientTransform="translate(-2 0)"
                      id="xgu7en-animated-diff"
                    >
                      <stop
                        offset="0%"
                        stop-color="#f3f3f3"
                        stop-opacity="1"
                      />
                      <stop
                        offset="50%"
                        stop-color="#ecebeb"
                        stop-opacity="1"
                      />
                      <stop
                        offset="100%"
                        stop-color="#f3f3f3"
                        stop-opacity="1"
                      />
                      <animatetransform
                        attributeName="gradientTransform"
                        dur="2s"
                        repeatCount="indefinite"
                        type="translate"
                        values="-2 0; 0 0; 2 0"
                      />
                    </lineargradient>
                  </defs>
                </svg>
              </td>
              <td>
                <svg
                  aria-labelledby="s3kx607-aria"
                  height="50"
                  role="img"
                  viewBox="0 0 200 50"
                  width="200"
                >
                  <title
                    id="s3kx607-aria"
                  >
                    Loading...
                  </title>
                  <rect
                    clip-path="url(#s3kx607-diff)"
                    height="100%"
                    role="presentation"
                    style="fill: url(#s3kx607-animated-diff);"
                    width="100%"
                    x="0"
                    y="0"
                  />
                  <defs>
                    <clippath
                      id="s3kx607-diff"
                    >
                      <circle
                        cx="20"
                        cy="20"
                        r="20"
                      />
                      <rect
                        height="10"
                        rx="3"
                        ry="3"
                        width="120"
                        x="50"
                        y="5"
                      />
                      <rect
                        height="8"
                        rx="3"
                        ry="3"
                        width="100"
                        x="50"
                        y="20"
                      />
                      <rect
                        height="8"
                        rx="3"
                        ry="3"
                        width="90"
                        x="50"
                        y="34"
                      />
                    </clippath>
                    <lineargradient
                      gradientTransform="translate(-2 0)"
                      id="s3kx607-animated-diff"
                    >
                      <stop
                        offset="0%"
                        stop-color="#f3f3f3"
                        stop-opacity="1"
                      />
                      <stop
                        offset="50%"
                        stop-color="#ecebeb"
                        stop-opacity="1"
                      />
                      <stop
                        offset="100%"
                        stop-color="#f3f3f3"
                        stop-opacity="1"
                      />
                      <animatetransform
                        attributeName="gradientTransform"
                        dur="2s"
                        repeatCount="indefinite"
                        type="translate"
                        values="-2 0; 0 0; 2 0"
                      />
                    </lineargradient>
                  </defs>
                </svg>
              </td>
              <td>
                <svg
                  aria-labelledby="2gwwvlm-aria"
                  height="20"
                  role="img"
                  viewBox="0 0 120 20"
                  width="120"
                >
                  <title
                    id="2gwwvlm-aria"
                  >
                    Loading...
                  </title>
                  <rect
                    clip-path="url(#2gwwvlm-diff)"
                    height="100%"
                    role="presentation"
                    style="fill: url(#2gwwvlm-animated-diff);"
                    width="100%"
                    x="0"
                    y="0"
                  />
                  <defs>
                    <clippath
                      id="2gwwvlm-diff"
                    >
                      <rect
                        height="12"
                        rx="3"
                        ry="3"
                        width="100"
                        x="0"
                        y="0"
                      />
                    </clippath>
                    <lineargradient
                      gradientTransform="translate(-2 0)"
                      id="2gwwvlm-animated-diff"
                    >
                      <stop
                        offset="0%"
                        stop-color="#f3f3f3"
                        stop-opacity="1"
                      />
                      <stop
                        offset="50%"
                        stop-color="#ecebeb"
                        stop-opacity="1"
                      />
                      <stop
                        offset="100%"
                        stop-color="#f3f3f3"
                        stop-opacity="1"
                      />
                      <animatetransform
                        attributeName="gradientTransform"
                        dur="2s"
                        repeatCount="indefinite"
                        type="translate"
                        values="-2 0; 0 0; 2 0"
                      />
                    </lineargradient>
                  </defs>
                </svg>
              </td>
              <td>
                <svg
                  aria-labelledby="bkqux6j-aria"
                  height="20"
                  role="img"
                  viewBox="0 0 120 20"
                  width="120"
                >
                  <title
                    id="bkqux6j-aria"
                  >
                    Loading...
                  </title>
                  <rect
                    clip-path="url(#bkqux6j-diff)"
                    height="100%"
                    role="presentation"
                    style="fill: url(#bkqux6j-animated-diff);"
                    width="100%"
                    x="0"
                    y="0"
                  />
                  <defs>
                    <clippath
                      id="bkqux6j-diff"
                    >
                      <rect
                        height="12"
                        rx="3"
                        ry="3"
                        width="100"
                        x="0"
                        y="0"
                      />
                    </clippath>
                    <lineargradient
                      gradientTransform="translate(-2 0)"
                      id="bkqux6j-animated-diff"
                    >
                      <stop
                        offset="0%"
                        stop-color="#f3f3f3"
                        stop-opacity="1"
                      />
                      <stop
                        offset="50%"
                        stop-color="#ecebeb"
                        stop-opacity="1"
                      />
                      <stop
                        offset="100%"
                        stop-color="#f3f3f3"
                        stop-opacity="1"
                      />
                      <animatetransform
                        attributeName="gradientTransform"
                        dur="2s"
                        repeatCount="indefinite"
                        type="translate"
                        values="-2 0; 0 0; 2 0"
                      />
                    </lineargradient>
                  </defs>
                </svg>
              </td>
              <td>
                <svg
                  aria-labelledby="pb5z38a-aria"
                  height="20"
                  role="img"
                  viewBox="0 0 120 20"
                  width="120"
                >
                  <title
                    id="pb5z38a-aria"
                  >
                    Loading...
                  </title>
                  <rect
                    clip-path="url(#pb5z38a-diff)"
                    height="100%"
                    role="presentation"
                    style="fill: url(#pb5z38a-animated-diff);"
                    width="100%"
                    x="0"
                    y="0"
                  />
                  <defs>
                    <clippath
                      id="pb5z38a-diff"
                    >
                      <rect
                        height="12"
                        rx="3"
                        ry="3"
                        width="100"
                        x="0"
                        y="0"
                      />
                    </clippath>
                    <lineargradient
                      gradientTransform="translate(-2 0)"
                      id="pb5z38a-animated-diff"
                    >
                      <stop
                        offset="0%"
                        stop-color="#f3f3f3"
                        stop-opacity="1"
                      />
                      <stop
                        offset="50%"
                        stop-color="#ecebeb"
                        stop-opacity="1"
                      />
                      <stop
                        offset="100%"
                        stop-color="#f3f3f3"
                        stop-opacity="1"
                      />
                      <animatetransform
                        attributeName="gradientTransform"
                        dur="2s"
                        repeatCount="indefinite"
                        type="translate"
                        values="-2 0; 0 0; 2 0"
                      />
                    </lineargradient>
                  </defs>
                </svg>
              </td>
              <td>
                <svg
                  aria-labelledby="w8y7fye-aria"
                  height="24"
                  role="img"
                  viewBox="0 0 100 24"
                  width="100"
                >
                  <title
                    id="w8y7fye-aria"
                  >
                    Loading...
                  </title>
                  <rect
                    clip-path="url(#w8y7fye-diff)"
                    height="100%"
                    role="presentation"
                    style="fill: url(#w8y7fye-animated-diff);"
                    width="100%"
                    x="0"
                    y="0"
                  />
                  <defs>
                    <clippath
                      id="w8y7fye-diff"
                    >
                      <rect
                        height="24"
                        rx="12"
                        ry="12"
                        width="80"
                        x="0"
                        y="0"
                      />
                    </clippath>
                    <lineargradient
                      gradientTransform="translate(-2 0)"
                      id="w8y7fye-animated-diff"
                    >
                      <stop
                        offset="0%"
                        stop-color="#f3f3f3"
                        stop-opacity="1"
                      />
                      <stop
                        offset="50%"
                        stop-color="#ecebeb"
                        stop-opacity="1"
                      />
                      <stop
                        offset="100%"
                        stop-color="#f3f3f3"
                        stop-opacity="1"
                      />
                      <animatetransform
                        attributeName="gradientTransform"
                        dur="2s"
                        repeatCount="indefinite"
                        type="translate"
                        values="-2 0; 0 0; 2 0"
                      />
                    </lineargradient>
                  </defs>
                </svg>
              </td>
              <td>
                <svg
                  aria-labelledby="a1umf6-aria"
                  height="20"
                  role="img"
                  viewBox="0 0 120 20"
                  width="120"
                >
                  <title
                    id="a1umf6-aria"
                  >
                    Loading...
                  </title>
                  <rect
                    clip-path="url(#a1umf6-diff)"
                    height="100%"
                    role="presentation"
                    style="fill: url(#a1umf6-animated-diff);"
                    width="100%"
                    x="0"
                    y="0"
                  />
                  <defs>
                    <clippath
                      id="a1umf6-diff"
                    >
                      <rect
                        height="12"
                        rx="3"
                        ry="3"
                        width="100"
                        x="0"
                        y="0"
                      />
                    </clippath>
                    <lineargradient
                      gradientTransform="translate(-2 0)"
                      id="a1umf6-animated-diff"
                    >
                      <stop
                        offset="0%"
                        stop-color="#f3f3f3"
                        stop-opacity="1"
                      />
                      <stop
                        offset="50%"
                        stop-color="#ecebeb"
                        stop-opacity="1"
                      />
                      <stop
                        offset="100%"
                        stop-color="#f3f3f3"
                        stop-opacity="1"
                      />
                      <animatetransform
                        attributeName="gradientTransform"
                        dur="2s"
                        repeatCount="indefinite"
                        type="translate"
                        values="-2 0; 0 0; 2 0"
                      />
                    </lineargradient>
                  </defs>
                </svg>
              </td>
            </tr>
            <tr
              class="tableRow"
            >
              <td>
                <svg
                  aria-labelledby="oypmdg-aria"
                  height="20"
                  role="img"
                  viewBox="0 0 120 20"
                  width="120"
                >
                  <title
                    id="oypmdg-aria"
                  >
                    Loading...
                  </title>
                  <rect
                    clip-path="url(#oypmdg-diff)"
                    height="100%"
                    role="presentation"
                    style="fill: url(#oypmdg-animated-diff);"
                    width="100%"
                    x="0"
                    y="0"
                  />
                  <defs>
                    <clippath
                      id="oypmdg-diff"
                    >
                      <rect
                        height="12"
                        rx="3"
                        ry="3"
                        width="100"
                        x="0"
                        y="0"
                      />
                    </clippath>
                    <lineargradient
                      gradientTransform="translate(-2 0)"
                      id="oypmdg-animated-diff"
                    >
                      <stop
                        offset="0%"
                        stop-color="#f3f3f3"
                        stop-opacity="1"
                      />
                      <stop
                        offset="50%"
                        stop-color="#ecebeb"
                        stop-opacity="1"
                      />
                      <stop
                        offset="100%"
                        stop-color="#f3f3f3"
                        stop-opacity="1"
                      />
                      <animatetransform
                        attributeName="gradientTransform"
                        dur="2s"
                        repeatCount="indefinite"
                        type="translate"
                        values="-2 0; 0 0; 2 0"
                      />
                    </lineargradient>
                  </defs>
                </svg>
              </td>
              <td>
                <svg
                  aria-labelledby="ta2fh5j-aria"
                  height="50"
                  role="img"
                  viewBox="0 0 200 50"
                  width="200"
                >
                  <title
                    id="ta2fh5j-aria"
                  >
                    Loading...
                  </title>
                  <rect
                    clip-path="url(#ta2fh5j-diff)"
                    height="100%"
                    role="presentation"
                    style="fill: url(#ta2fh5j-animated-diff);"
                    width="100%"
                    x="0"
                    y="0"
                  />
                  <defs>
                    <clippath
                      id="ta2fh5j-diff"
                    >
                      <circle
                        cx="20"
                        cy="20"
                        r="20"
                      />
                      <rect
                        height="10"
                        rx="3"
                        ry="3"
                        width="120"
                        x="50"
                        y="5"
                      />
                      <rect
                        height="8"
                        rx="3"
                        ry="3"
                        width="100"
                        x="50"
                        y="20"
                      />
                      <rect
                        height="8"
                        rx="3"
                        ry="3"
                        width="90"
                        x="50"
                        y="34"
                      />
                    </clippath>
                    <lineargradient
                      gradientTransform="translate(-2 0)"
                      id="ta2fh5j-animated-diff"
                    >
                      <stop
                        offset="0%"
                        stop-color="#f3f3f3"
                        stop-opacity="1"
                      />
                      <stop
                        offset="50%"
                        stop-color="#ecebeb"
                        stop-opacity="1"
                      />
                      <stop
                        offset="100%"
                        stop-color="#f3f3f3"
                        stop-opacity="1"
                      />
                      <animatetransform
                        attributeName="gradientTransform"
                        dur="2s"
                        repeatCount="indefinite"
                        type="translate"
                        values="-2 0; 0 0; 2 0"
                      />
                    </lineargradient>
                  </defs>
                </svg>
              </td>
              <td>
                <svg
                  aria-labelledby="2u2z1l5-aria"
                  height="20"
                  role="img"
                  viewBox="0 0 120 20"
                  width="120"
                >
                  <title
                    id="2u2z1l5-aria"
                  >
                    Loading...
                  </title>
                  <rect
                    clip-path="url(#2u2z1l5-diff)"
                    height="100%"
                    role="presentation"
                    style="fill: url(#2u2z1l5-animated-diff);"
                    width="100%"
                    x="0"
                    y="0"
                  />
                  <defs>
                    <clippath
                      id="2u2z1l5-diff"
                    >
                      <rect
                        height="12"
                        rx="3"
                        ry="3"
                        width="100"
                        x="0"
                        y="0"
                      />
                    </clippath>
                    <lineargradient
                      gradientTransform="translate(-2 0)"
                      id="2u2z1l5-animated-diff"
                    >
                      <stop
                        offset="0%"
                        stop-color="#f3f3f3"
                        stop-opacity="1"
                      />
                      <stop
                        offset="50%"
                        stop-color="#ecebeb"
                        stop-opacity="1"
                      />
                      <stop
                        offset="100%"
                        stop-color="#f3f3f3"
                        stop-opacity="1"
                      />
                      <animatetransform
                        attributeName="gradientTransform"
                        dur="2s"
                        repeatCount="indefinite"
                        type="translate"
                        values="-2 0; 0 0; 2 0"
                      />
                    </lineargradient>
                  </defs>
                </svg>
              </td>
              <td>
                <svg
                  aria-labelledby="er8487m9-aria"
                  height="20"
                  role="img"
                  viewBox="0 0 120 20"
                  width="120"
                >
                  <title
                    id="er8487m9-aria"
                  >
                    Loading...
                  </title>
                  <rect
                    clip-path="url(#er8487m9-diff)"
                    height="100%"
                    role="presentation"
                    style="fill: url(#er8487m9-animated-diff);"
                    width="100%"
                    x="0"
                    y="0"
                  />
                  <defs>
                    <clippath
                      id="er8487m9-diff"
                    >
                      <rect
                        height="12"
                        rx="3"
                        ry="3"
                        width="100"
                        x="0"
                        y="0"
                      />
                    </clippath>
                    <lineargradient
                      gradientTransform="translate(-2 0)"
                      id="er8487m9-animated-diff"
                    >
                      <stop
                        offset="0%"
                        stop-color="#f3f3f3"
                        stop-opacity="1"
                      />
                      <stop
                        offset="50%"
                        stop-color="#ecebeb"
                        stop-opacity="1"
                      />
                      <stop
                        offset="100%"
                        stop-color="#f3f3f3"
                        stop-opacity="1"
                      />
                      <animatetransform
                        attributeName="gradientTransform"
                        dur="2s"
                        repeatCount="indefinite"
                        type="translate"
                        values="-2 0; 0 0; 2 0"
                      />
                    </lineargradient>
                  </defs>
                </svg>
              </td>
              <td>
                <svg
                  aria-labelledby="kc1lwsw-aria"
                  height="20"
                  role="img"
                  viewBox="0 0 120 20"
                  width="120"
                >
                  <title
                    id="kc1lwsw-aria"
                  >
                    Loading...
                  </title>
                  <rect
                    clip-path="url(#kc1lwsw-diff)"
                    height="100%"
                    role="presentation"
                    style="fill: url(#kc1lwsw-animated-diff);"
                    width="100%"
                    x="0"
                    y="0"
                  />
                  <defs>
                    <clippath
                      id="kc1lwsw-diff"
                    >
                      <rect
                        height="12"
                        rx="3"
                        ry="3"
                        width="100"
                        x="0"
                        y="0"
                      />
                    </clippath>
                    <lineargradient
                      gradientTransform="translate(-2 0)"
                      id="kc1lwsw-animated-diff"
                    >
                      <stop
                        offset="0%"
                        stop-color="#f3f3f3"
                        stop-opacity="1"
                      />
                      <stop
                        offset="50%"
                        stop-color="#ecebeb"
                        stop-opacity="1"
                      />
                      <stop
                        offset="100%"
                        stop-color="#f3f3f3"
                        stop-opacity="1"
                      />
                      <animatetransform
                        attributeName="gradientTransform"
                        dur="2s"
                        repeatCount="indefinite"
                        type="translate"
                        values="-2 0; 0 0; 2 0"
                      />
                    </lineargradient>
                  </defs>
                </svg>
              </td>
              <td>
                <svg
                  aria-labelledby="6i037cb-aria"
                  height="24"
                  role="img"
                  viewBox="0 0 100 24"
                  width="100"
                >
                  <title
                    id="6i037cb-aria"
                  >
                    Loading...
                  </title>
                  <rect
                    clip-path="url(#6i037cb-diff)"
                    height="100%"
                    role="presentation"
                    style="fill: url(#6i037cb-animated-diff);"
                    width="100%"
                    x="0"
                    y="0"
                  />
                  <defs>
                    <clippath
                      id="6i037cb-diff"
                    >
                      <rect
                        height="24"
                        rx="12"
                        ry="12"
                        width="80"
                        x="0"
                        y="0"
                      />
                    </clippath>
                    <lineargradient
                      gradientTransform="translate(-2 0)"
                      id="6i037cb-animated-diff"
                    >
                      <stop
                        offset="0%"
                        stop-color="#f3f3f3"
                        stop-opacity="1"
                      />
                      <stop
                        offset="50%"
                        stop-color="#ecebeb"
                        stop-opacity="1"
                      />
                      <stop
                        offset="100%"
                        stop-color="#f3f3f3"
                        stop-opacity="1"
                      />
                      <animatetransform
                        attributeName="gradientTransform"
                        dur="2s"
                        repeatCount="indefinite"
                        type="translate"
                        values="-2 0; 0 0; 2 0"
                      />
                    </lineargradient>
                  </defs>
                </svg>
              </td>
              <td>
                <svg
                  aria-labelledby="xjvrjo6-aria"
                  height="20"
                  role="img"
                  viewBox="0 0 120 20"
                  width="120"
                >
                  <title
                    id="xjvrjo6-aria"
                  >
                    Loading...
                  </title>
                  <rect
                    clip-path="url(#xjvrjo6-diff)"
                    height="100%"
                    role="presentation"
                    style="fill: url(#xjvrjo6-animated-diff);"
                    width="100%"
                    x="0"
                    y="0"
                  />
                  <defs>
                    <clippath
                      id="xjvrjo6-diff"
                    >
                      <rect
                        height="12"
                        rx="3"
                        ry="3"
                        width="100"
                        x="0"
                        y="0"
                      />
                    </clippath>
                    <lineargradient
                      gradientTransform="translate(-2 0)"
                      id="xjvrjo6-animated-diff"
                    >
                      <stop
                        offset="0%"
                        stop-color="#f3f3f3"
                        stop-opacity="1"
                      />
                      <stop
                        offset="50%"
                        stop-color="#ecebeb"
                        stop-opacity="1"
                      />
                      <stop
                        offset="100%"
                        stop-color="#f3f3f3"
                        stop-opacity="1"
                      />
                      <animatetransform
                        attributeName="gradientTransform"
                        dur="2s"
                        repeatCount="indefinite"
                        type="translate"
                        values="-2 0; 0 0; 2 0"
                      />
                    </lineargradient>
                  </defs>
                </svg>
              </td>
            </tr>
            <tr
              class="tableRow"
            >
              <td>
                <svg
                  aria-labelledby="nyfmr3w-aria"
                  height="20"
                  role="img"
                  viewBox="0 0 120 20"
                  width="120"
                >
                  <title
                    id="nyfmr3w-aria"
                  >
                    Loading...
                  </title>
                  <rect
                    clip-path="url(#nyfmr3w-diff)"
                    height="100%"
                    role="presentation"
                    style="fill: url(#nyfmr3w-animated-diff);"
                    width="100%"
                    x="0"
                    y="0"
                  />
                  <defs>
                    <clippath
                      id="nyfmr3w-diff"
                    >
                      <rect
                        height="12"
                        rx="3"
                        ry="3"
                        width="100"
                        x="0"
                        y="0"
                      />
                    </clippath>
                    <lineargradient
                      gradientTransform="translate(-2 0)"
                      id="nyfmr3w-animated-diff"
                    >
                      <stop
                        offset="0%"
                        stop-color="#f3f3f3"
                        stop-opacity="1"
                      />
                      <stop
                        offset="50%"
                        stop-color="#ecebeb"
                        stop-opacity="1"
                      />
                      <stop
                        offset="100%"
                        stop-color="#f3f3f3"
                        stop-opacity="1"
                      />
                      <animatetransform
                        attributeName="gradientTransform"
                        dur="2s"
                        repeatCount="indefinite"
                        type="translate"
                        values="-2 0; 0 0; 2 0"
                      />
                    </lineargradient>
                  </defs>
                </svg>
              </td>
              <td>
                <svg
                  aria-labelledby="0ca77k8-aria"
                  height="50"
                  role="img"
                  viewBox="0 0 200 50"
                  width="200"
                >
                  <title
                    id="0ca77k8-aria"
                  >
                    Loading...
                  </title>
                  <rect
                    clip-path="url(#0ca77k8-diff)"
                    height="100%"
                    role="presentation"
                    style="fill: url(#0ca77k8-animated-diff);"
                    width="100%"
                    x="0"
                    y="0"
                  />
                  <defs>
                    <clippath
                      id="0ca77k8-diff"
                    >
                      <circle
                        cx="20"
                        cy="20"
                        r="20"
                      />
                      <rect
                        height="10"
                        rx="3"
                        ry="3"
                        width="120"
                        x="50"
                        y="5"
                      />
                      <rect
                        height="8"
                        rx="3"
                        ry="3"
                        width="100"
                        x="50"
                        y="20"
                      />
                      <rect
                        height="8"
                        rx="3"
                        ry="3"
                        width="90"
                        x="50"
                        y="34"
                      />
                    </clippath>
                    <lineargradient
                      gradientTransform="translate(-2 0)"
                      id="0ca77k8-animated-diff"
                    >
                      <stop
                        offset="0%"
                        stop-color="#f3f3f3"
                        stop-opacity="1"
                      />
                      <stop
                        offset="50%"
                        stop-color="#ecebeb"
                        stop-opacity="1"
                      />
                      <stop
                        offset="100%"
                        stop-color="#f3f3f3"
                        stop-opacity="1"
                      />
                      <animatetransform
                        attributeName="gradientTransform"
                        dur="2s"
                        repeatCount="indefinite"
                        type="translate"
                        values="-2 0; 0 0; 2 0"
                      />
                    </lineargradient>
                  </defs>
                </svg>
              </td>
              <td>
                <svg
                  aria-labelledby="po1211b-aria"
                  height="20"
                  role="img"
                  viewBox="0 0 120 20"
                  width="120"
                >
                  <title
                    id="po1211b-aria"
                  >
                    Loading...
                  </title>
                  <rect
                    clip-path="url(#po1211b-diff)"
                    height="100%"
                    role="presentation"
                    style="fill: url(#po1211b-animated-diff);"
                    width="100%"
                    x="0"
                    y="0"
                  />
                  <defs>
                    <clippath
                      id="po1211b-diff"
                    >
                      <rect
                        height="12"
                        rx="3"
                        ry="3"
                        width="100"
                        x="0"
                        y="0"
                      />
                    </clippath>
                    <lineargradient
                      gradientTransform="translate(-2 0)"
                      id="po1211b-animated-diff"
                    >
                      <stop
                        offset="0%"
                        stop-color="#f3f3f3"
                        stop-opacity="1"
                      />
                      <stop
                        offset="50%"
                        stop-color="#ecebeb"
                        stop-opacity="1"
                      />
                      <stop
                        offset="100%"
                        stop-color="#f3f3f3"
                        stop-opacity="1"
                      />
                      <animatetransform
                        attributeName="gradientTransform"
                        dur="2s"
                        repeatCount="indefinite"
                        type="translate"
                        values="-2 0; 0 0; 2 0"
                      />
                    </lineargradient>
                  </defs>
                </svg>
              </td>
              <td>
                <svg
                  aria-labelledby="hinrtp6-aria"
                  height="20"
                  role="img"
                  viewBox="0 0 120 20"
                  width="120"
                >
                  <title
                    id="hinrtp6-aria"
                  >
                    Loading...
                  </title>
                  <rect
                    clip-path="url(#hinrtp6-diff)"
                    height="100%"
                    role="presentation"
                    style="fill: url(#hinrtp6-animated-diff);"
                    width="100%"
                    x="0"
                    y="0"
                  />
                  <defs>
                    <clippath
                      id="hinrtp6-diff"
                    >
                      <rect
                        height="12"
                        rx="3"
                        ry="3"
                        width="100"
                        x="0"
                        y="0"
                      />
                    </clippath>
                    <lineargradient
                      gradientTransform="translate(-2 0)"
                      id="hinrtp6-animated-diff"
                    >
                      <stop
                        offset="0%"
                        stop-color="#f3f3f3"
                        stop-opacity="1"
                      />
                      <stop
                        offset="50%"
                        stop-color="#ecebeb"
                        stop-opacity="1"
                      />
                      <stop
                        offset="100%"
                        stop-color="#f3f3f3"
                        stop-opacity="1"
                      />
                      <animatetransform
                        attributeName="gradientTransform"
                        dur="2s"
                        repeatCount="indefinite"
                        type="translate"
                        values="-2 0; 0 0; 2 0"
                      />
                    </lineargradient>
                  </defs>
                </svg>
              </td>
              <td>
                <svg
                  aria-labelledby="7guxidb-aria"
                  height="20"
                  role="img"
                  viewBox="0 0 120 20"
                  width="120"
                >
                  <title
                    id="7guxidb-aria"
                  >
                    Loading...
                  </title>
                  <rect
                    clip-path="url(#7guxidb-diff)"
                    height="100%"
                    role="presentation"
                    style="fill: url(#7guxidb-animated-diff);"
                    width="100%"
                    x="0"
                    y="0"
                  />
                  <defs>
                    <clippath
                      id="7guxidb-diff"
                    >
                      <rect
                        height="12"
                        rx="3"
                        ry="3"
                        width="100"
                        x="0"
                        y="0"
                      />
                    </clippath>
                    <lineargradient
                      gradientTransform="translate(-2 0)"
                      id="7guxidb-animated-diff"
                    >
                      <stop
                        offset="0%"
                        stop-color="#f3f3f3"
                        stop-opacity="1"
                      />
                      <stop
                        offset="50%"
                        stop-color="#ecebeb"
                        stop-opacity="1"
                      />
                      <stop
                        offset="100%"
                        stop-color="#f3f3f3"
                        stop-opacity="1"
                      />
                      <animatetransform
                        attributeName="gradientTransform"
                        dur="2s"
                        repeatCount="indefinite"
                        type="translate"
                        values="-2 0; 0 0; 2 0"
                      />
                    </lineargradient>
                  </defs>
                </svg>
              </td>
              <td>
                <svg
                  aria-labelledby="olrjgt-aria"
                  height="24"
                  role="img"
                  viewBox="0 0 100 24"
                  width="100"
                >
                  <title
                    id="olrjgt-aria"
                  >
                    Loading...
                  </title>
                  <rect
                    clip-path="url(#olrjgt-diff)"
                    height="100%"
                    role="presentation"
                    style="fill: url(#olrjgt-animated-diff);"
                    width="100%"
                    x="0"
                    y="0"
                  />
                  <defs>
                    <clippath
                      id="olrjgt-diff"
                    >
                      <rect
                        height="24"
                        rx="12"
                        ry="12"
                        width="80"
                        x="0"
                        y="0"
                      />
                    </clippath>
                    <lineargradient
                      gradientTransform="translate(-2 0)"
                      id="olrjgt-animated-diff"
                    >
                      <stop
                        offset="0%"
                        stop-color="#f3f3f3"
                        stop-opacity="1"
                      />
                      <stop
                        offset="50%"
                        stop-color="#ecebeb"
                        stop-opacity="1"
                      />
                      <stop
                        offset="100%"
                        stop-color="#f3f3f3"
                        stop-opacity="1"
                      />
                      <animatetransform
                        attributeName="gradientTransform"
                        dur="2s"
                        repeatCount="indefinite"
                        type="translate"
                        values="-2 0; 0 0; 2 0"
                      />
                    </lineargradient>
                  </defs>
                </svg>
              </td>
              <td>
                <svg
                  aria-labelledby="ecfqtr-aria"
                  height="20"
                  role="img"
                  viewBox="0 0 120 20"
                  width="120"
                >
                  <title
                    id="ecfqtr-aria"
                  >
                    Loading...
                  </title>
                  <rect
                    clip-path="url(#ecfqtr-diff)"
                    height="100%"
                    role="presentation"
                    style="fill: url(#ecfqtr-animated-diff);"
                    width="100%"
                    x="0"
                    y="0"
                  />
                  <defs>
                    <clippath
                      id="ecfqtr-diff"
                    >
                      <rect
                        height="12"
                        rx="3"
                        ry="3"
                        width="100"
                        x="0"
                        y="0"
                      />
                    </clippath>
                    <lineargradient
                      gradientTransform="translate(-2 0)"
                      id="ecfqtr-animated-diff"
                    >
                      <stop
                        offset="0%"
                        stop-color="#f3f3f3"
                        stop-opacity="1"
                      />
                      <stop
                        offset="50%"
                        stop-color="#ecebeb"
                        stop-opacity="1"
                      />
                      <stop
                        offset="100%"
                        stop-color="#f3f3f3"
                        stop-opacity="1"
                      />
                      <animatetransform
                        attributeName="gradientTransform"
                        dur="2s"
                        repeatCount="indefinite"
                        type="translate"
                        values="-2 0; 0 0; 2 0"
                      />
                    </lineargradient>
                  </defs>
                </svg>
              </td>
            </tr>
          </tbody>
        </table>
      </div>
    </div>
  </div>
</DocumentFragment>
`;
