// Jest Snapshot v1, https://jestjs.io/docs/snapshot-testing

exports[`Home matches snapshot 1`] = `
<DocumentFragment>
  <div
    class="cardBody"
  >
    <div
      class="cardBodyResponsive"
    >
      <table
        class="cardBodyTable"
      >
        <thead>
          <tr>
            <th>
              Booking ID
            </th>
            <th>
              Customer
            </th>
            <th>
              Tour
            </th>
            <th>
              Date
            </th>
            <th>
              Slots
            </th>
            <th>
              Status
            </th>
            <th>
              Amount
            </th>
          </tr>
        </thead>
        <tbody>
          <tr
            class="tableRow"
          >
            <td>
              <svg
                aria-labelledby="pgm3zhj-aria"
                height="20"
                role="img"
                viewBox="0 0 120 20"
                width="120"
              >
                <title
                  id="pgm3zhj-aria"
                >
                  Loading...
                </title>
                <rect
                  clip-path="url(#pgm3zhj-diff)"
                  height="100%"
                  role="presentation"
                  style="fill: url(#pgm3zhj-animated-diff);"
                  width="100%"
                  x="0"
                  y="0"
                />
                <defs>
                  <clippath
                    id="pgm3zhj-diff"
                  >
                    <rect
                      height="12"
                      rx="3"
                      ry="3"
                      width="100"
                      x="0"
                      y="0"
                    />
                  </clippath>
                  <lineargradient
                    gradientTransform="translate(-2 0)"
                    id="pgm3zhj-animated-diff"
                  >
                    <stop
                      offset="0%"
                      stop-color="#f3f3f3"
                      stop-opacity="1"
                    />
                    <stop
                      offset="50%"
                      stop-color="#ecebeb"
                      stop-opacity="1"
                    />
                    <stop
                      offset="100%"
                      stop-color="#f3f3f3"
                      stop-opacity="1"
                    />
                    <animatetransform
                      attributeName="gradientTransform"
                      dur="2s"
                      repeatCount="indefinite"
                      type="translate"
                      values="-2 0; 0 0; 2 0"
                    />
                  </lineargradient>
                </defs>
              </svg>
            </td>
            <td>
              <svg
                aria-labelledby="qi8u4j-aria"
                height="50"
                role="img"
                viewBox="0 0 200 50"
                width="200"
              >
                <title
                  id="qi8u4j-aria"
                >
                  Loading...
                </title>
                <rect
                  clip-path="url(#qi8u4j-diff)"
                  height="100%"
                  role="presentation"
                  style="fill: url(#qi8u4j-animated-diff);"
                  width="100%"
                  x="0"
                  y="0"
                />
                <defs>
                  <clippath
                    id="qi8u4j-diff"
                  >
                    <circle
                      cx="20"
                      cy="20"
                      r="20"
                    />
                    <rect
                      height="10"
                      rx="3"
                      ry="3"
                      width="120"
                      x="50"
                      y="5"
                    />
                    <rect
                      height="8"
                      rx="3"
                      ry="3"
                      width="100"
                      x="50"
                      y="20"
                    />
                    <rect
                      height="8"
                      rx="3"
                      ry="3"
                      width="90"
                      x="50"
                      y="34"
                    />
                  </clippath>
                  <lineargradient
                    gradientTransform="translate(-2 0)"
                    id="qi8u4j-animated-diff"
                  >
                    <stop
                      offset="0%"
                      stop-color="#f3f3f3"
                      stop-opacity="1"
                    />
                    <stop
                      offset="50%"
                      stop-color="#ecebeb"
                      stop-opacity="1"
                    />
                    <stop
                      offset="100%"
                      stop-color="#f3f3f3"
                      stop-opacity="1"
                    />
                    <animatetransform
                      attributeName="gradientTransform"
                      dur="2s"
                      repeatCount="indefinite"
                      type="translate"
                      values="-2 0; 0 0; 2 0"
                    />
                  </lineargradient>
                </defs>
              </svg>
            </td>
            <td>
              <svg
                aria-labelledby="6098cni-aria"
                height="20"
                role="img"
                viewBox="0 0 120 20"
                width="120"
              >
                <title
                  id="6098cni-aria"
                >
                  Loading...
                </title>
                <rect
                  clip-path="url(#6098cni-diff)"
                  height="100%"
                  role="presentation"
                  style="fill: url(#6098cni-animated-diff);"
                  width="100%"
                  x="0"
                  y="0"
                />
                <defs>
                  <clippath
                    id="6098cni-diff"
                  >
                    <rect
                      height="12"
                      rx="3"
                      ry="3"
                      width="100"
                      x="0"
                      y="0"
                    />
                  </clippath>
                  <lineargradient
                    gradientTransform="translate(-2 0)"
                    id="6098cni-animated-diff"
                  >
                    <stop
                      offset="0%"
                      stop-color="#f3f3f3"
                      stop-opacity="1"
                    />
                    <stop
                      offset="50%"
                      stop-color="#ecebeb"
                      stop-opacity="1"
                    />
                    <stop
                      offset="100%"
                      stop-color="#f3f3f3"
                      stop-opacity="1"
                    />
                    <animatetransform
                      attributeName="gradientTransform"
                      dur="2s"
                      repeatCount="indefinite"
                      type="translate"
                      values="-2 0; 0 0; 2 0"
                    />
                  </lineargradient>
                </defs>
              </svg>
            </td>
            <td>
              <svg
                aria-labelledby="3n7s5i-aria"
                height="20"
                role="img"
                viewBox="0 0 120 20"
                width="120"
              >
                <title
                  id="3n7s5i-aria"
                >
                  Loading...
                </title>
                <rect
                  clip-path="url(#3n7s5i-diff)"
                  height="100%"
                  role="presentation"
                  style="fill: url(#3n7s5i-animated-diff);"
                  width="100%"
                  x="0"
                  y="0"
                />
                <defs>
                  <clippath
                    id="3n7s5i-diff"
                  >
                    <rect
                      height="12"
                      rx="3"
                      ry="3"
                      width="100"
                      x="0"
                      y="0"
                    />
                  </clippath>
                  <lineargradient
                    gradientTransform="translate(-2 0)"
                    id="3n7s5i-animated-diff"
                  >
                    <stop
                      offset="0%"
                      stop-color="#f3f3f3"
                      stop-opacity="1"
                    />
                    <stop
                      offset="50%"
                      stop-color="#ecebeb"
                      stop-opacity="1"
                    />
                    <stop
                      offset="100%"
                      stop-color="#f3f3f3"
                      stop-opacity="1"
                    />
                    <animatetransform
                      attributeName="gradientTransform"
                      dur="2s"
                      repeatCount="indefinite"
                      type="translate"
                      values="-2 0; 0 0; 2 0"
                    />
                  </lineargradient>
                </defs>
              </svg>
            </td>
            <td>
              <svg
                aria-labelledby="tyrob09-aria"
                height="20"
                role="img"
                viewBox="0 0 120 20"
                width="120"
              >
                <title
                  id="tyrob09-aria"
                >
                  Loading...
                </title>
                <rect
                  clip-path="url(#tyrob09-diff)"
                  height="100%"
                  role="presentation"
                  style="fill: url(#tyrob09-animated-diff);"
                  width="100%"
                  x="0"
                  y="0"
                />
                <defs>
                  <clippath
                    id="tyrob09-diff"
                  >
                    <rect
                      height="12"
                      rx="3"
                      ry="3"
                      width="100"
                      x="0"
                      y="0"
                    />
                  </clippath>
                  <lineargradient
                    gradientTransform="translate(-2 0)"
                    id="tyrob09-animated-diff"
                  >
                    <stop
                      offset="0%"
                      stop-color="#f3f3f3"
                      stop-opacity="1"
                    />
                    <stop
                      offset="50%"
                      stop-color="#ecebeb"
                      stop-opacity="1"
                    />
                    <stop
                      offset="100%"
                      stop-color="#f3f3f3"
                      stop-opacity="1"
                    />
                    <animatetransform
                      attributeName="gradientTransform"
                      dur="2s"
                      repeatCount="indefinite"
                      type="translate"
                      values="-2 0; 0 0; 2 0"
                    />
                  </lineargradient>
                </defs>
              </svg>
            </td>
            <td>
              <svg
                aria-labelledby="hr0t1sa-aria"
                height="24"
                role="img"
                viewBox="0 0 100 24"
                width="100"
              >
                <title
                  id="hr0t1sa-aria"
                >
                  Loading...
                </title>
                <rect
                  clip-path="url(#hr0t1sa-diff)"
                  height="100%"
                  role="presentation"
                  style="fill: url(#hr0t1sa-animated-diff);"
                  width="100%"
                  x="0"
                  y="0"
                />
                <defs>
                  <clippath
                    id="hr0t1sa-diff"
                  >
                    <rect
                      height="24"
                      rx="12"
                      ry="12"
                      width="80"
                      x="0"
                      y="0"
                    />
                  </clippath>
                  <lineargradient
                    gradientTransform="translate(-2 0)"
                    id="hr0t1sa-animated-diff"
                  >
                    <stop
                      offset="0%"
                      stop-color="#f3f3f3"
                      stop-opacity="1"
                    />
                    <stop
                      offset="50%"
                      stop-color="#ecebeb"
                      stop-opacity="1"
                    />
                    <stop
                      offset="100%"
                      stop-color="#f3f3f3"
                      stop-opacity="1"
                    />
                    <animatetransform
                      attributeName="gradientTransform"
                      dur="2s"
                      repeatCount="indefinite"
                      type="translate"
                      values="-2 0; 0 0; 2 0"
                    />
                  </lineargradient>
                </defs>
              </svg>
            </td>
            <td>
              <svg
                aria-labelledby="s3gg6i-aria"
                height="20"
                role="img"
                viewBox="0 0 120 20"
                width="120"
              >
                <title
                  id="s3gg6i-aria"
                >
                  Loading...
                </title>
                <rect
                  clip-path="url(#s3gg6i-diff)"
                  height="100%"
                  role="presentation"
                  style="fill: url(#s3gg6i-animated-diff);"
                  width="100%"
                  x="0"
                  y="0"
                />
                <defs>
                  <clippath
                    id="s3gg6i-diff"
                  >
                    <rect
                      height="12"
                      rx="3"
                      ry="3"
                      width="100"
                      x="0"
                      y="0"
                    />
                  </clippath>
                  <lineargradient
                    gradientTransform="translate(-2 0)"
                    id="s3gg6i-animated-diff"
                  >
                    <stop
                      offset="0%"
                      stop-color="#f3f3f3"
                      stop-opacity="1"
                    />
                    <stop
                      offset="50%"
                      stop-color="#ecebeb"
                      stop-opacity="1"
                    />
                    <stop
                      offset="100%"
                      stop-color="#f3f3f3"
                      stop-opacity="1"
                    />
                    <animatetransform
                      attributeName="gradientTransform"
                      dur="2s"
                      repeatCount="indefinite"
                      type="translate"
                      values="-2 0; 0 0; 2 0"
                    />
                  </lineargradient>
                </defs>
              </svg>
            </td>
          </tr>
          <tr
            class="tableRow"
          >
            <td>
              <svg
                aria-labelledby="h6ypav-aria"
                height="20"
                role="img"
                viewBox="0 0 120 20"
                width="120"
              >
                <title
                  id="h6ypav-aria"
                >
                  Loading...
                </title>
                <rect
                  clip-path="url(#h6ypav-diff)"
                  height="100%"
                  role="presentation"
                  style="fill: url(#h6ypav-animated-diff);"
                  width="100%"
                  x="0"
                  y="0"
                />
                <defs>
                  <clippath
                    id="h6ypav-diff"
                  >
                    <rect
                      height="12"
                      rx="3"
                      ry="3"
                      width="100"
                      x="0"
                      y="0"
                    />
                  </clippath>
                  <lineargradient
                    gradientTransform="translate(-2 0)"
                    id="h6ypav-animated-diff"
                  >
                    <stop
                      offset="0%"
                      stop-color="#f3f3f3"
                      stop-opacity="1"
                    />
                    <stop
                      offset="50%"
                      stop-color="#ecebeb"
                      stop-opacity="1"
                    />
                    <stop
                      offset="100%"
                      stop-color="#f3f3f3"
                      stop-opacity="1"
                    />
                    <animatetransform
                      attributeName="gradientTransform"
                      dur="2s"
                      repeatCount="indefinite"
                      type="translate"
                      values="-2 0; 0 0; 2 0"
                    />
                  </lineargradient>
                </defs>
              </svg>
            </td>
            <td>
              <svg
                aria-labelledby="pxdyv1-aria"
                height="50"
                role="img"
                viewBox="0 0 200 50"
                width="200"
              >
                <title
                  id="pxdyv1-aria"
                >
                  Loading...
                </title>
                <rect
                  clip-path="url(#pxdyv1-diff)"
                  height="100%"
                  role="presentation"
                  style="fill: url(#pxdyv1-animated-diff);"
                  width="100%"
                  x="0"
                  y="0"
                />
                <defs>
                  <clippath
                    id="pxdyv1-diff"
                  >
                    <circle
                      cx="20"
                      cy="20"
                      r="20"
                    />
                    <rect
                      height="10"
                      rx="3"
                      ry="3"
                      width="120"
                      x="50"
                      y="5"
                    />
                    <rect
                      height="8"
                      rx="3"
                      ry="3"
                      width="100"
                      x="50"
                      y="20"
                    />
                    <rect
                      height="8"
                      rx="3"
                      ry="3"
                      width="90"
                      x="50"
                      y="34"
                    />
                  </clippath>
                  <lineargradient
                    gradientTransform="translate(-2 0)"
                    id="pxdyv1-animated-diff"
                  >
                    <stop
                      offset="0%"
                      stop-color="#f3f3f3"
                      stop-opacity="1"
                    />
                    <stop
                      offset="50%"
                      stop-color="#ecebeb"
                      stop-opacity="1"
                    />
                    <stop
                      offset="100%"
                      stop-color="#f3f3f3"
                      stop-opacity="1"
                    />
                    <animatetransform
                      attributeName="gradientTransform"
                      dur="2s"
                      repeatCount="indefinite"
                      type="translate"
                      values="-2 0; 0 0; 2 0"
                    />
                  </lineargradient>
                </defs>
              </svg>
            </td>
            <td>
              <svg
                aria-labelledby="uobwwqg-aria"
                height="20"
                role="img"
                viewBox="0 0 120 20"
                width="120"
              >
                <title
                  id="uobwwqg-aria"
                >
                  Loading...
                </title>
                <rect
                  clip-path="url(#uobwwqg-diff)"
                  height="100%"
                  role="presentation"
                  style="fill: url(#uobwwqg-animated-diff);"
                  width="100%"
                  x="0"
                  y="0"
                />
                <defs>
                  <clippath
                    id="uobwwqg-diff"
                  >
                    <rect
                      height="12"
                      rx="3"
                      ry="3"
                      width="100"
                      x="0"
                      y="0"
                    />
                  </clippath>
                  <lineargradient
                    gradientTransform="translate(-2 0)"
                    id="uobwwqg-animated-diff"
                  >
                    <stop
                      offset="0%"
                      stop-color="#f3f3f3"
                      stop-opacity="1"
                    />
                    <stop
                      offset="50%"
                      stop-color="#ecebeb"
                      stop-opacity="1"
                    />
                    <stop
                      offset="100%"
                      stop-color="#f3f3f3"
                      stop-opacity="1"
                    />
                    <animatetransform
                      attributeName="gradientTransform"
                      dur="2s"
                      repeatCount="indefinite"
                      type="translate"
                      values="-2 0; 0 0; 2 0"
                    />
                  </lineargradient>
                </defs>
              </svg>
            </td>
            <td>
              <svg
                aria-labelledby="ac3jgws-aria"
                height="20"
                role="img"
                viewBox="0 0 120 20"
                width="120"
              >
                <title
                  id="ac3jgws-aria"
                >
                  Loading...
                </title>
                <rect
                  clip-path="url(#ac3jgws-diff)"
                  height="100%"
                  role="presentation"
                  style="fill: url(#ac3jgws-animated-diff);"
                  width="100%"
                  x="0"
                  y="0"
                />
                <defs>
                  <clippath
                    id="ac3jgws-diff"
                  >
                    <rect
                      height="12"
                      rx="3"
                      ry="3"
                      width="100"
                      x="0"
                      y="0"
                    />
                  </clippath>
                  <lineargradient
                    gradientTransform="translate(-2 0)"
                    id="ac3jgws-animated-diff"
                  >
                    <stop
                      offset="0%"
                      stop-color="#f3f3f3"
                      stop-opacity="1"
                    />
                    <stop
                      offset="50%"
                      stop-color="#ecebeb"
                      stop-opacity="1"
                    />
                    <stop
                      offset="100%"
                      stop-color="#f3f3f3"
                      stop-opacity="1"
                    />
                    <animatetransform
                      attributeName="gradientTransform"
                      dur="2s"
                      repeatCount="indefinite"
                      type="translate"
                      values="-2 0; 0 0; 2 0"
                    />
                  </lineargradient>
                </defs>
              </svg>
            </td>
            <td>
              <svg
                aria-labelledby="tankq6d-aria"
                height="20"
                role="img"
                viewBox="0 0 120 20"
                width="120"
              >
                <title
                  id="tankq6d-aria"
                >
                  Loading...
                </title>
                <rect
                  clip-path="url(#tankq6d-diff)"
                  height="100%"
                  role="presentation"
                  style="fill: url(#tankq6d-animated-diff);"
                  width="100%"
                  x="0"
                  y="0"
                />
                <defs>
                  <clippath
                    id="tankq6d-diff"
                  >
                    <rect
                      height="12"
                      rx="3"
                      ry="3"
                      width="100"
                      x="0"
                      y="0"
                    />
                  </clippath>
                  <lineargradient
                    gradientTransform="translate(-2 0)"
                    id="tankq6d-animated-diff"
                  >
                    <stop
                      offset="0%"
                      stop-color="#f3f3f3"
                      stop-opacity="1"
                    />
                    <stop
                      offset="50%"
                      stop-color="#ecebeb"
                      stop-opacity="1"
                    />
                    <stop
                      offset="100%"
                      stop-color="#f3f3f3"
                      stop-opacity="1"
                    />
                    <animatetransform
                      attributeName="gradientTransform"
                      dur="2s"
                      repeatCount="indefinite"
                      type="translate"
                      values="-2 0; 0 0; 2 0"
                    />
                  </lineargradient>
                </defs>
              </svg>
            </td>
            <td>
              <svg
                aria-labelledby="10vodqm-aria"
                height="24"
                role="img"
                viewBox="0 0 100 24"
                width="100"
              >
                <title
                  id="10vodqm-aria"
                >
                  Loading...
                </title>
                <rect
                  clip-path="url(#10vodqm-diff)"
                  height="100%"
                  role="presentation"
                  style="fill: url(#10vodqm-animated-diff);"
                  width="100%"
                  x="0"
                  y="0"
                />
                <defs>
                  <clippath
                    id="10vodqm-diff"
                  >
                    <rect
                      height="24"
                      rx="12"
                      ry="12"
                      width="80"
                      x="0"
                      y="0"
                    />
                  </clippath>
                  <lineargradient
                    gradientTransform="translate(-2 0)"
                    id="10vodqm-animated-diff"
                  >
                    <stop
                      offset="0%"
                      stop-color="#f3f3f3"
                      stop-opacity="1"
                    />
                    <stop
                      offset="50%"
                      stop-color="#ecebeb"
                      stop-opacity="1"
                    />
                    <stop
                      offset="100%"
                      stop-color="#f3f3f3"
                      stop-opacity="1"
                    />
                    <animatetransform
                      attributeName="gradientTransform"
                      dur="2s"
                      repeatCount="indefinite"
                      type="translate"
                      values="-2 0; 0 0; 2 0"
                    />
                  </lineargradient>
                </defs>
              </svg>
            </td>
            <td>
              <svg
                aria-labelledby="fz8b1nu-aria"
                height="20"
                role="img"
                viewBox="0 0 120 20"
                width="120"
              >
                <title
                  id="fz8b1nu-aria"
                >
                  Loading...
                </title>
                <rect
                  clip-path="url(#fz8b1nu-diff)"
                  height="100%"
                  role="presentation"
                  style="fill: url(#fz8b1nu-animated-diff);"
                  width="100%"
                  x="0"
                  y="0"
                />
                <defs>
                  <clippath
                    id="fz8b1nu-diff"
                  >
                    <rect
                      height="12"
                      rx="3"
                      ry="3"
                      width="100"
                      x="0"
                      y="0"
                    />
                  </clippath>
                  <lineargradient
                    gradientTransform="translate(-2 0)"
                    id="fz8b1nu-animated-diff"
                  >
                    <stop
                      offset="0%"
                      stop-color="#f3f3f3"
                      stop-opacity="1"
                    />
                    <stop
                      offset="50%"
                      stop-color="#ecebeb"
                      stop-opacity="1"
                    />
                    <stop
                      offset="100%"
                      stop-color="#f3f3f3"
                      stop-opacity="1"
                    />
                    <animatetransform
                      attributeName="gradientTransform"
                      dur="2s"
                      repeatCount="indefinite"
                      type="translate"
                      values="-2 0; 0 0; 2 0"
                    />
                  </lineargradient>
                </defs>
              </svg>
            </td>
          </tr>
          <tr
            class="tableRow"
          >
            <td>
              <svg
                aria-labelledby="wfbq5yk-aria"
                height="20"
                role="img"
                viewBox="0 0 120 20"
                width="120"
              >
                <title
                  id="wfbq5yk-aria"
                >
                  Loading...
                </title>
                <rect
                  clip-path="url(#wfbq5yk-diff)"
                  height="100%"
                  role="presentation"
                  style="fill: url(#wfbq5yk-animated-diff);"
                  width="100%"
                  x="0"
                  y="0"
                />
                <defs>
                  <clippath
                    id="wfbq5yk-diff"
                  >
                    <rect
                      height="12"
                      rx="3"
                      ry="3"
                      width="100"
                      x="0"
                      y="0"
                    />
                  </clippath>
                  <lineargradient
                    gradientTransform="translate(-2 0)"
                    id="wfbq5yk-animated-diff"
                  >
                    <stop
                      offset="0%"
                      stop-color="#f3f3f3"
                      stop-opacity="1"
                    />
                    <stop
                      offset="50%"
                      stop-color="#ecebeb"
                      stop-opacity="1"
                    />
                    <stop
                      offset="100%"
                      stop-color="#f3f3f3"
                      stop-opacity="1"
                    />
                    <animatetransform
                      attributeName="gradientTransform"
                      dur="2s"
                      repeatCount="indefinite"
                      type="translate"
                      values="-2 0; 0 0; 2 0"
                    />
                  </lineargradient>
                </defs>
              </svg>
            </td>
            <td>
              <svg
                aria-labelledby="rma3u04-aria"
                height="50"
                role="img"
                viewBox="0 0 200 50"
                width="200"
              >
                <title
                  id="rma3u04-aria"
                >
                  Loading...
                </title>
                <rect
                  clip-path="url(#rma3u04-diff)"
                  height="100%"
                  role="presentation"
                  style="fill: url(#rma3u04-animated-diff);"
                  width="100%"
                  x="0"
                  y="0"
                />
                <defs>
                  <clippath
                    id="rma3u04-diff"
                  >
                    <circle
                      cx="20"
                      cy="20"
                      r="20"
                    />
                    <rect
                      height="10"
                      rx="3"
                      ry="3"
                      width="120"
                      x="50"
                      y="5"
                    />
                    <rect
                      height="8"
                      rx="3"
                      ry="3"
                      width="100"
                      x="50"
                      y="20"
                    />
                    <rect
                      height="8"
                      rx="3"
                      ry="3"
                      width="90"
                      x="50"
                      y="34"
                    />
                  </clippath>
                  <lineargradient
                    gradientTransform="translate(-2 0)"
                    id="rma3u04-animated-diff"
                  >
                    <stop
                      offset="0%"
                      stop-color="#f3f3f3"
                      stop-opacity="1"
                    />
                    <stop
                      offset="50%"
                      stop-color="#ecebeb"
                      stop-opacity="1"
                    />
                    <stop
                      offset="100%"
                      stop-color="#f3f3f3"
                      stop-opacity="1"
                    />
                    <animatetransform
                      attributeName="gradientTransform"
                      dur="2s"
                      repeatCount="indefinite"
                      type="translate"
                      values="-2 0; 0 0; 2 0"
                    />
                  </lineargradient>
                </defs>
              </svg>
            </td>
            <td>
              <svg
                aria-labelledby="ou57z9-aria"
                height="20"
                role="img"
                viewBox="0 0 120 20"
                width="120"
              >
                <title
                  id="ou57z9-aria"
                >
                  Loading...
                </title>
                <rect
                  clip-path="url(#ou57z9-diff)"
                  height="100%"
                  role="presentation"
                  style="fill: url(#ou57z9-animated-diff);"
                  width="100%"
                  x="0"
                  y="0"
                />
                <defs>
                  <clippath
                    id="ou57z9-diff"
                  >
                    <rect
                      height="12"
                      rx="3"
                      ry="3"
                      width="100"
                      x="0"
                      y="0"
                    />
                  </clippath>
                  <lineargradient
                    gradientTransform="translate(-2 0)"
                    id="ou57z9-animated-diff"
                  >
                    <stop
                      offset="0%"
                      stop-color="#f3f3f3"
                      stop-opacity="1"
                    />
                    <stop
                      offset="50%"
                      stop-color="#ecebeb"
                      stop-opacity="1"
                    />
                    <stop
                      offset="100%"
                      stop-color="#f3f3f3"
                      stop-opacity="1"
                    />
                    <animatetransform
                      attributeName="gradientTransform"
                      dur="2s"
                      repeatCount="indefinite"
                      type="translate"
                      values="-2 0; 0 0; 2 0"
                    />
                  </lineargradient>
                </defs>
              </svg>
            </td>
            <td>
              <svg
                aria-labelledby="yscbsjz-aria"
                height="20"
                role="img"
                viewBox="0 0 120 20"
                width="120"
              >
                <title
                  id="yscbsjz-aria"
                >
                  Loading...
                </title>
                <rect
                  clip-path="url(#yscbsjz-diff)"
                  height="100%"
                  role="presentation"
                  style="fill: url(#yscbsjz-animated-diff);"
                  width="100%"
                  x="0"
                  y="0"
                />
                <defs>
                  <clippath
                    id="yscbsjz-diff"
                  >
                    <rect
                      height="12"
                      rx="3"
                      ry="3"
                      width="100"
                      x="0"
                      y="0"
                    />
                  </clippath>
                  <lineargradient
                    gradientTransform="translate(-2 0)"
                    id="yscbsjz-animated-diff"
                  >
                    <stop
                      offset="0%"
                      stop-color="#f3f3f3"
                      stop-opacity="1"
                    />
                    <stop
                      offset="50%"
                      stop-color="#ecebeb"
                      stop-opacity="1"
                    />
                    <stop
                      offset="100%"
                      stop-color="#f3f3f3"
                      stop-opacity="1"
                    />
                    <animatetransform
                      attributeName="gradientTransform"
                      dur="2s"
                      repeatCount="indefinite"
                      type="translate"
                      values="-2 0; 0 0; 2 0"
                    />
                  </lineargradient>
                </defs>
              </svg>
            </td>
            <td>
              <svg
                aria-labelledby="abb4cxo-aria"
                height="20"
                role="img"
                viewBox="0 0 120 20"
                width="120"
              >
                <title
                  id="abb4cxo-aria"
                >
                  Loading...
                </title>
                <rect
                  clip-path="url(#abb4cxo-diff)"
                  height="100%"
                  role="presentation"
                  style="fill: url(#abb4cxo-animated-diff);"
                  width="100%"
                  x="0"
                  y="0"
                />
                <defs>
                  <clippath
                    id="abb4cxo-diff"
                  >
                    <rect
                      height="12"
                      rx="3"
                      ry="3"
                      width="100"
                      x="0"
                      y="0"
                    />
                  </clippath>
                  <lineargradient
                    gradientTransform="translate(-2 0)"
                    id="abb4cxo-animated-diff"
                  >
                    <stop
                      offset="0%"
                      stop-color="#f3f3f3"
                      stop-opacity="1"
                    />
                    <stop
                      offset="50%"
                      stop-color="#ecebeb"
                      stop-opacity="1"
                    />
                    <stop
                      offset="100%"
                      stop-color="#f3f3f3"
                      stop-opacity="1"
                    />
                    <animatetransform
                      attributeName="gradientTransform"
                      dur="2s"
                      repeatCount="indefinite"
                      type="translate"
                      values="-2 0; 0 0; 2 0"
                    />
                  </lineargradient>
                </defs>
              </svg>
            </td>
            <td>
              <svg
                aria-labelledby="a1zhau8-aria"
                height="24"
                role="img"
                viewBox="0 0 100 24"
                width="100"
              >
                <title
                  id="a1zhau8-aria"
                >
                  Loading...
                </title>
                <rect
                  clip-path="url(#a1zhau8-diff)"
                  height="100%"
                  role="presentation"
                  style="fill: url(#a1zhau8-animated-diff);"
                  width="100%"
                  x="0"
                  y="0"
                />
                <defs>
                  <clippath
                    id="a1zhau8-diff"
                  >
                    <rect
                      height="24"
                      rx="12"
                      ry="12"
                      width="80"
                      x="0"
                      y="0"
                    />
                  </clippath>
                  <lineargradient
                    gradientTransform="translate(-2 0)"
                    id="a1zhau8-animated-diff"
                  >
                    <stop
                      offset="0%"
                      stop-color="#f3f3f3"
                      stop-opacity="1"
                    />
                    <stop
                      offset="50%"
                      stop-color="#ecebeb"
                      stop-opacity="1"
                    />
                    <stop
                      offset="100%"
                      stop-color="#f3f3f3"
                      stop-opacity="1"
                    />
                    <animatetransform
                      attributeName="gradientTransform"
                      dur="2s"
                      repeatCount="indefinite"
                      type="translate"
                      values="-2 0; 0 0; 2 0"
                    />
                  </lineargradient>
                </defs>
              </svg>
            </td>
            <td>
              <svg
                aria-labelledby="x3v7ps-aria"
                height="20"
                role="img"
                viewBox="0 0 120 20"
                width="120"
              >
                <title
                  id="x3v7ps-aria"
                >
                  Loading...
                </title>
                <rect
                  clip-path="url(#x3v7ps-diff)"
                  height="100%"
                  role="presentation"
                  style="fill: url(#x3v7ps-animated-diff);"
                  width="100%"
                  x="0"
                  y="0"
                />
                <defs>
                  <clippath
                    id="x3v7ps-diff"
                  >
                    <rect
                      height="12"
                      rx="3"
                      ry="3"
                      width="100"
                      x="0"
                      y="0"
                    />
                  </clippath>
                  <lineargradient
                    gradientTransform="translate(-2 0)"
                    id="x3v7ps-animated-diff"
                  >
                    <stop
                      offset="0%"
                      stop-color="#f3f3f3"
                      stop-opacity="1"
                    />
                    <stop
                      offset="50%"
                      stop-color="#ecebeb"
                      stop-opacity="1"
                    />
                    <stop
                      offset="100%"
                      stop-color="#f3f3f3"
                      stop-opacity="1"
                    />
                    <animatetransform
                      attributeName="gradientTransform"
                      dur="2s"
                      repeatCount="indefinite"
                      type="translate"
                      values="-2 0; 0 0; 2 0"
                    />
                  </lineargradient>
                </defs>
              </svg>
            </td>
          </tr>
          <tr
            class="tableRow"
          >
            <td>
              <svg
                aria-labelledby="xoew8ae-aria"
                height="20"
                role="img"
                viewBox="0 0 120 20"
                width="120"
              >
                <title
                  id="xoew8ae-aria"
                >
                  Loading...
                </title>
                <rect
                  clip-path="url(#xoew8ae-diff)"
                  height="100%"
                  role="presentation"
                  style="fill: url(#xoew8ae-animated-diff);"
                  width="100%"
                  x="0"
                  y="0"
                />
                <defs>
                  <clippath
                    id="xoew8ae-diff"
                  >
                    <rect
                      height="12"
                      rx="3"
                      ry="3"
                      width="100"
                      x="0"
                      y="0"
                    />
                  </clippath>
                  <lineargradient
                    gradientTransform="translate(-2 0)"
                    id="xoew8ae-animated-diff"
                  >
                    <stop
                      offset="0%"
                      stop-color="#f3f3f3"
                      stop-opacity="1"
                    />
                    <stop
                      offset="50%"
                      stop-color="#ecebeb"
                      stop-opacity="1"
                    />
                    <stop
                      offset="100%"
                      stop-color="#f3f3f3"
                      stop-opacity="1"
                    />
                    <animatetransform
                      attributeName="gradientTransform"
                      dur="2s"
                      repeatCount="indefinite"
                      type="translate"
                      values="-2 0; 0 0; 2 0"
                    />
                  </lineargradient>
                </defs>
              </svg>
            </td>
            <td>
              <svg
                aria-labelledby="1o6uqz8-aria"
                height="50"
                role="img"
                viewBox="0 0 200 50"
                width="200"
              >
                <title
                  id="1o6uqz8-aria"
                >
                  Loading...
                </title>
                <rect
                  clip-path="url(#1o6uqz8-diff)"
                  height="100%"
                  role="presentation"
                  style="fill: url(#1o6uqz8-animated-diff);"
                  width="100%"
                  x="0"
                  y="0"
                />
                <defs>
                  <clippath
                    id="1o6uqz8-diff"
                  >
                    <circle
                      cx="20"
                      cy="20"
                      r="20"
                    />
                    <rect
                      height="10"
                      rx="3"
                      ry="3"
                      width="120"
                      x="50"
                      y="5"
                    />
                    <rect
                      height="8"
                      rx="3"
                      ry="3"
                      width="100"
                      x="50"
                      y="20"
                    />
                    <rect
                      height="8"
                      rx="3"
                      ry="3"
                      width="90"
                      x="50"
                      y="34"
                    />
                  </clippath>
                  <lineargradient
                    gradientTransform="translate(-2 0)"
                    id="1o6uqz8-animated-diff"
                  >
                    <stop
                      offset="0%"
                      stop-color="#f3f3f3"
                      stop-opacity="1"
                    />
                    <stop
                      offset="50%"
                      stop-color="#ecebeb"
                      stop-opacity="1"
                    />
                    <stop
                      offset="100%"
                      stop-color="#f3f3f3"
                      stop-opacity="1"
                    />
                    <animatetransform
                      attributeName="gradientTransform"
                      dur="2s"
                      repeatCount="indefinite"
                      type="translate"
                      values="-2 0; 0 0; 2 0"
                    />
                  </lineargradient>
                </defs>
              </svg>
            </td>
            <td>
              <svg
                aria-labelledby="0xozt7q-aria"
                height="20"
                role="img"
                viewBox="0 0 120 20"
                width="120"
              >
                <title
                  id="0xozt7q-aria"
                >
                  Loading...
                </title>
                <rect
                  clip-path="url(#0xozt7q-diff)"
                  height="100%"
                  role="presentation"
                  style="fill: url(#0xozt7q-animated-diff);"
                  width="100%"
                  x="0"
                  y="0"
                />
                <defs>
                  <clippath
                    id="0xozt7q-diff"
                  >
                    <rect
                      height="12"
                      rx="3"
                      ry="3"
                      width="100"
                      x="0"
                      y="0"
                    />
                  </clippath>
                  <lineargradient
                    gradientTransform="translate(-2 0)"
                    id="0xozt7q-animated-diff"
                  >
                    <stop
                      offset="0%"
                      stop-color="#f3f3f3"
                      stop-opacity="1"
                    />
                    <stop
                      offset="50%"
                      stop-color="#ecebeb"
                      stop-opacity="1"
                    />
                    <stop
                      offset="100%"
                      stop-color="#f3f3f3"
                      stop-opacity="1"
                    />
                    <animatetransform
                      attributeName="gradientTransform"
                      dur="2s"
                      repeatCount="indefinite"
                      type="translate"
                      values="-2 0; 0 0; 2 0"
                    />
                  </lineargradient>
                </defs>
              </svg>
            </td>
            <td>
              <svg
                aria-labelledby="msil6i-aria"
                height="20"
                role="img"
                viewBox="0 0 120 20"
                width="120"
              >
                <title
                  id="msil6i-aria"
                >
                  Loading...
                </title>
                <rect
                  clip-path="url(#msil6i-diff)"
                  height="100%"
                  role="presentation"
                  style="fill: url(#msil6i-animated-diff);"
                  width="100%"
                  x="0"
                  y="0"
                />
                <defs>
                  <clippath
                    id="msil6i-diff"
                  >
                    <rect
                      height="12"
                      rx="3"
                      ry="3"
                      width="100"
                      x="0"
                      y="0"
                    />
                  </clippath>
                  <lineargradient
                    gradientTransform="translate(-2 0)"
                    id="msil6i-animated-diff"
                  >
                    <stop
                      offset="0%"
                      stop-color="#f3f3f3"
                      stop-opacity="1"
                    />
                    <stop
                      offset="50%"
                      stop-color="#ecebeb"
                      stop-opacity="1"
                    />
                    <stop
                      offset="100%"
                      stop-color="#f3f3f3"
                      stop-opacity="1"
                    />
                    <animatetransform
                      attributeName="gradientTransform"
                      dur="2s"
                      repeatCount="indefinite"
                      type="translate"
                      values="-2 0; 0 0; 2 0"
                    />
                  </lineargradient>
                </defs>
              </svg>
            </td>
            <td>
              <svg
                aria-labelledby="42tlof-aria"
                height="20"
                role="img"
                viewBox="0 0 120 20"
                width="120"
              >
                <title
                  id="42tlof-aria"
                >
                  Loading...
                </title>
                <rect
                  clip-path="url(#42tlof-diff)"
                  height="100%"
                  role="presentation"
                  style="fill: url(#42tlof-animated-diff);"
                  width="100%"
                  x="0"
                  y="0"
                />
                <defs>
                  <clippath
                    id="42tlof-diff"
                  >
                    <rect
                      height="12"
                      rx="3"
                      ry="3"
                      width="100"
                      x="0"
                      y="0"
                    />
                  </clippath>
                  <lineargradient
                    gradientTransform="translate(-2 0)"
                    id="42tlof-animated-diff"
                  >
                    <stop
                      offset="0%"
                      stop-color="#f3f3f3"
                      stop-opacity="1"
                    />
                    <stop
                      offset="50%"
                      stop-color="#ecebeb"
                      stop-opacity="1"
                    />
                    <stop
                      offset="100%"
                      stop-color="#f3f3f3"
                      stop-opacity="1"
                    />
                    <animatetransform
                      attributeName="gradientTransform"
                      dur="2s"
                      repeatCount="indefinite"
                      type="translate"
                      values="-2 0; 0 0; 2 0"
                    />
                  </lineargradient>
                </defs>
              </svg>
            </td>
            <td>
              <svg
                aria-labelledby="9r9rjs9-aria"
                height="24"
                role="img"
                viewBox="0 0 100 24"
                width="100"
              >
                <title
                  id="9r9rjs9-aria"
                >
                  Loading...
                </title>
                <rect
                  clip-path="url(#9r9rjs9-diff)"
                  height="100%"
                  role="presentation"
                  style="fill: url(#9r9rjs9-animated-diff);"
                  width="100%"
                  x="0"
                  y="0"
                />
                <defs>
                  <clippath
                    id="9r9rjs9-diff"
                  >
                    <rect
                      height="24"
                      rx="12"
                      ry="12"
                      width="80"
                      x="0"
                      y="0"
                    />
                  </clippath>
                  <lineargradient
                    gradientTransform="translate(-2 0)"
                    id="9r9rjs9-animated-diff"
                  >
                    <stop
                      offset="0%"
                      stop-color="#f3f3f3"
                      stop-opacity="1"
                    />
                    <stop
                      offset="50%"
                      stop-color="#ecebeb"
                      stop-opacity="1"
                    />
                    <stop
                      offset="100%"
                      stop-color="#f3f3f3"
                      stop-opacity="1"
                    />
                    <animatetransform
                      attributeName="gradientTransform"
                      dur="2s"
                      repeatCount="indefinite"
                      type="translate"
                      values="-2 0; 0 0; 2 0"
                    />
                  </lineargradient>
                </defs>
              </svg>
            </td>
            <td>
              <svg
                aria-labelledby="luxk5zq-aria"
                height="20"
                role="img"
                viewBox="0 0 120 20"
                width="120"
              >
                <title
                  id="luxk5zq-aria"
                >
                  Loading...
                </title>
                <rect
                  clip-path="url(#luxk5zq-diff)"
                  height="100%"
                  role="presentation"
                  style="fill: url(#luxk5zq-animated-diff);"
                  width="100%"
                  x="0"
                  y="0"
                />
                <defs>
                  <clippath
                    id="luxk5zq-diff"
                  >
                    <rect
                      height="12"
                      rx="3"
                      ry="3"
                      width="100"
                      x="0"
                      y="0"
                    />
                  </clippath>
                  <lineargradient
                    gradientTransform="translate(-2 0)"
                    id="luxk5zq-animated-diff"
                  >
                    <stop
                      offset="0%"
                      stop-color="#f3f3f3"
                      stop-opacity="1"
                    />
                    <stop
                      offset="50%"
                      stop-color="#ecebeb"
                      stop-opacity="1"
                    />
                    <stop
                      offset="100%"
                      stop-color="#f3f3f3"
                      stop-opacity="1"
                    />
                    <animatetransform
                      attributeName="gradientTransform"
                      dur="2s"
                      repeatCount="indefinite"
                      type="translate"
                      values="-2 0; 0 0; 2 0"
                    />
                  </lineargradient>
                </defs>
              </svg>
            </td>
          </tr>
          <tr
            class="tableRow"
          >
            <td>
              <svg
                aria-labelledby="355di4h-aria"
                height="20"
                role="img"
                viewBox="0 0 120 20"
                width="120"
              >
                <title
                  id="355di4h-aria"
                >
                  Loading...
                </title>
                <rect
                  clip-path="url(#355di4h-diff)"
                  height="100%"
                  role="presentation"
                  style="fill: url(#355di4h-animated-diff);"
                  width="100%"
                  x="0"
                  y="0"
                />
                <defs>
                  <clippath
                    id="355di4h-diff"
                  >
                    <rect
                      height="12"
                      rx="3"
                      ry="3"
                      width="100"
                      x="0"
                      y="0"
                    />
                  </clippath>
                  <lineargradient
                    gradientTransform="translate(-2 0)"
                    id="355di4h-animated-diff"
                  >
                    <stop
                      offset="0%"
                      stop-color="#f3f3f3"
                      stop-opacity="1"
                    />
                    <stop
                      offset="50%"
                      stop-color="#ecebeb"
                      stop-opacity="1"
                    />
                    <stop
                      offset="100%"
                      stop-color="#f3f3f3"
                      stop-opacity="1"
                    />
                    <animatetransform
                      attributeName="gradientTransform"
                      dur="2s"
                      repeatCount="indefinite"
                      type="translate"
                      values="-2 0; 0 0; 2 0"
                    />
                  </lineargradient>
                </defs>
              </svg>
            </td>
            <td>
              <svg
                aria-labelledby="tx7i0oo-aria"
                height="50"
                role="img"
                viewBox="0 0 200 50"
                width="200"
              >
                <title
                  id="tx7i0oo-aria"
                >
                  Loading...
                </title>
                <rect
                  clip-path="url(#tx7i0oo-diff)"
                  height="100%"
                  role="presentation"
                  style="fill: url(#tx7i0oo-animated-diff);"
                  width="100%"
                  x="0"
                  y="0"
                />
                <defs>
                  <clippath
                    id="tx7i0oo-diff"
                  >
                    <circle
                      cx="20"
                      cy="20"
                      r="20"
                    />
                    <rect
                      height="10"
                      rx="3"
                      ry="3"
                      width="120"
                      x="50"
                      y="5"
                    />
                    <rect
                      height="8"
                      rx="3"
                      ry="3"
                      width="100"
                      x="50"
                      y="20"
                    />
                    <rect
                      height="8"
                      rx="3"
                      ry="3"
                      width="90"
                      x="50"
                      y="34"
                    />
                  </clippath>
                  <lineargradient
                    gradientTransform="translate(-2 0)"
                    id="tx7i0oo-animated-diff"
                  >
                    <stop
                      offset="0%"
                      stop-color="#f3f3f3"
                      stop-opacity="1"
                    />
                    <stop
                      offset="50%"
                      stop-color="#ecebeb"
                      stop-opacity="1"
                    />
                    <stop
                      offset="100%"
                      stop-color="#f3f3f3"
                      stop-opacity="1"
                    />
                    <animatetransform
                      attributeName="gradientTransform"
                      dur="2s"
                      repeatCount="indefinite"
                      type="translate"
                      values="-2 0; 0 0; 2 0"
                    />
                  </lineargradient>
                </defs>
              </svg>
            </td>
            <td>
              <svg
                aria-labelledby="jqte2gc-aria"
                height="20"
                role="img"
                viewBox="0 0 120 20"
                width="120"
              >
                <title
                  id="jqte2gc-aria"
                >
                  Loading...
                </title>
                <rect
                  clip-path="url(#jqte2gc-diff)"
                  height="100%"
                  role="presentation"
                  style="fill: url(#jqte2gc-animated-diff);"
                  width="100%"
                  x="0"
                  y="0"
                />
                <defs>
                  <clippath
                    id="jqte2gc-diff"
                  >
                    <rect
                      height="12"
                      rx="3"
                      ry="3"
                      width="100"
                      x="0"
                      y="0"
                    />
                  </clippath>
                  <lineargradient
                    gradientTransform="translate(-2 0)"
                    id="jqte2gc-animated-diff"
                  >
                    <stop
                      offset="0%"
                      stop-color="#f3f3f3"
                      stop-opacity="1"
                    />
                    <stop
                      offset="50%"
                      stop-color="#ecebeb"
                      stop-opacity="1"
                    />
                    <stop
                      offset="100%"
                      stop-color="#f3f3f3"
                      stop-opacity="1"
                    />
                    <animatetransform
                      attributeName="gradientTransform"
                      dur="2s"
                      repeatCount="indefinite"
                      type="translate"
                      values="-2 0; 0 0; 2 0"
                    />
                  </lineargradient>
                </defs>
              </svg>
            </td>
            <td>
              <svg
                aria-labelledby="8z8nqpg-aria"
                height="20"
                role="img"
                viewBox="0 0 120 20"
                width="120"
              >
                <title
                  id="8z8nqpg-aria"
                >
                  Loading...
                </title>
                <rect
                  clip-path="url(#8z8nqpg-diff)"
                  height="100%"
                  role="presentation"
                  style="fill: url(#8z8nqpg-animated-diff);"
                  width="100%"
                  x="0"
                  y="0"
                />
                <defs>
                  <clippath
                    id="8z8nqpg-diff"
                  >
                    <rect
                      height="12"
                      rx="3"
                      ry="3"
                      width="100"
                      x="0"
                      y="0"
                    />
                  </clippath>
                  <lineargradient
                    gradientTransform="translate(-2 0)"
                    id="8z8nqpg-animated-diff"
                  >
                    <stop
                      offset="0%"
                      stop-color="#f3f3f3"
                      stop-opacity="1"
                    />
                    <stop
                      offset="50%"
                      stop-color="#ecebeb"
                      stop-opacity="1"
                    />
                    <stop
                      offset="100%"
                      stop-color="#f3f3f3"
                      stop-opacity="1"
                    />
                    <animatetransform
                      attributeName="gradientTransform"
                      dur="2s"
                      repeatCount="indefinite"
                      type="translate"
                      values="-2 0; 0 0; 2 0"
                    />
                  </lineargradient>
                </defs>
              </svg>
            </td>
            <td>
              <svg
                aria-labelledby="7qei7dr-aria"
                height="20"
                role="img"
                viewBox="0 0 120 20"
                width="120"
              >
                <title
                  id="7qei7dr-aria"
                >
                  Loading...
                </title>
                <rect
                  clip-path="url(#7qei7dr-diff)"
                  height="100%"
                  role="presentation"
                  style="fill: url(#7qei7dr-animated-diff);"
                  width="100%"
                  x="0"
                  y="0"
                />
                <defs>
                  <clippath
                    id="7qei7dr-diff"
                  >
                    <rect
                      height="12"
                      rx="3"
                      ry="3"
                      width="100"
                      x="0"
                      y="0"
                    />
                  </clippath>
                  <lineargradient
                    gradientTransform="translate(-2 0)"
                    id="7qei7dr-animated-diff"
                  >
                    <stop
                      offset="0%"
                      stop-color="#f3f3f3"
                      stop-opacity="1"
                    />
                    <stop
                      offset="50%"
                      stop-color="#ecebeb"
                      stop-opacity="1"
                    />
                    <stop
                      offset="100%"
                      stop-color="#f3f3f3"
                      stop-opacity="1"
                    />
                    <animatetransform
                      attributeName="gradientTransform"
                      dur="2s"
                      repeatCount="indefinite"
                      type="translate"
                      values="-2 0; 0 0; 2 0"
                    />
                  </lineargradient>
                </defs>
              </svg>
            </td>
            <td>
              <svg
                aria-labelledby="s3snk6y-aria"
                height="24"
                role="img"
                viewBox="0 0 100 24"
                width="100"
              >
                <title
                  id="s3snk6y-aria"
                >
                  Loading...
                </title>
                <rect
                  clip-path="url(#s3snk6y-diff)"
                  height="100%"
                  role="presentation"
                  style="fill: url(#s3snk6y-animated-diff);"
                  width="100%"
                  x="0"
                  y="0"
                />
                <defs>
                  <clippath
                    id="s3snk6y-diff"
                  >
                    <rect
                      height="24"
                      rx="12"
                      ry="12"
                      width="80"
                      x="0"
                      y="0"
                    />
                  </clippath>
                  <lineargradient
                    gradientTransform="translate(-2 0)"
                    id="s3snk6y-animated-diff"
                  >
                    <stop
                      offset="0%"
                      stop-color="#f3f3f3"
                      stop-opacity="1"
                    />
                    <stop
                      offset="50%"
                      stop-color="#ecebeb"
                      stop-opacity="1"
                    />
                    <stop
                      offset="100%"
                      stop-color="#f3f3f3"
                      stop-opacity="1"
                    />
                    <animatetransform
                      attributeName="gradientTransform"
                      dur="2s"
                      repeatCount="indefinite"
                      type="translate"
                      values="-2 0; 0 0; 2 0"
                    />
                  </lineargradient>
                </defs>
              </svg>
            </td>
            <td>
              <svg
                aria-labelledby="uuoiccb-aria"
                height="20"
                role="img"
                viewBox="0 0 120 20"
                width="120"
              >
                <title
                  id="uuoiccb-aria"
                >
                  Loading...
                </title>
                <rect
                  clip-path="url(#uuoiccb-diff)"
                  height="100%"
                  role="presentation"
                  style="fill: url(#uuoiccb-animated-diff);"
                  width="100%"
                  x="0"
                  y="0"
                />
                <defs>
                  <clippath
                    id="uuoiccb-diff"
                  >
                    <rect
                      height="12"
                      rx="3"
                      ry="3"
                      width="100"
                      x="0"
                      y="0"
                    />
                  </clippath>
                  <lineargradient
                    gradientTransform="translate(-2 0)"
                    id="uuoiccb-animated-diff"
                  >
                    <stop
                      offset="0%"
                      stop-color="#f3f3f3"
                      stop-opacity="1"
                    />
                    <stop
                      offset="50%"
                      stop-color="#ecebeb"
                      stop-opacity="1"
                    />
                    <stop
                      offset="100%"
                      stop-color="#f3f3f3"
                      stop-opacity="1"
                    />
                    <animatetransform
                      attributeName="gradientTransform"
                      dur="2s"
                      repeatCount="indefinite"
                      type="translate"
                      values="-2 0; 0 0; 2 0"
                    />
                  </lineargradient>
                </defs>
              </svg>
            </td>
          </tr>
        </tbody>
      </table>
    </div>
  </div>
</DocumentFragment>
`;
