// Jest Snapshot v1, https://jestjs.io/docs/snapshot-testing

exports[`Home matches snapshot 1`] = `
<DocumentFragment>
  <div
    class="container"
  >
    <div
      class="card"
    >
      <div
        class="textCard"
      >
        <div
          class="container"
          data-testid="TextFieldTest"
        >
          <label
            class="typography label align-left label"
            data-testid="TypographyTest"
          >
            Search 
          </label>
          <div
            class="inputWrapper"
          >
            <input
              class="inputField"
              placeholder="Search bookings..."
              type="text"
            />
          </div>
        </div>
      </div>
      <div
        class="filterCard"
      >
        <div
          class="dropdown statusDropdown"
          data-testid="DropdownTest"
          tabindex="0"
        >
          <div
            class="inputWrapper"
          >
            <label
              class="typography label align-left label"
              data-testid="TypographyTest"
            >
              Status
            </label>
            <div
              class="inputWithIcon"
            >
              <div
                class="container"
                data-testid="TextFieldTest"
              >
                <div
                  class="inputWrapper"
                >
                  <input
                    class="inputField"
                    placeholder="Select..."
                    readonly=""
                    type="text"
                  />
                </div>
              </div>
              <span
                class="chevronIcon"
              >
                <svg
                  aria-hidden="true"
                  class="lucide lucide-chevron-down"
                  fill="none"
                  height="16"
                  stroke="currentColor"
                  stroke-linecap="round"
                  stroke-linejoin="round"
                  stroke-width="2"
                  viewBox="0 0 24 24"
                  width="16"
                  xmlns="http://www.w3.org/2000/svg"
                >
                  <path
                    d="m6 9 6 6 6-6"
                  />
                </svg>
              </span>
            </div>
          </div>
        </div>
        <div
          class="dropdown statusDropdown"
          data-testid="DropdownTest"
          tabindex="0"
        >
          <div
            class="inputWrapper"
          >
            <label
              class="typography label align-left label"
              data-testid="TypographyTest"
            >
              Tour
            </label>
            <div
              class="inputWithIcon"
            >
              <div
                class="container"
                data-testid="TextFieldTest"
              >
                <div
                  class="inputWrapper"
                >
                  <input
                    class="inputField"
                    placeholder="Select..."
                    readonly=""
                    type="text"
                  />
                </div>
              </div>
              <span
                class="chevronIcon"
              >
                <svg
                  aria-hidden="true"
                  class="lucide lucide-chevron-down"
                  fill="none"
                  height="16"
                  stroke="currentColor"
                  stroke-linecap="round"
                  stroke-linejoin="round"
                  stroke-width="2"
                  viewBox="0 0 24 24"
                  width="16"
                  xmlns="http://www.w3.org/2000/svg"
                >
                  <path
                    d="m6 9 6 6 6-6"
                  />
                </svg>
              </span>
            </div>
          </div>
        </div>
        <div
          class="dropdown statusDropdown"
          data-testid="DropdownTest"
          tabindex="0"
        >
          <div
            class="inputWrapper"
          >
            <label
              class="typography label align-left label"
              data-testid="TypographyTest"
            >
              Quick Date Filter
            </label>
            <div
              class="inputWithIcon"
            >
              <div
                class="container"
                data-testid="TextFieldTest"
              >
                <div
                  class="inputWrapper"
                >
                  <input
                    class="inputField"
                    placeholder="Select preset"
                    readonly=""
                    type="text"
                  />
                </div>
              </div>
              <span
                class="chevronIcon"
              >
                <svg
                  aria-hidden="true"
                  class="lucide lucide-chevron-down"
                  fill="none"
                  height="16"
                  stroke="currentColor"
                  stroke-linecap="round"
                  stroke-linejoin="round"
                  stroke-width="2"
                  viewBox="0 0 24 24"
                  width="16"
                  xmlns="http://www.w3.org/2000/svg"
                >
                  <path
                    d="m6 9 6 6 6-6"
                  />
                </svg>
              </span>
            </div>
          </div>
        </div>
        <div
          class="container"
          data-testid="TextFieldTest"
        >
          <label
            class="typography label align-left label"
            data-testid="TypographyTest"
          >
            Date Range 
          </label>
          <div
            class="inputWrapper"
          >
            <input
              class="inputField"
              placeholder="Select date"
              readonly=""
              type="text"
            />
            <div
              class="iconButton"
            >
              <svg
                aria-hidden="true"
                class="lucide lucide-calendar"
                fill="none"
                height="16"
                stroke="currentColor"
                stroke-linecap="round"
                stroke-linejoin="round"
                stroke-width="2"
                viewBox="0 0 24 24"
                width="16"
                xmlns="http://www.w3.org/2000/svg"
              >
                <path
                  d="M8 2v4"
                />
                <path
                  d="M16 2v4"
                />
                <rect
                  height="18"
                  rx="2"
                  width="18"
                  x="3"
                  y="4"
                />
                <path
                  d="M3 10h18"
                />
              </svg>
            </div>
          </div>
        </div>
      </div>
    </div>
    <div
      class="cardBody"
    >
      <div
        class="cardBodyResponsive"
      >
        <table
          class="cardBodyTable"
        >
          <thead>
            <tr>
              <th>
                Booking ID
              </th>
              <th>
                Customer
              </th>
              <th>
                Tour
              </th>
              <th>
                Date
              </th>
              <th>
                Slots
              </th>
              <th>
                Status
              </th>
              <th>
                Amount
              </th>
            </tr>
          </thead>
          <tbody>
            <tr
              class="tableRow"
            >
              <td>
                <svg
                  aria-labelledby="cxwlho7-aria"
                  height="20"
                  role="img"
                  viewBox="0 0 120 20"
                  width="120"
                >
                  <title
                    id="cxwlho7-aria"
                  >
                    Loading...
                  </title>
                  <rect
                    clip-path="url(#cxwlho7-diff)"
                    height="100%"
                    role="presentation"
                    style="fill: url(#cxwlho7-animated-diff);"
                    width="100%"
                    x="0"
                    y="0"
                  />
                  <defs>
                    <clippath
                      id="cxwlho7-diff"
                    >
                      <rect
                        height="12"
                        rx="3"
                        ry="3"
                        width="100"
                        x="0"
                        y="0"
                      />
                    </clippath>
                    <lineargradient
                      gradientTransform="translate(-2 0)"
                      id="cxwlho7-animated-diff"
                    >
                      <stop
                        offset="0%"
                        stop-color="#f3f3f3"
                        stop-opacity="1"
                      />
                      <stop
                        offset="50%"
                        stop-color="#ecebeb"
                        stop-opacity="1"
                      />
                      <stop
                        offset="100%"
                        stop-color="#f3f3f3"
                        stop-opacity="1"
                      />
                      <animatetransform
                        attributeName="gradientTransform"
                        dur="2s"
                        repeatCount="indefinite"
                        type="translate"
                        values="-2 0; 0 0; 2 0"
                      />
                    </lineargradient>
                  </defs>
                </svg>
              </td>
              <td>
                <svg
                  aria-labelledby="rf6oojl-aria"
                  height="50"
                  role="img"
                  viewBox="0 0 200 50"
                  width="200"
                >
                  <title
                    id="rf6oojl-aria"
                  >
                    Loading...
                  </title>
                  <rect
                    clip-path="url(#rf6oojl-diff)"
                    height="100%"
                    role="presentation"
                    style="fill: url(#rf6oojl-animated-diff);"
                    width="100%"
                    x="0"
                    y="0"
                  />
                  <defs>
                    <clippath
                      id="rf6oojl-diff"
                    >
                      <circle
                        cx="20"
                        cy="20"
                        r="20"
                      />
                      <rect
                        height="10"
                        rx="3"
                        ry="3"
                        width="120"
                        x="50"
                        y="5"
                      />
                      <rect
                        height="8"
                        rx="3"
                        ry="3"
                        width="100"
                        x="50"
                        y="20"
                      />
                      <rect
                        height="8"
                        rx="3"
                        ry="3"
                        width="90"
                        x="50"
                        y="34"
                      />
                    </clippath>
                    <lineargradient
                      gradientTransform="translate(-2 0)"
                      id="rf6oojl-animated-diff"
                    >
                      <stop
                        offset="0%"
                        stop-color="#f3f3f3"
                        stop-opacity="1"
                      />
                      <stop
                        offset="50%"
                        stop-color="#ecebeb"
                        stop-opacity="1"
                      />
                      <stop
                        offset="100%"
                        stop-color="#f3f3f3"
                        stop-opacity="1"
                      />
                      <animatetransform
                        attributeName="gradientTransform"
                        dur="2s"
                        repeatCount="indefinite"
                        type="translate"
                        values="-2 0; 0 0; 2 0"
                      />
                    </lineargradient>
                  </defs>
                </svg>
              </td>
              <td>
                <svg
                  aria-labelledby="uerpvc-aria"
                  height="20"
                  role="img"
                  viewBox="0 0 120 20"
                  width="120"
                >
                  <title
                    id="uerpvc-aria"
                  >
                    Loading...
                  </title>
                  <rect
                    clip-path="url(#uerpvc-diff)"
                    height="100%"
                    role="presentation"
                    style="fill: url(#uerpvc-animated-diff);"
                    width="100%"
                    x="0"
                    y="0"
                  />
                  <defs>
                    <clippath
                      id="uerpvc-diff"
                    >
                      <rect
                        height="12"
                        rx="3"
                        ry="3"
                        width="100"
                        x="0"
                        y="0"
                      />
                    </clippath>
                    <lineargradient
                      gradientTransform="translate(-2 0)"
                      id="uerpvc-animated-diff"
                    >
                      <stop
                        offset="0%"
                        stop-color="#f3f3f3"
                        stop-opacity="1"
                      />
                      <stop
                        offset="50%"
                        stop-color="#ecebeb"
                        stop-opacity="1"
                      />
                      <stop
                        offset="100%"
                        stop-color="#f3f3f3"
                        stop-opacity="1"
                      />
                      <animatetransform
                        attributeName="gradientTransform"
                        dur="2s"
                        repeatCount="indefinite"
                        type="translate"
                        values="-2 0; 0 0; 2 0"
                      />
                    </lineargradient>
                  </defs>
                </svg>
              </td>
              <td>
                <svg
                  aria-labelledby="wcgg02p-aria"
                  height="20"
                  role="img"
                  viewBox="0 0 120 20"
                  width="120"
                >
                  <title
                    id="wcgg02p-aria"
                  >
                    Loading...
                  </title>
                  <rect
                    clip-path="url(#wcgg02p-diff)"
                    height="100%"
                    role="presentation"
                    style="fill: url(#wcgg02p-animated-diff);"
                    width="100%"
                    x="0"
                    y="0"
                  />
                  <defs>
                    <clippath
                      id="wcgg02p-diff"
                    >
                      <rect
                        height="12"
                        rx="3"
                        ry="3"
                        width="100"
                        x="0"
                        y="0"
                      />
                    </clippath>
                    <lineargradient
                      gradientTransform="translate(-2 0)"
                      id="wcgg02p-animated-diff"
                    >
                      <stop
                        offset="0%"
                        stop-color="#f3f3f3"
                        stop-opacity="1"
                      />
                      <stop
                        offset="50%"
                        stop-color="#ecebeb"
                        stop-opacity="1"
                      />
                      <stop
                        offset="100%"
                        stop-color="#f3f3f3"
                        stop-opacity="1"
                      />
                      <animatetransform
                        attributeName="gradientTransform"
                        dur="2s"
                        repeatCount="indefinite"
                        type="translate"
                        values="-2 0; 0 0; 2 0"
                      />
                    </lineargradient>
                  </defs>
                </svg>
              </td>
              <td>
                <svg
                  aria-labelledby="h3itp7v-aria"
                  height="20"
                  role="img"
                  viewBox="0 0 120 20"
                  width="120"
                >
                  <title
                    id="h3itp7v-aria"
                  >
                    Loading...
                  </title>
                  <rect
                    clip-path="url(#h3itp7v-diff)"
                    height="100%"
                    role="presentation"
                    style="fill: url(#h3itp7v-animated-diff);"
                    width="100%"
                    x="0"
                    y="0"
                  />
                  <defs>
                    <clippath
                      id="h3itp7v-diff"
                    >
                      <rect
                        height="12"
                        rx="3"
                        ry="3"
                        width="100"
                        x="0"
                        y="0"
                      />
                    </clippath>
                    <lineargradient
                      gradientTransform="translate(-2 0)"
                      id="h3itp7v-animated-diff"
                    >
                      <stop
                        offset="0%"
                        stop-color="#f3f3f3"
                        stop-opacity="1"
                      />
                      <stop
                        offset="50%"
                        stop-color="#ecebeb"
                        stop-opacity="1"
                      />
                      <stop
                        offset="100%"
                        stop-color="#f3f3f3"
                        stop-opacity="1"
                      />
                      <animatetransform
                        attributeName="gradientTransform"
                        dur="2s"
                        repeatCount="indefinite"
                        type="translate"
                        values="-2 0; 0 0; 2 0"
                      />
                    </lineargradient>
                  </defs>
                </svg>
              </td>
              <td>
                <svg
                  aria-labelledby="p1bq5a5-aria"
                  height="24"
                  role="img"
                  viewBox="0 0 100 24"
                  width="100"
                >
                  <title
                    id="p1bq5a5-aria"
                  >
                    Loading...
                  </title>
                  <rect
                    clip-path="url(#p1bq5a5-diff)"
                    height="100%"
                    role="presentation"
                    style="fill: url(#p1bq5a5-animated-diff);"
                    width="100%"
                    x="0"
                    y="0"
                  />
                  <defs>
                    <clippath
                      id="p1bq5a5-diff"
                    >
                      <rect
                        height="24"
                        rx="12"
                        ry="12"
                        width="80"
                        x="0"
                        y="0"
                      />
                    </clippath>
                    <lineargradient
                      gradientTransform="translate(-2 0)"
                      id="p1bq5a5-animated-diff"
                    >
                      <stop
                        offset="0%"
                        stop-color="#f3f3f3"
                        stop-opacity="1"
                      />
                      <stop
                        offset="50%"
                        stop-color="#ecebeb"
                        stop-opacity="1"
                      />
                      <stop
                        offset="100%"
                        stop-color="#f3f3f3"
                        stop-opacity="1"
                      />
                      <animatetransform
                        attributeName="gradientTransform"
                        dur="2s"
                        repeatCount="indefinite"
                        type="translate"
                        values="-2 0; 0 0; 2 0"
                      />
                    </lineargradient>
                  </defs>
                </svg>
              </td>
              <td>
                <svg
                  aria-labelledby="rjmji8q-aria"
                  height="20"
                  role="img"
                  viewBox="0 0 120 20"
                  width="120"
                >
                  <title
                    id="rjmji8q-aria"
                  >
                    Loading...
                  </title>
                  <rect
                    clip-path="url(#rjmji8q-diff)"
                    height="100%"
                    role="presentation"
                    style="fill: url(#rjmji8q-animated-diff);"
                    width="100%"
                    x="0"
                    y="0"
                  />
                  <defs>
                    <clippath
                      id="rjmji8q-diff"
                    >
                      <rect
                        height="12"
                        rx="3"
                        ry="3"
                        width="100"
                        x="0"
                        y="0"
                      />
                    </clippath>
                    <lineargradient
                      gradientTransform="translate(-2 0)"
                      id="rjmji8q-animated-diff"
                    >
                      <stop
                        offset="0%"
                        stop-color="#f3f3f3"
                        stop-opacity="1"
                      />
                      <stop
                        offset="50%"
                        stop-color="#ecebeb"
                        stop-opacity="1"
                      />
                      <stop
                        offset="100%"
                        stop-color="#f3f3f3"
                        stop-opacity="1"
                      />
                      <animatetransform
                        attributeName="gradientTransform"
                        dur="2s"
                        repeatCount="indefinite"
                        type="translate"
                        values="-2 0; 0 0; 2 0"
                      />
                    </lineargradient>
                  </defs>
                </svg>
              </td>
            </tr>
            <tr
              class="tableRow"
            >
              <td>
                <svg
                  aria-labelledby="bwi899w-aria"
                  height="20"
                  role="img"
                  viewBox="0 0 120 20"
                  width="120"
                >
                  <title
                    id="bwi899w-aria"
                  >
                    Loading...
                  </title>
                  <rect
                    clip-path="url(#bwi899w-diff)"
                    height="100%"
                    role="presentation"
                    style="fill: url(#bwi899w-animated-diff);"
                    width="100%"
                    x="0"
                    y="0"
                  />
                  <defs>
                    <clippath
                      id="bwi899w-diff"
                    >
                      <rect
                        height="12"
                        rx="3"
                        ry="3"
                        width="100"
                        x="0"
                        y="0"
                      />
                    </clippath>
                    <lineargradient
                      gradientTransform="translate(-2 0)"
                      id="bwi899w-animated-diff"
                    >
                      <stop
                        offset="0%"
                        stop-color="#f3f3f3"
                        stop-opacity="1"
                      />
                      <stop
                        offset="50%"
                        stop-color="#ecebeb"
                        stop-opacity="1"
                      />
                      <stop
                        offset="100%"
                        stop-color="#f3f3f3"
                        stop-opacity="1"
                      />
                      <animatetransform
                        attributeName="gradientTransform"
                        dur="2s"
                        repeatCount="indefinite"
                        type="translate"
                        values="-2 0; 0 0; 2 0"
                      />
                    </lineargradient>
                  </defs>
                </svg>
              </td>
              <td>
                <svg
                  aria-labelledby="z6u2nbk-aria"
                  height="50"
                  role="img"
                  viewBox="0 0 200 50"
                  width="200"
                >
                  <title
                    id="z6u2nbk-aria"
                  >
                    Loading...
                  </title>
                  <rect
                    clip-path="url(#z6u2nbk-diff)"
                    height="100%"
                    role="presentation"
                    style="fill: url(#z6u2nbk-animated-diff);"
                    width="100%"
                    x="0"
                    y="0"
                  />
                  <defs>
                    <clippath
                      id="z6u2nbk-diff"
                    >
                      <circle
                        cx="20"
                        cy="20"
                        r="20"
                      />
                      <rect
                        height="10"
                        rx="3"
                        ry="3"
                        width="120"
                        x="50"
                        y="5"
                      />
                      <rect
                        height="8"
                        rx="3"
                        ry="3"
                        width="100"
                        x="50"
                        y="20"
                      />
                      <rect
                        height="8"
                        rx="3"
                        ry="3"
                        width="90"
                        x="50"
                        y="34"
                      />
                    </clippath>
                    <lineargradient
                      gradientTransform="translate(-2 0)"
                      id="z6u2nbk-animated-diff"
                    >
                      <stop
                        offset="0%"
                        stop-color="#f3f3f3"
                        stop-opacity="1"
                      />
                      <stop
                        offset="50%"
                        stop-color="#ecebeb"
                        stop-opacity="1"
                      />
                      <stop
                        offset="100%"
                        stop-color="#f3f3f3"
                        stop-opacity="1"
                      />
                      <animatetransform
                        attributeName="gradientTransform"
                        dur="2s"
                        repeatCount="indefinite"
                        type="translate"
                        values="-2 0; 0 0; 2 0"
                      />
                    </lineargradient>
                  </defs>
                </svg>
              </td>
              <td>
                <svg
                  aria-labelledby="oylib3x-aria"
                  height="20"
                  role="img"
                  viewBox="0 0 120 20"
                  width="120"
                >
                  <title
                    id="oylib3x-aria"
                  >
                    Loading...
                  </title>
                  <rect
                    clip-path="url(#oylib3x-diff)"
                    height="100%"
                    role="presentation"
                    style="fill: url(#oylib3x-animated-diff);"
                    width="100%"
                    x="0"
                    y="0"
                  />
                  <defs>
                    <clippath
                      id="oylib3x-diff"
                    >
                      <rect
                        height="12"
                        rx="3"
                        ry="3"
                        width="100"
                        x="0"
                        y="0"
                      />
                    </clippath>
                    <lineargradient
                      gradientTransform="translate(-2 0)"
                      id="oylib3x-animated-diff"
                    >
                      <stop
                        offset="0%"
                        stop-color="#f3f3f3"
                        stop-opacity="1"
                      />
                      <stop
                        offset="50%"
                        stop-color="#ecebeb"
                        stop-opacity="1"
                      />
                      <stop
                        offset="100%"
                        stop-color="#f3f3f3"
                        stop-opacity="1"
                      />
                      <animatetransform
                        attributeName="gradientTransform"
                        dur="2s"
                        repeatCount="indefinite"
                        type="translate"
                        values="-2 0; 0 0; 2 0"
                      />
                    </lineargradient>
                  </defs>
                </svg>
              </td>
              <td>
                <svg
                  aria-labelledby="9rlgqkj-aria"
                  height="20"
                  role="img"
                  viewBox="0 0 120 20"
                  width="120"
                >
                  <title
                    id="9rlgqkj-aria"
                  >
                    Loading...
                  </title>
                  <rect
                    clip-path="url(#9rlgqkj-diff)"
                    height="100%"
                    role="presentation"
                    style="fill: url(#9rlgqkj-animated-diff);"
                    width="100%"
                    x="0"
                    y="0"
                  />
                  <defs>
                    <clippath
                      id="9rlgqkj-diff"
                    >
                      <rect
                        height="12"
                        rx="3"
                        ry="3"
                        width="100"
                        x="0"
                        y="0"
                      />
                    </clippath>
                    <lineargradient
                      gradientTransform="translate(-2 0)"
                      id="9rlgqkj-animated-diff"
                    >
                      <stop
                        offset="0%"
                        stop-color="#f3f3f3"
                        stop-opacity="1"
                      />
                      <stop
                        offset="50%"
                        stop-color="#ecebeb"
                        stop-opacity="1"
                      />
                      <stop
                        offset="100%"
                        stop-color="#f3f3f3"
                        stop-opacity="1"
                      />
                      <animatetransform
                        attributeName="gradientTransform"
                        dur="2s"
                        repeatCount="indefinite"
                        type="translate"
                        values="-2 0; 0 0; 2 0"
                      />
                    </lineargradient>
                  </defs>
                </svg>
              </td>
              <td>
                <svg
                  aria-labelledby="ui044b-aria"
                  height="20"
                  role="img"
                  viewBox="0 0 120 20"
                  width="120"
                >
                  <title
                    id="ui044b-aria"
                  >
                    Loading...
                  </title>
                  <rect
                    clip-path="url(#ui044b-diff)"
                    height="100%"
                    role="presentation"
                    style="fill: url(#ui044b-animated-diff);"
                    width="100%"
                    x="0"
                    y="0"
                  />
                  <defs>
                    <clippath
                      id="ui044b-diff"
                    >
                      <rect
                        height="12"
                        rx="3"
                        ry="3"
                        width="100"
                        x="0"
                        y="0"
                      />
                    </clippath>
                    <lineargradient
                      gradientTransform="translate(-2 0)"
                      id="ui044b-animated-diff"
                    >
                      <stop
                        offset="0%"
                        stop-color="#f3f3f3"
                        stop-opacity="1"
                      />
                      <stop
                        offset="50%"
                        stop-color="#ecebeb"
                        stop-opacity="1"
                      />
                      <stop
                        offset="100%"
                        stop-color="#f3f3f3"
                        stop-opacity="1"
                      />
                      <animatetransform
                        attributeName="gradientTransform"
                        dur="2s"
                        repeatCount="indefinite"
                        type="translate"
                        values="-2 0; 0 0; 2 0"
                      />
                    </lineargradient>
                  </defs>
                </svg>
              </td>
              <td>
                <svg
                  aria-labelledby="36wahov-aria"
                  height="24"
                  role="img"
                  viewBox="0 0 100 24"
                  width="100"
                >
                  <title
                    id="36wahov-aria"
                  >
                    Loading...
                  </title>
                  <rect
                    clip-path="url(#36wahov-diff)"
                    height="100%"
                    role="presentation"
                    style="fill: url(#36wahov-animated-diff);"
                    width="100%"
                    x="0"
                    y="0"
                  />
                  <defs>
                    <clippath
                      id="36wahov-diff"
                    >
                      <rect
                        height="24"
                        rx="12"
                        ry="12"
                        width="80"
                        x="0"
                        y="0"
                      />
                    </clippath>
                    <lineargradient
                      gradientTransform="translate(-2 0)"
                      id="36wahov-animated-diff"
                    >
                      <stop
                        offset="0%"
                        stop-color="#f3f3f3"
                        stop-opacity="1"
                      />
                      <stop
                        offset="50%"
                        stop-color="#ecebeb"
                        stop-opacity="1"
                      />
                      <stop
                        offset="100%"
                        stop-color="#f3f3f3"
                        stop-opacity="1"
                      />
                      <animatetransform
                        attributeName="gradientTransform"
                        dur="2s"
                        repeatCount="indefinite"
                        type="translate"
                        values="-2 0; 0 0; 2 0"
                      />
                    </lineargradient>
                  </defs>
                </svg>
              </td>
              <td>
                <svg
                  aria-labelledby="bekzs1f-aria"
                  height="20"
                  role="img"
                  viewBox="0 0 120 20"
                  width="120"
                >
                  <title
                    id="bekzs1f-aria"
                  >
                    Loading...
                  </title>
                  <rect
                    clip-path="url(#bekzs1f-diff)"
                    height="100%"
                    role="presentation"
                    style="fill: url(#bekzs1f-animated-diff);"
                    width="100%"
                    x="0"
                    y="0"
                  />
                  <defs>
                    <clippath
                      id="bekzs1f-diff"
                    >
                      <rect
                        height="12"
                        rx="3"
                        ry="3"
                        width="100"
                        x="0"
                        y="0"
                      />
                    </clippath>
                    <lineargradient
                      gradientTransform="translate(-2 0)"
                      id="bekzs1f-animated-diff"
                    >
                      <stop
                        offset="0%"
                        stop-color="#f3f3f3"
                        stop-opacity="1"
                      />
                      <stop
                        offset="50%"
                        stop-color="#ecebeb"
                        stop-opacity="1"
                      />
                      <stop
                        offset="100%"
                        stop-color="#f3f3f3"
                        stop-opacity="1"
                      />
                      <animatetransform
                        attributeName="gradientTransform"
                        dur="2s"
                        repeatCount="indefinite"
                        type="translate"
                        values="-2 0; 0 0; 2 0"
                      />
                    </lineargradient>
                  </defs>
                </svg>
              </td>
            </tr>
            <tr
              class="tableRow"
            >
              <td>
                <svg
                  aria-labelledby="b62a6q-aria"
                  height="20"
                  role="img"
                  viewBox="0 0 120 20"
                  width="120"
                >
                  <title
                    id="b62a6q-aria"
                  >
                    Loading...
                  </title>
                  <rect
                    clip-path="url(#b62a6q-diff)"
                    height="100%"
                    role="presentation"
                    style="fill: url(#b62a6q-animated-diff);"
                    width="100%"
                    x="0"
                    y="0"
                  />
                  <defs>
                    <clippath
                      id="b62a6q-diff"
                    >
                      <rect
                        height="12"
                        rx="3"
                        ry="3"
                        width="100"
                        x="0"
                        y="0"
                      />
                    </clippath>
                    <lineargradient
                      gradientTransform="translate(-2 0)"
                      id="b62a6q-animated-diff"
                    >
                      <stop
                        offset="0%"
                        stop-color="#f3f3f3"
                        stop-opacity="1"
                      />
                      <stop
                        offset="50%"
                        stop-color="#ecebeb"
                        stop-opacity="1"
                      />
                      <stop
                        offset="100%"
                        stop-color="#f3f3f3"
                        stop-opacity="1"
                      />
                      <animatetransform
                        attributeName="gradientTransform"
                        dur="2s"
                        repeatCount="indefinite"
                        type="translate"
                        values="-2 0; 0 0; 2 0"
                      />
                    </lineargradient>
                  </defs>
                </svg>
              </td>
              <td>
                <svg
                  aria-labelledby="q6g8o6c-aria"
                  height="50"
                  role="img"
                  viewBox="0 0 200 50"
                  width="200"
                >
                  <title
                    id="q6g8o6c-aria"
                  >
                    Loading...
                  </title>
                  <rect
                    clip-path="url(#q6g8o6c-diff)"
                    height="100%"
                    role="presentation"
                    style="fill: url(#q6g8o6c-animated-diff);"
                    width="100%"
                    x="0"
                    y="0"
                  />
                  <defs>
                    <clippath
                      id="q6g8o6c-diff"
                    >
                      <circle
                        cx="20"
                        cy="20"
                        r="20"
                      />
                      <rect
                        height="10"
                        rx="3"
                        ry="3"
                        width="120"
                        x="50"
                        y="5"
                      />
                      <rect
                        height="8"
                        rx="3"
                        ry="3"
                        width="100"
                        x="50"
                        y="20"
                      />
                      <rect
                        height="8"
                        rx="3"
                        ry="3"
                        width="90"
                        x="50"
                        y="34"
                      />
                    </clippath>
                    <lineargradient
                      gradientTransform="translate(-2 0)"
                      id="q6g8o6c-animated-diff"
                    >
                      <stop
                        offset="0%"
                        stop-color="#f3f3f3"
                        stop-opacity="1"
                      />
                      <stop
                        offset="50%"
                        stop-color="#ecebeb"
                        stop-opacity="1"
                      />
                      <stop
                        offset="100%"
                        stop-color="#f3f3f3"
                        stop-opacity="1"
                      />
                      <animatetransform
                        attributeName="gradientTransform"
                        dur="2s"
                        repeatCount="indefinite"
                        type="translate"
                        values="-2 0; 0 0; 2 0"
                      />
                    </lineargradient>
                  </defs>
                </svg>
              </td>
              <td>
                <svg
                  aria-labelledby="4bnv54q-aria"
                  height="20"
                  role="img"
                  viewBox="0 0 120 20"
                  width="120"
                >
                  <title
                    id="4bnv54q-aria"
                  >
                    Loading...
                  </title>
                  <rect
                    clip-path="url(#4bnv54q-diff)"
                    height="100%"
                    role="presentation"
                    style="fill: url(#4bnv54q-animated-diff);"
                    width="100%"
                    x="0"
                    y="0"
                  />
                  <defs>
                    <clippath
                      id="4bnv54q-diff"
                    >
                      <rect
                        height="12"
                        rx="3"
                        ry="3"
                        width="100"
                        x="0"
                        y="0"
                      />
                    </clippath>
                    <lineargradient
                      gradientTransform="translate(-2 0)"
                      id="4bnv54q-animated-diff"
                    >
                      <stop
                        offset="0%"
                        stop-color="#f3f3f3"
                        stop-opacity="1"
                      />
                      <stop
                        offset="50%"
                        stop-color="#ecebeb"
                        stop-opacity="1"
                      />
                      <stop
                        offset="100%"
                        stop-color="#f3f3f3"
                        stop-opacity="1"
                      />
                      <animatetransform
                        attributeName="gradientTransform"
                        dur="2s"
                        repeatCount="indefinite"
                        type="translate"
                        values="-2 0; 0 0; 2 0"
                      />
                    </lineargradient>
                  </defs>
                </svg>
              </td>
              <td>
                <svg
                  aria-labelledby="21shvv-aria"
                  height="20"
                  role="img"
                  viewBox="0 0 120 20"
                  width="120"
                >
                  <title
                    id="21shvv-aria"
                  >
                    Loading...
                  </title>
                  <rect
                    clip-path="url(#21shvv-diff)"
                    height="100%"
                    role="presentation"
                    style="fill: url(#21shvv-animated-diff);"
                    width="100%"
                    x="0"
                    y="0"
                  />
                  <defs>
                    <clippath
                      id="21shvv-diff"
                    >
                      <rect
                        height="12"
                        rx="3"
                        ry="3"
                        width="100"
                        x="0"
                        y="0"
                      />
                    </clippath>
                    <lineargradient
                      gradientTransform="translate(-2 0)"
                      id="21shvv-animated-diff"
                    >
                      <stop
                        offset="0%"
                        stop-color="#f3f3f3"
                        stop-opacity="1"
                      />
                      <stop
                        offset="50%"
                        stop-color="#ecebeb"
                        stop-opacity="1"
                      />
                      <stop
                        offset="100%"
                        stop-color="#f3f3f3"
                        stop-opacity="1"
                      />
                      <animatetransform
                        attributeName="gradientTransform"
                        dur="2s"
                        repeatCount="indefinite"
                        type="translate"
                        values="-2 0; 0 0; 2 0"
                      />
                    </lineargradient>
                  </defs>
                </svg>
              </td>
              <td>
                <svg
                  aria-labelledby="u2nzx8m-aria"
                  height="20"
                  role="img"
                  viewBox="0 0 120 20"
                  width="120"
                >
                  <title
                    id="u2nzx8m-aria"
                  >
                    Loading...
                  </title>
                  <rect
                    clip-path="url(#u2nzx8m-diff)"
                    height="100%"
                    role="presentation"
                    style="fill: url(#u2nzx8m-animated-diff);"
                    width="100%"
                    x="0"
                    y="0"
                  />
                  <defs>
                    <clippath
                      id="u2nzx8m-diff"
                    >
                      <rect
                        height="12"
                        rx="3"
                        ry="3"
                        width="100"
                        x="0"
                        y="0"
                      />
                    </clippath>
                    <lineargradient
                      gradientTransform="translate(-2 0)"
                      id="u2nzx8m-animated-diff"
                    >
                      <stop
                        offset="0%"
                        stop-color="#f3f3f3"
                        stop-opacity="1"
                      />
                      <stop
                        offset="50%"
                        stop-color="#ecebeb"
                        stop-opacity="1"
                      />
                      <stop
                        offset="100%"
                        stop-color="#f3f3f3"
                        stop-opacity="1"
                      />
                      <animatetransform
                        attributeName="gradientTransform"
                        dur="2s"
                        repeatCount="indefinite"
                        type="translate"
                        values="-2 0; 0 0; 2 0"
                      />
                    </lineargradient>
                  </defs>
                </svg>
              </td>
              <td>
                <svg
                  aria-labelledby="tguxh5q-aria"
                  height="24"
                  role="img"
                  viewBox="0 0 100 24"
                  width="100"
                >
                  <title
                    id="tguxh5q-aria"
                  >
                    Loading...
                  </title>
                  <rect
                    clip-path="url(#tguxh5q-diff)"
                    height="100%"
                    role="presentation"
                    style="fill: url(#tguxh5q-animated-diff);"
                    width="100%"
                    x="0"
                    y="0"
                  />
                  <defs>
                    <clippath
                      id="tguxh5q-diff"
                    >
                      <rect
                        height="24"
                        rx="12"
                        ry="12"
                        width="80"
                        x="0"
                        y="0"
                      />
                    </clippath>
                    <lineargradient
                      gradientTransform="translate(-2 0)"
                      id="tguxh5q-animated-diff"
                    >
                      <stop
                        offset="0%"
                        stop-color="#f3f3f3"
                        stop-opacity="1"
                      />
                      <stop
                        offset="50%"
                        stop-color="#ecebeb"
                        stop-opacity="1"
                      />
                      <stop
                        offset="100%"
                        stop-color="#f3f3f3"
                        stop-opacity="1"
                      />
                      <animatetransform
                        attributeName="gradientTransform"
                        dur="2s"
                        repeatCount="indefinite"
                        type="translate"
                        values="-2 0; 0 0; 2 0"
                      />
                    </lineargradient>
                  </defs>
                </svg>
              </td>
              <td>
                <svg
                  aria-labelledby="jwlsv3p-aria"
                  height="20"
                  role="img"
                  viewBox="0 0 120 20"
                  width="120"
                >
                  <title
                    id="jwlsv3p-aria"
                  >
                    Loading...
                  </title>
                  <rect
                    clip-path="url(#jwlsv3p-diff)"
                    height="100%"
                    role="presentation"
                    style="fill: url(#jwlsv3p-animated-diff);"
                    width="100%"
                    x="0"
                    y="0"
                  />
                  <defs>
                    <clippath
                      id="jwlsv3p-diff"
                    >
                      <rect
                        height="12"
                        rx="3"
                        ry="3"
                        width="100"
                        x="0"
                        y="0"
                      />
                    </clippath>
                    <lineargradient
                      gradientTransform="translate(-2 0)"
                      id="jwlsv3p-animated-diff"
                    >
                      <stop
                        offset="0%"
                        stop-color="#f3f3f3"
                        stop-opacity="1"
                      />
                      <stop
                        offset="50%"
                        stop-color="#ecebeb"
                        stop-opacity="1"
                      />
                      <stop
                        offset="100%"
                        stop-color="#f3f3f3"
                        stop-opacity="1"
                      />
                      <animatetransform
                        attributeName="gradientTransform"
                        dur="2s"
                        repeatCount="indefinite"
                        type="translate"
                        values="-2 0; 0 0; 2 0"
                      />
                    </lineargradient>
                  </defs>
                </svg>
              </td>
            </tr>
            <tr
              class="tableRow"
            >
              <td>
                <svg
                  aria-labelledby="8kcgrid-aria"
                  height="20"
                  role="img"
                  viewBox="0 0 120 20"
                  width="120"
                >
                  <title
                    id="8kcgrid-aria"
                  >
                    Loading...
                  </title>
                  <rect
                    clip-path="url(#8kcgrid-diff)"
                    height="100%"
                    role="presentation"
                    style="fill: url(#8kcgrid-animated-diff);"
                    width="100%"
                    x="0"
                    y="0"
                  />
                  <defs>
                    <clippath
                      id="8kcgrid-diff"
                    >
                      <rect
                        height="12"
                        rx="3"
                        ry="3"
                        width="100"
                        x="0"
                        y="0"
                      />
                    </clippath>
                    <lineargradient
                      gradientTransform="translate(-2 0)"
                      id="8kcgrid-animated-diff"
                    >
                      <stop
                        offset="0%"
                        stop-color="#f3f3f3"
                        stop-opacity="1"
                      />
                      <stop
                        offset="50%"
                        stop-color="#ecebeb"
                        stop-opacity="1"
                      />
                      <stop
                        offset="100%"
                        stop-color="#f3f3f3"
                        stop-opacity="1"
                      />
                      <animatetransform
                        attributeName="gradientTransform"
                        dur="2s"
                        repeatCount="indefinite"
                        type="translate"
                        values="-2 0; 0 0; 2 0"
                      />
                    </lineargradient>
                  </defs>
                </svg>
              </td>
              <td>
                <svg
                  aria-labelledby="bxk42id-aria"
                  height="50"
                  role="img"
                  viewBox="0 0 200 50"
                  width="200"
                >
                  <title
                    id="bxk42id-aria"
                  >
                    Loading...
                  </title>
                  <rect
                    clip-path="url(#bxk42id-diff)"
                    height="100%"
                    role="presentation"
                    style="fill: url(#bxk42id-animated-diff);"
                    width="100%"
                    x="0"
                    y="0"
                  />
                  <defs>
                    <clippath
                      id="bxk42id-diff"
                    >
                      <circle
                        cx="20"
                        cy="20"
                        r="20"
                      />
                      <rect
                        height="10"
                        rx="3"
                        ry="3"
                        width="120"
                        x="50"
                        y="5"
                      />
                      <rect
                        height="8"
                        rx="3"
                        ry="3"
                        width="100"
                        x="50"
                        y="20"
                      />
                      <rect
                        height="8"
                        rx="3"
                        ry="3"
                        width="90"
                        x="50"
                        y="34"
                      />
                    </clippath>
                    <lineargradient
                      gradientTransform="translate(-2 0)"
                      id="bxk42id-animated-diff"
                    >
                      <stop
                        offset="0%"
                        stop-color="#f3f3f3"
                        stop-opacity="1"
                      />
                      <stop
                        offset="50%"
                        stop-color="#ecebeb"
                        stop-opacity="1"
                      />
                      <stop
                        offset="100%"
                        stop-color="#f3f3f3"
                        stop-opacity="1"
                      />
                      <animatetransform
                        attributeName="gradientTransform"
                        dur="2s"
                        repeatCount="indefinite"
                        type="translate"
                        values="-2 0; 0 0; 2 0"
                      />
                    </lineargradient>
                  </defs>
                </svg>
              </td>
              <td>
                <svg
                  aria-labelledby="60rh9xr-aria"
                  height="20"
                  role="img"
                  viewBox="0 0 120 20"
                  width="120"
                >
                  <title
                    id="60rh9xr-aria"
                  >
                    Loading...
                  </title>
                  <rect
                    clip-path="url(#60rh9xr-diff)"
                    height="100%"
                    role="presentation"
                    style="fill: url(#60rh9xr-animated-diff);"
                    width="100%"
                    x="0"
                    y="0"
                  />
                  <defs>
                    <clippath
                      id="60rh9xr-diff"
                    >
                      <rect
                        height="12"
                        rx="3"
                        ry="3"
                        width="100"
                        x="0"
                        y="0"
                      />
                    </clippath>
                    <lineargradient
                      gradientTransform="translate(-2 0)"
                      id="60rh9xr-animated-diff"
                    >
                      <stop
                        offset="0%"
                        stop-color="#f3f3f3"
                        stop-opacity="1"
                      />
                      <stop
                        offset="50%"
                        stop-color="#ecebeb"
                        stop-opacity="1"
                      />
                      <stop
                        offset="100%"
                        stop-color="#f3f3f3"
                        stop-opacity="1"
                      />
                      <animatetransform
                        attributeName="gradientTransform"
                        dur="2s"
                        repeatCount="indefinite"
                        type="translate"
                        values="-2 0; 0 0; 2 0"
                      />
                    </lineargradient>
                  </defs>
                </svg>
              </td>
              <td>
                <svg
                  aria-labelledby="v4dt1d3-aria"
                  height="20"
                  role="img"
                  viewBox="0 0 120 20"
                  width="120"
                >
                  <title
                    id="v4dt1d3-aria"
                  >
                    Loading...
                  </title>
                  <rect
                    clip-path="url(#v4dt1d3-diff)"
                    height="100%"
                    role="presentation"
                    style="fill: url(#v4dt1d3-animated-diff);"
                    width="100%"
                    x="0"
                    y="0"
                  />
                  <defs>
                    <clippath
                      id="v4dt1d3-diff"
                    >
                      <rect
                        height="12"
                        rx="3"
                        ry="3"
                        width="100"
                        x="0"
                        y="0"
                      />
                    </clippath>
                    <lineargradient
                      gradientTransform="translate(-2 0)"
                      id="v4dt1d3-animated-diff"
                    >
                      <stop
                        offset="0%"
                        stop-color="#f3f3f3"
                        stop-opacity="1"
                      />
                      <stop
                        offset="50%"
                        stop-color="#ecebeb"
                        stop-opacity="1"
                      />
                      <stop
                        offset="100%"
                        stop-color="#f3f3f3"
                        stop-opacity="1"
                      />
                      <animatetransform
                        attributeName="gradientTransform"
                        dur="2s"
                        repeatCount="indefinite"
                        type="translate"
                        values="-2 0; 0 0; 2 0"
                      />
                    </lineargradient>
                  </defs>
                </svg>
              </td>
              <td>
                <svg
                  aria-labelledby="45db9d5-aria"
                  height="20"
                  role="img"
                  viewBox="0 0 120 20"
                  width="120"
                >
                  <title
                    id="45db9d5-aria"
                  >
                    Loading...
                  </title>
                  <rect
                    clip-path="url(#45db9d5-diff)"
                    height="100%"
                    role="presentation"
                    style="fill: url(#45db9d5-animated-diff);"
                    width="100%"
                    x="0"
                    y="0"
                  />
                  <defs>
                    <clippath
                      id="45db9d5-diff"
                    >
                      <rect
                        height="12"
                        rx="3"
                        ry="3"
                        width="100"
                        x="0"
                        y="0"
                      />
                    </clippath>
                    <lineargradient
                      gradientTransform="translate(-2 0)"
                      id="45db9d5-animated-diff"
                    >
                      <stop
                        offset="0%"
                        stop-color="#f3f3f3"
                        stop-opacity="1"
                      />
                      <stop
                        offset="50%"
                        stop-color="#ecebeb"
                        stop-opacity="1"
                      />
                      <stop
                        offset="100%"
                        stop-color="#f3f3f3"
                        stop-opacity="1"
                      />
                      <animatetransform
                        attributeName="gradientTransform"
                        dur="2s"
                        repeatCount="indefinite"
                        type="translate"
                        values="-2 0; 0 0; 2 0"
                      />
                    </lineargradient>
                  </defs>
                </svg>
              </td>
              <td>
                <svg
                  aria-labelledby="dlga6m-aria"
                  height="24"
                  role="img"
                  viewBox="0 0 100 24"
                  width="100"
                >
                  <title
                    id="dlga6m-aria"
                  >
                    Loading...
                  </title>
                  <rect
                    clip-path="url(#dlga6m-diff)"
                    height="100%"
                    role="presentation"
                    style="fill: url(#dlga6m-animated-diff);"
                    width="100%"
                    x="0"
                    y="0"
                  />
                  <defs>
                    <clippath
                      id="dlga6m-diff"
                    >
                      <rect
                        height="24"
                        rx="12"
                        ry="12"
                        width="80"
                        x="0"
                        y="0"
                      />
                    </clippath>
                    <lineargradient
                      gradientTransform="translate(-2 0)"
                      id="dlga6m-animated-diff"
                    >
                      <stop
                        offset="0%"
                        stop-color="#f3f3f3"
                        stop-opacity="1"
                      />
                      <stop
                        offset="50%"
                        stop-color="#ecebeb"
                        stop-opacity="1"
                      />
                      <stop
                        offset="100%"
                        stop-color="#f3f3f3"
                        stop-opacity="1"
                      />
                      <animatetransform
                        attributeName="gradientTransform"
                        dur="2s"
                        repeatCount="indefinite"
                        type="translate"
                        values="-2 0; 0 0; 2 0"
                      />
                    </lineargradient>
                  </defs>
                </svg>
              </td>
              <td>
                <svg
                  aria-labelledby="smkn4ip-aria"
                  height="20"
                  role="img"
                  viewBox="0 0 120 20"
                  width="120"
                >
                  <title
                    id="smkn4ip-aria"
                  >
                    Loading...
                  </title>
                  <rect
                    clip-path="url(#smkn4ip-diff)"
                    height="100%"
                    role="presentation"
                    style="fill: url(#smkn4ip-animated-diff);"
                    width="100%"
                    x="0"
                    y="0"
                  />
                  <defs>
                    <clippath
                      id="smkn4ip-diff"
                    >
                      <rect
                        height="12"
                        rx="3"
                        ry="3"
                        width="100"
                        x="0"
                        y="0"
                      />
                    </clippath>
                    <lineargradient
                      gradientTransform="translate(-2 0)"
                      id="smkn4ip-animated-diff"
                    >
                      <stop
                        offset="0%"
                        stop-color="#f3f3f3"
                        stop-opacity="1"
                      />
                      <stop
                        offset="50%"
                        stop-color="#ecebeb"
                        stop-opacity="1"
                      />
                      <stop
                        offset="100%"
                        stop-color="#f3f3f3"
                        stop-opacity="1"
                      />
                      <animatetransform
                        attributeName="gradientTransform"
                        dur="2s"
                        repeatCount="indefinite"
                        type="translate"
                        values="-2 0; 0 0; 2 0"
                      />
                    </lineargradient>
                  </defs>
                </svg>
              </td>
            </tr>
            <tr
              class="tableRow"
            >
              <td>
                <svg
                  aria-labelledby="27lzx9-aria"
                  height="20"
                  role="img"
                  viewBox="0 0 120 20"
                  width="120"
                >
                  <title
                    id="27lzx9-aria"
                  >
                    Loading...
                  </title>
                  <rect
                    clip-path="url(#27lzx9-diff)"
                    height="100%"
                    role="presentation"
                    style="fill: url(#27lzx9-animated-diff);"
                    width="100%"
                    x="0"
                    y="0"
                  />
                  <defs>
                    <clippath
                      id="27lzx9-diff"
                    >
                      <rect
                        height="12"
                        rx="3"
                        ry="3"
                        width="100"
                        x="0"
                        y="0"
                      />
                    </clippath>
                    <lineargradient
                      gradientTransform="translate(-2 0)"
                      id="27lzx9-animated-diff"
                    >
                      <stop
                        offset="0%"
                        stop-color="#f3f3f3"
                        stop-opacity="1"
                      />
                      <stop
                        offset="50%"
                        stop-color="#ecebeb"
                        stop-opacity="1"
                      />
                      <stop
                        offset="100%"
                        stop-color="#f3f3f3"
                        stop-opacity="1"
                      />
                      <animatetransform
                        attributeName="gradientTransform"
                        dur="2s"
                        repeatCount="indefinite"
                        type="translate"
                        values="-2 0; 0 0; 2 0"
                      />
                    </lineargradient>
                  </defs>
                </svg>
              </td>
              <td>
                <svg
                  aria-labelledby="uoys7g-aria"
                  height="50"
                  role="img"
                  viewBox="0 0 200 50"
                  width="200"
                >
                  <title
                    id="uoys7g-aria"
                  >
                    Loading...
                  </title>
                  <rect
                    clip-path="url(#uoys7g-diff)"
                    height="100%"
                    role="presentation"
                    style="fill: url(#uoys7g-animated-diff);"
                    width="100%"
                    x="0"
                    y="0"
                  />
                  <defs>
                    <clippath
                      id="uoys7g-diff"
                    >
                      <circle
                        cx="20"
                        cy="20"
                        r="20"
                      />
                      <rect
                        height="10"
                        rx="3"
                        ry="3"
                        width="120"
                        x="50"
                        y="5"
                      />
                      <rect
                        height="8"
                        rx="3"
                        ry="3"
                        width="100"
                        x="50"
                        y="20"
                      />
                      <rect
                        height="8"
                        rx="3"
                        ry="3"
                        width="90"
                        x="50"
                        y="34"
                      />
                    </clippath>
                    <lineargradient
                      gradientTransform="translate(-2 0)"
                      id="uoys7g-animated-diff"
                    >
                      <stop
                        offset="0%"
                        stop-color="#f3f3f3"
                        stop-opacity="1"
                      />
                      <stop
                        offset="50%"
                        stop-color="#ecebeb"
                        stop-opacity="1"
                      />
                      <stop
                        offset="100%"
                        stop-color="#f3f3f3"
                        stop-opacity="1"
                      />
                      <animatetransform
                        attributeName="gradientTransform"
                        dur="2s"
                        repeatCount="indefinite"
                        type="translate"
                        values="-2 0; 0 0; 2 0"
                      />
                    </lineargradient>
                  </defs>
                </svg>
              </td>
              <td>
                <svg
                  aria-labelledby="he7ktxh-aria"
                  height="20"
                  role="img"
                  viewBox="0 0 120 20"
                  width="120"
                >
                  <title
                    id="he7ktxh-aria"
                  >
                    Loading...
                  </title>
                  <rect
                    clip-path="url(#he7ktxh-diff)"
                    height="100%"
                    role="presentation"
                    style="fill: url(#he7ktxh-animated-diff);"
                    width="100%"
                    x="0"
                    y="0"
                  />
                  <defs>
                    <clippath
                      id="he7ktxh-diff"
                    >
                      <rect
                        height="12"
                        rx="3"
                        ry="3"
                        width="100"
                        x="0"
                        y="0"
                      />
                    </clippath>
                    <lineargradient
                      gradientTransform="translate(-2 0)"
                      id="he7ktxh-animated-diff"
                    >
                      <stop
                        offset="0%"
                        stop-color="#f3f3f3"
                        stop-opacity="1"
                      />
                      <stop
                        offset="50%"
                        stop-color="#ecebeb"
                        stop-opacity="1"
                      />
                      <stop
                        offset="100%"
                        stop-color="#f3f3f3"
                        stop-opacity="1"
                      />
                      <animatetransform
                        attributeName="gradientTransform"
                        dur="2s"
                        repeatCount="indefinite"
                        type="translate"
                        values="-2 0; 0 0; 2 0"
                      />
                    </lineargradient>
                  </defs>
                </svg>
              </td>
              <td>
                <svg
                  aria-labelledby="ldfdaxe-aria"
                  height="20"
                  role="img"
                  viewBox="0 0 120 20"
                  width="120"
                >
                  <title
                    id="ldfdaxe-aria"
                  >
                    Loading...
                  </title>
                  <rect
                    clip-path="url(#ldfdaxe-diff)"
                    height="100%"
                    role="presentation"
                    style="fill: url(#ldfdaxe-animated-diff);"
                    width="100%"
                    x="0"
                    y="0"
                  />
                  <defs>
                    <clippath
                      id="ldfdaxe-diff"
                    >
                      <rect
                        height="12"
                        rx="3"
                        ry="3"
                        width="100"
                        x="0"
                        y="0"
                      />
                    </clippath>
                    <lineargradient
                      gradientTransform="translate(-2 0)"
                      id="ldfdaxe-animated-diff"
                    >
                      <stop
                        offset="0%"
                        stop-color="#f3f3f3"
                        stop-opacity="1"
                      />
                      <stop
                        offset="50%"
                        stop-color="#ecebeb"
                        stop-opacity="1"
                      />
                      <stop
                        offset="100%"
                        stop-color="#f3f3f3"
                        stop-opacity="1"
                      />
                      <animatetransform
                        attributeName="gradientTransform"
                        dur="2s"
                        repeatCount="indefinite"
                        type="translate"
                        values="-2 0; 0 0; 2 0"
                      />
                    </lineargradient>
                  </defs>
                </svg>
              </td>
              <td>
                <svg
                  aria-labelledby="9v31ul-aria"
                  height="20"
                  role="img"
                  viewBox="0 0 120 20"
                  width="120"
                >
                  <title
                    id="9v31ul-aria"
                  >
                    Loading...
                  </title>
                  <rect
                    clip-path="url(#9v31ul-diff)"
                    height="100%"
                    role="presentation"
                    style="fill: url(#9v31ul-animated-diff);"
                    width="100%"
                    x="0"
                    y="0"
                  />
                  <defs>
                    <clippath
                      id="9v31ul-diff"
                    >
                      <rect
                        height="12"
                        rx="3"
                        ry="3"
                        width="100"
                        x="0"
                        y="0"
                      />
                    </clippath>
                    <lineargradient
                      gradientTransform="translate(-2 0)"
                      id="9v31ul-animated-diff"
                    >
                      <stop
                        offset="0%"
                        stop-color="#f3f3f3"
                        stop-opacity="1"
                      />
                      <stop
                        offset="50%"
                        stop-color="#ecebeb"
                        stop-opacity="1"
                      />
                      <stop
                        offset="100%"
                        stop-color="#f3f3f3"
                        stop-opacity="1"
                      />
                      <animatetransform
                        attributeName="gradientTransform"
                        dur="2s"
                        repeatCount="indefinite"
                        type="translate"
                        values="-2 0; 0 0; 2 0"
                      />
                    </lineargradient>
                  </defs>
                </svg>
              </td>
              <td>
                <svg
                  aria-labelledby="6rxi2o-aria"
                  height="24"
                  role="img"
                  viewBox="0 0 100 24"
                  width="100"
                >
                  <title
                    id="6rxi2o-aria"
                  >
                    Loading...
                  </title>
                  <rect
                    clip-path="url(#6rxi2o-diff)"
                    height="100%"
                    role="presentation"
                    style="fill: url(#6rxi2o-animated-diff);"
                    width="100%"
                    x="0"
                    y="0"
                  />
                  <defs>
                    <clippath
                      id="6rxi2o-diff"
                    >
                      <rect
                        height="24"
                        rx="12"
                        ry="12"
                        width="80"
                        x="0"
                        y="0"
                      />
                    </clippath>
                    <lineargradient
                      gradientTransform="translate(-2 0)"
                      id="6rxi2o-animated-diff"
                    >
                      <stop
                        offset="0%"
                        stop-color="#f3f3f3"
                        stop-opacity="1"
                      />
                      <stop
                        offset="50%"
                        stop-color="#ecebeb"
                        stop-opacity="1"
                      />
                      <stop
                        offset="100%"
                        stop-color="#f3f3f3"
                        stop-opacity="1"
                      />
                      <animatetransform
                        attributeName="gradientTransform"
                        dur="2s"
                        repeatCount="indefinite"
                        type="translate"
                        values="-2 0; 0 0; 2 0"
                      />
                    </lineargradient>
                  </defs>
                </svg>
              </td>
              <td>
                <svg
                  aria-labelledby="9oka7ko-aria"
                  height="20"
                  role="img"
                  viewBox="0 0 120 20"
                  width="120"
                >
                  <title
                    id="9oka7ko-aria"
                  >
                    Loading...
                  </title>
                  <rect
                    clip-path="url(#9oka7ko-diff)"
                    height="100%"
                    role="presentation"
                    style="fill: url(#9oka7ko-animated-diff);"
                    width="100%"
                    x="0"
                    y="0"
                  />
                  <defs>
                    <clippath
                      id="9oka7ko-diff"
                    >
                      <rect
                        height="12"
                        rx="3"
                        ry="3"
                        width="100"
                        x="0"
                        y="0"
                      />
                    </clippath>
                    <lineargradient
                      gradientTransform="translate(-2 0)"
                      id="9oka7ko-animated-diff"
                    >
                      <stop
                        offset="0%"
                        stop-color="#f3f3f3"
                        stop-opacity="1"
                      />
                      <stop
                        offset="50%"
                        stop-color="#ecebeb"
                        stop-opacity="1"
                      />
                      <stop
                        offset="100%"
                        stop-color="#f3f3f3"
                        stop-opacity="1"
                      />
                      <animatetransform
                        attributeName="gradientTransform"
                        dur="2s"
                        repeatCount="indefinite"
                        type="translate"
                        values="-2 0; 0 0; 2 0"
                      />
                    </lineargradient>
                  </defs>
                </svg>
              </td>
            </tr>
          </tbody>
        </table>
      </div>
    </div>
  </div>
</DocumentFragment>
`;
