// Jest Snapshot v1, https://jestjs.io/docs/snapshot-testing

exports[`Home matches snapshot 1`] = `
<DocumentFragment>
  <div
    class="container"
    data-testid="BookingsTest"
  >
    <div
      class="card"
    >
      <div
        class="textCard"
      >
        <div
          class="container"
          data-testid="TextFieldTest"
        >
          <label
            class="typography label align-left label"
            data-testid="TypographyTest"
          >
            Search 
          </label>
          <div
            class="inputWrapper"
          >
            <input
              class="inputField"
              placeholder="Search bookings..."
              type="text"
            />
          </div>
        </div>
      </div>
      <div
        class="filterCard"
      >
        <div
          class="dropdown statusDropdown"
          data-testid="DropdownTest"
          tabindex="0"
        >
          <div
            class="inputWrapper"
          >
            <label
              class="typography label align-left label"
              data-testid="TypographyTest"
            >
              Status
            </label>
            <div
              class="inputWithIcon"
            >
              <div
                class="container"
                data-testid="TextFieldTest"
              >
                <div
                  class="inputWrapper"
                >
                  <input
                    class="inputField"
                    placeholder="Select..."
                    readonly=""
                    type="text"
                  />
                </div>
              </div>
              <span
                class="chevronIcon"
              >
                <svg
                  aria-hidden="true"
                  class="lucide lucide-chevron-down"
                  fill="none"
                  height="16"
                  stroke="currentColor"
                  stroke-linecap="round"
                  stroke-linejoin="round"
                  stroke-width="2"
                  viewBox="0 0 24 24"
                  width="16"
                  xmlns="http://www.w3.org/2000/svg"
                >
                  <path
                    d="m6 9 6 6 6-6"
                  />
                </svg>
              </span>
            </div>
          </div>
        </div>
        <div
          class="dropdown statusDropdown"
          data-testid="DropdownTest"
          tabindex="0"
        >
          <div
            class="inputWrapper"
          >
            <label
              class="typography label align-left label"
              data-testid="TypographyTest"
            >
              Tour
            </label>
            <div
              class="inputWithIcon"
            >
              <div
                class="container"
                data-testid="TextFieldTest"
              >
                <div
                  class="inputWrapper"
                >
                  <input
                    class="inputField"
                    placeholder="Select..."
                    readonly=""
                    type="text"
                  />
                </div>
              </div>
              <span
                class="chevronIcon"
              >
                <svg
                  aria-hidden="true"
                  class="lucide lucide-chevron-down"
                  fill="none"
                  height="16"
                  stroke="currentColor"
                  stroke-linecap="round"
                  stroke-linejoin="round"
                  stroke-width="2"
                  viewBox="0 0 24 24"
                  width="16"
                  xmlns="http://www.w3.org/2000/svg"
                >
                  <path
                    d="m6 9 6 6 6-6"
                  />
                </svg>
              </span>
            </div>
          </div>
        </div>
        <div
          class="dropdown statusDropdown"
          data-testid="DropdownTest"
          tabindex="0"
        >
          <div
            class="inputWrapper"
          >
            <label
              class="typography label align-left label"
              data-testid="TypographyTest"
            >
              Quick Date Filter
            </label>
            <div
              class="inputWithIcon"
            >
              <div
                class="container"
                data-testid="TextFieldTest"
              >
                <div
                  class="inputWrapper"
                >
                  <input
                    class="inputField"
                    placeholder="Select preset"
                    readonly=""
                    type="text"
                  />
                </div>
              </div>
              <span
                class="chevronIcon"
              >
                <svg
                  aria-hidden="true"
                  class="lucide lucide-chevron-down"
                  fill="none"
                  height="16"
                  stroke="currentColor"
                  stroke-linecap="round"
                  stroke-linejoin="round"
                  stroke-width="2"
                  viewBox="0 0 24 24"
                  width="16"
                  xmlns="http://www.w3.org/2000/svg"
                >
                  <path
                    d="m6 9 6 6 6-6"
                  />
                </svg>
              </span>
            </div>
          </div>
        </div>
        <div
          data-testid="DatePickerTest"
        >
          <div
            class="container"
            data-testid="TextFieldTest"
          >
            <label
              class="typography label align-left label"
              data-testid="TypographyTest"
            >
              Date Range 
            </label>
            <div
              class="inputWrapper"
            >
              <input
                class="inputField"
                placeholder="Select date"
                readonly=""
                type="text"
              />
              <div
                class="iconButton"
              >
                <svg
                  aria-hidden="true"
                  class="lucide lucide-calendar"
                  fill="none"
                  height="16"
                  stroke="currentColor"
                  stroke-linecap="round"
                  stroke-linejoin="round"
                  stroke-width="2"
                  viewBox="0 0 24 24"
                  width="16"
                  xmlns="http://www.w3.org/2000/svg"
                >
                  <path
                    d="M8 2v4"
                  />
                  <path
                    d="M16 2v4"
                  />
                  <rect
                    height="18"
                    rx="2"
                    width="18"
                    x="3"
                    y="4"
                  />
                  <path
                    d="M3 10h18"
                  />
                </svg>
              </div>
            </div>
          </div>
        </div>
      </div>
    </div>
    <div
      data-testid="BookingTableTest"
    >
      <div
        class="cardBody"
      >
        <div
          class="cardBodyResponsive"
        >
          <table
            class="cardBodyTable"
          >
            <thead>
              <tr>
                <th>
                  Booking ID
                </th>
                <th>
                  Customer
                </th>
                <th>
                  Tour
                </th>
                <th>
                  Date
                </th>
                <th>
                  Slots
                </th>
                <th>
                  Status
                </th>
                <th>
                  Amount
                </th>
              </tr>
            </thead>
            <tbody>
              <tr
                class="tableRow"
              >
                <td>
                  <svg
                    aria-labelledby="2tx6um9-aria"
                    height="20"
                    role="img"
                    viewBox="0 0 120 20"
                    width="120"
                  >
                    <title
                      id="2tx6um9-aria"
                    >
                      Loading...
                    </title>
                    <rect
                      clip-path="url(#2tx6um9-diff)"
                      height="100%"
                      role="presentation"
                      style="fill: url(#2tx6um9-animated-diff);"
                      width="100%"
                      x="0"
                      y="0"
                    />
                    <defs>
                      <clippath
                        id="2tx6um9-diff"
                      >
                        <rect
                          height="12"
                          rx="3"
                          ry="3"
                          width="100"
                          x="0"
                          y="0"
                        />
                      </clippath>
                      <lineargradient
                        gradientTransform="translate(-2 0)"
                        id="2tx6um9-animated-diff"
                      >
                        <stop
                          offset="0%"
                          stop-color="#f3f3f3"
                          stop-opacity="1"
                        />
                        <stop
                          offset="50%"
                          stop-color="#ecebeb"
                          stop-opacity="1"
                        />
                        <stop
                          offset="100%"
                          stop-color="#f3f3f3"
                          stop-opacity="1"
                        />
                        <animatetransform
                          attributeName="gradientTransform"
                          dur="2s"
                          repeatCount="indefinite"
                          type="translate"
                          values="-2 0; 0 0; 2 0"
                        />
                      </lineargradient>
                    </defs>
                  </svg>
                </td>
                <td>
                  <svg
                    aria-labelledby="3apacid-aria"
                    height="50"
                    role="img"
                    viewBox="0 0 200 50"
                    width="200"
                  >
                    <title
                      id="3apacid-aria"
                    >
                      Loading...
                    </title>
                    <rect
                      clip-path="url(#3apacid-diff)"
                      height="100%"
                      role="presentation"
                      style="fill: url(#3apacid-animated-diff);"
                      width="100%"
                      x="0"
                      y="0"
                    />
                    <defs>
                      <clippath
                        id="3apacid-diff"
                      >
                        <circle
                          cx="20"
                          cy="20"
                          r="20"
                        />
                        <rect
                          height="10"
                          rx="3"
                          ry="3"
                          width="120"
                          x="50"
                          y="5"
                        />
                        <rect
                          height="8"
                          rx="3"
                          ry="3"
                          width="100"
                          x="50"
                          y="20"
                        />
                        <rect
                          height="8"
                          rx="3"
                          ry="3"
                          width="90"
                          x="50"
                          y="34"
                        />
                      </clippath>
                      <lineargradient
                        gradientTransform="translate(-2 0)"
                        id="3apacid-animated-diff"
                      >
                        <stop
                          offset="0%"
                          stop-color="#f3f3f3"
                          stop-opacity="1"
                        />
                        <stop
                          offset="50%"
                          stop-color="#ecebeb"
                          stop-opacity="1"
                        />
                        <stop
                          offset="100%"
                          stop-color="#f3f3f3"
                          stop-opacity="1"
                        />
                        <animatetransform
                          attributeName="gradientTransform"
                          dur="2s"
                          repeatCount="indefinite"
                          type="translate"
                          values="-2 0; 0 0; 2 0"
                        />
                      </lineargradient>
                    </defs>
                  </svg>
                </td>
                <td>
                  <svg
                    aria-labelledby="llg50v-aria"
                    height="20"
                    role="img"
                    viewBox="0 0 120 20"
                    width="120"
                  >
                    <title
                      id="llg50v-aria"
                    >
                      Loading...
                    </title>
                    <rect
                      clip-path="url(#llg50v-diff)"
                      height="100%"
                      role="presentation"
                      style="fill: url(#llg50v-animated-diff);"
                      width="100%"
                      x="0"
                      y="0"
                    />
                    <defs>
                      <clippath
                        id="llg50v-diff"
                      >
                        <rect
                          height="12"
                          rx="3"
                          ry="3"
                          width="100"
                          x="0"
                          y="0"
                        />
                      </clippath>
                      <lineargradient
                        gradientTransform="translate(-2 0)"
                        id="llg50v-animated-diff"
                      >
                        <stop
                          offset="0%"
                          stop-color="#f3f3f3"
                          stop-opacity="1"
                        />
                        <stop
                          offset="50%"
                          stop-color="#ecebeb"
                          stop-opacity="1"
                        />
                        <stop
                          offset="100%"
                          stop-color="#f3f3f3"
                          stop-opacity="1"
                        />
                        <animatetransform
                          attributeName="gradientTransform"
                          dur="2s"
                          repeatCount="indefinite"
                          type="translate"
                          values="-2 0; 0 0; 2 0"
                        />
                      </lineargradient>
                    </defs>
                  </svg>
                </td>
                <td>
                  <svg
                    aria-labelledby="7mbhacua-aria"
                    height="20"
                    role="img"
                    viewBox="0 0 120 20"
                    width="120"
                  >
                    <title
                      id="7mbhacua-aria"
                    >
                      Loading...
                    </title>
                    <rect
                      clip-path="url(#7mbhacua-diff)"
                      height="100%"
                      role="presentation"
                      style="fill: url(#7mbhacua-animated-diff);"
                      width="100%"
                      x="0"
                      y="0"
                    />
                    <defs>
                      <clippath
                        id="7mbhacua-diff"
                      >
                        <rect
                          height="12"
                          rx="3"
                          ry="3"
                          width="100"
                          x="0"
                          y="0"
                        />
                      </clippath>
                      <lineargradient
                        gradientTransform="translate(-2 0)"
                        id="7mbhacua-animated-diff"
                      >
                        <stop
                          offset="0%"
                          stop-color="#f3f3f3"
                          stop-opacity="1"
                        />
                        <stop
                          offset="50%"
                          stop-color="#ecebeb"
                          stop-opacity="1"
                        />
                        <stop
                          offset="100%"
                          stop-color="#f3f3f3"
                          stop-opacity="1"
                        />
                        <animatetransform
                          attributeName="gradientTransform"
                          dur="2s"
                          repeatCount="indefinite"
                          type="translate"
                          values="-2 0; 0 0; 2 0"
                        />
                      </lineargradient>
                    </defs>
                  </svg>
                </td>
                <td>
                  <svg
                    aria-labelledby="w8d10aa-aria"
                    height="20"
                    role="img"
                    viewBox="0 0 120 20"
                    width="120"
                  >
                    <title
                      id="w8d10aa-aria"
                    >
                      Loading...
                    </title>
                    <rect
                      clip-path="url(#w8d10aa-diff)"
                      height="100%"
                      role="presentation"
                      style="fill: url(#w8d10aa-animated-diff);"
                      width="100%"
                      x="0"
                      y="0"
                    />
                    <defs>
                      <clippath
                        id="w8d10aa-diff"
                      >
                        <rect
                          height="12"
                          rx="3"
                          ry="3"
                          width="100"
                          x="0"
                          y="0"
                        />
                      </clippath>
                      <lineargradient
                        gradientTransform="translate(-2 0)"
                        id="w8d10aa-animated-diff"
                      >
                        <stop
                          offset="0%"
                          stop-color="#f3f3f3"
                          stop-opacity="1"
                        />
                        <stop
                          offset="50%"
                          stop-color="#ecebeb"
                          stop-opacity="1"
                        />
                        <stop
                          offset="100%"
                          stop-color="#f3f3f3"
                          stop-opacity="1"
                        />
                        <animatetransform
                          attributeName="gradientTransform"
                          dur="2s"
                          repeatCount="indefinite"
                          type="translate"
                          values="-2 0; 0 0; 2 0"
                        />
                      </lineargradient>
                    </defs>
                  </svg>
                </td>
                <td>
                  <svg
                    aria-labelledby="opkfw1b-aria"
                    height="24"
                    role="img"
                    viewBox="0 0 100 24"
                    width="100"
                  >
                    <title
                      id="opkfw1b-aria"
                    >
                      Loading...
                    </title>
                    <rect
                      clip-path="url(#opkfw1b-diff)"
                      height="100%"
                      role="presentation"
                      style="fill: url(#opkfw1b-animated-diff);"
                      width="100%"
                      x="0"
                      y="0"
                    />
                    <defs>
                      <clippath
                        id="opkfw1b-diff"
                      >
                        <rect
                          height="24"
                          rx="12"
                          ry="12"
                          width="80"
                          x="0"
                          y="0"
                        />
                      </clippath>
                      <lineargradient
                        gradientTransform="translate(-2 0)"
                        id="opkfw1b-animated-diff"
                      >
                        <stop
                          offset="0%"
                          stop-color="#f3f3f3"
                          stop-opacity="1"
                        />
                        <stop
                          offset="50%"
                          stop-color="#ecebeb"
                          stop-opacity="1"
                        />
                        <stop
                          offset="100%"
                          stop-color="#f3f3f3"
                          stop-opacity="1"
                        />
                        <animatetransform
                          attributeName="gradientTransform"
                          dur="2s"
                          repeatCount="indefinite"
                          type="translate"
                          values="-2 0; 0 0; 2 0"
                        />
                      </lineargradient>
                    </defs>
                  </svg>
                </td>
                <td>
                  <svg
                    aria-labelledby="hgj7d3t-aria"
                    height="20"
                    role="img"
                    viewBox="0 0 120 20"
                    width="120"
                  >
                    <title
                      id="hgj7d3t-aria"
                    >
                      Loading...
                    </title>
                    <rect
                      clip-path="url(#hgj7d3t-diff)"
                      height="100%"
                      role="presentation"
                      style="fill: url(#hgj7d3t-animated-diff);"
                      width="100%"
                      x="0"
                      y="0"
                    />
                    <defs>
                      <clippath
                        id="hgj7d3t-diff"
                      >
                        <rect
                          height="12"
                          rx="3"
                          ry="3"
                          width="100"
                          x="0"
                          y="0"
                        />
                      </clippath>
                      <lineargradient
                        gradientTransform="translate(-2 0)"
                        id="hgj7d3t-animated-diff"
                      >
                        <stop
                          offset="0%"
                          stop-color="#f3f3f3"
                          stop-opacity="1"
                        />
                        <stop
                          offset="50%"
                          stop-color="#ecebeb"
                          stop-opacity="1"
                        />
                        <stop
                          offset="100%"
                          stop-color="#f3f3f3"
                          stop-opacity="1"
                        />
                        <animatetransform
                          attributeName="gradientTransform"
                          dur="2s"
                          repeatCount="indefinite"
                          type="translate"
                          values="-2 0; 0 0; 2 0"
                        />
                      </lineargradient>
                    </defs>
                  </svg>
                </td>
              </tr>
              <tr
                class="tableRow"
              >
                <td>
                  <svg
                    aria-labelledby="lf5b8vv-aria"
                    height="20"
                    role="img"
                    viewBox="0 0 120 20"
                    width="120"
                  >
                    <title
                      id="lf5b8vv-aria"
                    >
                      Loading...
                    </title>
                    <rect
                      clip-path="url(#lf5b8vv-diff)"
                      height="100%"
                      role="presentation"
                      style="fill: url(#lf5b8vv-animated-diff);"
                      width="100%"
                      x="0"
                      y="0"
                    />
                    <defs>
                      <clippath
                        id="lf5b8vv-diff"
                      >
                        <rect
                          height="12"
                          rx="3"
                          ry="3"
                          width="100"
                          x="0"
                          y="0"
                        />
                      </clippath>
                      <lineargradient
                        gradientTransform="translate(-2 0)"
                        id="lf5b8vv-animated-diff"
                      >
                        <stop
                          offset="0%"
                          stop-color="#f3f3f3"
                          stop-opacity="1"
                        />
                        <stop
                          offset="50%"
                          stop-color="#ecebeb"
                          stop-opacity="1"
                        />
                        <stop
                          offset="100%"
                          stop-color="#f3f3f3"
                          stop-opacity="1"
                        />
                        <animatetransform
                          attributeName="gradientTransform"
                          dur="2s"
                          repeatCount="indefinite"
                          type="translate"
                          values="-2 0; 0 0; 2 0"
                        />
                      </lineargradient>
                    </defs>
                  </svg>
                </td>
                <td>
                  <svg
                    aria-labelledby="0a4nic-aria"
                    height="50"
                    role="img"
                    viewBox="0 0 200 50"
                    width="200"
                  >
                    <title
                      id="0a4nic-aria"
                    >
                      Loading...
                    </title>
                    <rect
                      clip-path="url(#0a4nic-diff)"
                      height="100%"
                      role="presentation"
                      style="fill: url(#0a4nic-animated-diff);"
                      width="100%"
                      x="0"
                      y="0"
                    />
                    <defs>
                      <clippath
                        id="0a4nic-diff"
                      >
                        <circle
                          cx="20"
                          cy="20"
                          r="20"
                        />
                        <rect
                          height="10"
                          rx="3"
                          ry="3"
                          width="120"
                          x="50"
                          y="5"
                        />
                        <rect
                          height="8"
                          rx="3"
                          ry="3"
                          width="100"
                          x="50"
                          y="20"
                        />
                        <rect
                          height="8"
                          rx="3"
                          ry="3"
                          width="90"
                          x="50"
                          y="34"
                        />
                      </clippath>
                      <lineargradient
                        gradientTransform="translate(-2 0)"
                        id="0a4nic-animated-diff"
                      >
                        <stop
                          offset="0%"
                          stop-color="#f3f3f3"
                          stop-opacity="1"
                        />
                        <stop
                          offset="50%"
                          stop-color="#ecebeb"
                          stop-opacity="1"
                        />
                        <stop
                          offset="100%"
                          stop-color="#f3f3f3"
                          stop-opacity="1"
                        />
                        <animatetransform
                          attributeName="gradientTransform"
                          dur="2s"
                          repeatCount="indefinite"
                          type="translate"
                          values="-2 0; 0 0; 2 0"
                        />
                      </lineargradient>
                    </defs>
                  </svg>
                </td>
                <td>
                  <svg
                    aria-labelledby="a7isig-aria"
                    height="20"
                    role="img"
                    viewBox="0 0 120 20"
                    width="120"
                  >
                    <title
                      id="a7isig-aria"
                    >
                      Loading...
                    </title>
                    <rect
                      clip-path="url(#a7isig-diff)"
                      height="100%"
                      role="presentation"
                      style="fill: url(#a7isig-animated-diff);"
                      width="100%"
                      x="0"
                      y="0"
                    />
                    <defs>
                      <clippath
                        id="a7isig-diff"
                      >
                        <rect
                          height="12"
                          rx="3"
                          ry="3"
                          width="100"
                          x="0"
                          y="0"
                        />
                      </clippath>
                      <lineargradient
                        gradientTransform="translate(-2 0)"
                        id="a7isig-animated-diff"
                      >
                        <stop
                          offset="0%"
                          stop-color="#f3f3f3"
                          stop-opacity="1"
                        />
                        <stop
                          offset="50%"
                          stop-color="#ecebeb"
                          stop-opacity="1"
                        />
                        <stop
                          offset="100%"
                          stop-color="#f3f3f3"
                          stop-opacity="1"
                        />
                        <animatetransform
                          attributeName="gradientTransform"
                          dur="2s"
                          repeatCount="indefinite"
                          type="translate"
                          values="-2 0; 0 0; 2 0"
                        />
                      </lineargradient>
                    </defs>
                  </svg>
                </td>
                <td>
                  <svg
                    aria-labelledby="o2e2n6h-aria"
                    height="20"
                    role="img"
                    viewBox="0 0 120 20"
                    width="120"
                  >
                    <title
                      id="o2e2n6h-aria"
                    >
                      Loading...
                    </title>
                    <rect
                      clip-path="url(#o2e2n6h-diff)"
                      height="100%"
                      role="presentation"
                      style="fill: url(#o2e2n6h-animated-diff);"
                      width="100%"
                      x="0"
                      y="0"
                    />
                    <defs>
                      <clippath
                        id="o2e2n6h-diff"
                      >
                        <rect
                          height="12"
                          rx="3"
                          ry="3"
                          width="100"
                          x="0"
                          y="0"
                        />
                      </clippath>
                      <lineargradient
                        gradientTransform="translate(-2 0)"
                        id="o2e2n6h-animated-diff"
                      >
                        <stop
                          offset="0%"
                          stop-color="#f3f3f3"
                          stop-opacity="1"
                        />
                        <stop
                          offset="50%"
                          stop-color="#ecebeb"
                          stop-opacity="1"
                        />
                        <stop
                          offset="100%"
                          stop-color="#f3f3f3"
                          stop-opacity="1"
                        />
                        <animatetransform
                          attributeName="gradientTransform"
                          dur="2s"
                          repeatCount="indefinite"
                          type="translate"
                          values="-2 0; 0 0; 2 0"
                        />
                      </lineargradient>
                    </defs>
                  </svg>
                </td>
                <td>
                  <svg
                    aria-labelledby="p1kdkth-aria"
                    height="20"
                    role="img"
                    viewBox="0 0 120 20"
                    width="120"
                  >
                    <title
                      id="p1kdkth-aria"
                    >
                      Loading...
                    </title>
                    <rect
                      clip-path="url(#p1kdkth-diff)"
                      height="100%"
                      role="presentation"
                      style="fill: url(#p1kdkth-animated-diff);"
                      width="100%"
                      x="0"
                      y="0"
                    />
                    <defs>
                      <clippath
                        id="p1kdkth-diff"
                      >
                        <rect
                          height="12"
                          rx="3"
                          ry="3"
                          width="100"
                          x="0"
                          y="0"
                        />
                      </clippath>
                      <lineargradient
                        gradientTransform="translate(-2 0)"
                        id="p1kdkth-animated-diff"
                      >
                        <stop
                          offset="0%"
                          stop-color="#f3f3f3"
                          stop-opacity="1"
                        />
                        <stop
                          offset="50%"
                          stop-color="#ecebeb"
                          stop-opacity="1"
                        />
                        <stop
                          offset="100%"
                          stop-color="#f3f3f3"
                          stop-opacity="1"
                        />
                        <animatetransform
                          attributeName="gradientTransform"
                          dur="2s"
                          repeatCount="indefinite"
                          type="translate"
                          values="-2 0; 0 0; 2 0"
                        />
                      </lineargradient>
                    </defs>
                  </svg>
                </td>
                <td>
                  <svg
                    aria-labelledby="y00md3d-aria"
                    height="24"
                    role="img"
                    viewBox="0 0 100 24"
                    width="100"
                  >
                    <title
                      id="y00md3d-aria"
                    >
                      Loading...
                    </title>
                    <rect
                      clip-path="url(#y00md3d-diff)"
                      height="100%"
                      role="presentation"
                      style="fill: url(#y00md3d-animated-diff);"
                      width="100%"
                      x="0"
                      y="0"
                    />
                    <defs>
                      <clippath
                        id="y00md3d-diff"
                      >
                        <rect
                          height="24"
                          rx="12"
                          ry="12"
                          width="80"
                          x="0"
                          y="0"
                        />
                      </clippath>
                      <lineargradient
                        gradientTransform="translate(-2 0)"
                        id="y00md3d-animated-diff"
                      >
                        <stop
                          offset="0%"
                          stop-color="#f3f3f3"
                          stop-opacity="1"
                        />
                        <stop
                          offset="50%"
                          stop-color="#ecebeb"
                          stop-opacity="1"
                        />
                        <stop
                          offset="100%"
                          stop-color="#f3f3f3"
                          stop-opacity="1"
                        />
                        <animatetransform
                          attributeName="gradientTransform"
                          dur="2s"
                          repeatCount="indefinite"
                          type="translate"
                          values="-2 0; 0 0; 2 0"
                        />
                      </lineargradient>
                    </defs>
                  </svg>
                </td>
                <td>
                  <svg
                    aria-labelledby="xshsnup-aria"
                    height="20"
                    role="img"
                    viewBox="0 0 120 20"
                    width="120"
                  >
                    <title
                      id="xshsnup-aria"
                    >
                      Loading...
                    </title>
                    <rect
                      clip-path="url(#xshsnup-diff)"
                      height="100%"
                      role="presentation"
                      style="fill: url(#xshsnup-animated-diff);"
                      width="100%"
                      x="0"
                      y="0"
                    />
                    <defs>
                      <clippath
                        id="xshsnup-diff"
                      >
                        <rect
                          height="12"
                          rx="3"
                          ry="3"
                          width="100"
                          x="0"
                          y="0"
                        />
                      </clippath>
                      <lineargradient
                        gradientTransform="translate(-2 0)"
                        id="xshsnup-animated-diff"
                      >
                        <stop
                          offset="0%"
                          stop-color="#f3f3f3"
                          stop-opacity="1"
                        />
                        <stop
                          offset="50%"
                          stop-color="#ecebeb"
                          stop-opacity="1"
                        />
                        <stop
                          offset="100%"
                          stop-color="#f3f3f3"
                          stop-opacity="1"
                        />
                        <animatetransform
                          attributeName="gradientTransform"
                          dur="2s"
                          repeatCount="indefinite"
                          type="translate"
                          values="-2 0; 0 0; 2 0"
                        />
                      </lineargradient>
                    </defs>
                  </svg>
                </td>
              </tr>
              <tr
                class="tableRow"
              >
                <td>
                  <svg
                    aria-labelledby="kdsot5k-aria"
                    height="20"
                    role="img"
                    viewBox="0 0 120 20"
                    width="120"
                  >
                    <title
                      id="kdsot5k-aria"
                    >
                      Loading...
                    </title>
                    <rect
                      clip-path="url(#kdsot5k-diff)"
                      height="100%"
                      role="presentation"
                      style="fill: url(#kdsot5k-animated-diff);"
                      width="100%"
                      x="0"
                      y="0"
                    />
                    <defs>
                      <clippath
                        id="kdsot5k-diff"
                      >
                        <rect
                          height="12"
                          rx="3"
                          ry="3"
                          width="100"
                          x="0"
                          y="0"
                        />
                      </clippath>
                      <lineargradient
                        gradientTransform="translate(-2 0)"
                        id="kdsot5k-animated-diff"
                      >
                        <stop
                          offset="0%"
                          stop-color="#f3f3f3"
                          stop-opacity="1"
                        />
                        <stop
                          offset="50%"
                          stop-color="#ecebeb"
                          stop-opacity="1"
                        />
                        <stop
                          offset="100%"
                          stop-color="#f3f3f3"
                          stop-opacity="1"
                        />
                        <animatetransform
                          attributeName="gradientTransform"
                          dur="2s"
                          repeatCount="indefinite"
                          type="translate"
                          values="-2 0; 0 0; 2 0"
                        />
                      </lineargradient>
                    </defs>
                  </svg>
                </td>
                <td>
                  <svg
                    aria-labelledby="ordvef-aria"
                    height="50"
                    role="img"
                    viewBox="0 0 200 50"
                    width="200"
                  >
                    <title
                      id="ordvef-aria"
                    >
                      Loading...
                    </title>
                    <rect
                      clip-path="url(#ordvef-diff)"
                      height="100%"
                      role="presentation"
                      style="fill: url(#ordvef-animated-diff);"
                      width="100%"
                      x="0"
                      y="0"
                    />
                    <defs>
                      <clippath
                        id="ordvef-diff"
                      >
                        <circle
                          cx="20"
                          cy="20"
                          r="20"
                        />
                        <rect
                          height="10"
                          rx="3"
                          ry="3"
                          width="120"
                          x="50"
                          y="5"
                        />
                        <rect
                          height="8"
                          rx="3"
                          ry="3"
                          width="100"
                          x="50"
                          y="20"
                        />
                        <rect
                          height="8"
                          rx="3"
                          ry="3"
                          width="90"
                          x="50"
                          y="34"
                        />
                      </clippath>
                      <lineargradient
                        gradientTransform="translate(-2 0)"
                        id="ordvef-animated-diff"
                      >
                        <stop
                          offset="0%"
                          stop-color="#f3f3f3"
                          stop-opacity="1"
                        />
                        <stop
                          offset="50%"
                          stop-color="#ecebeb"
                          stop-opacity="1"
                        />
                        <stop
                          offset="100%"
                          stop-color="#f3f3f3"
                          stop-opacity="1"
                        />
                        <animatetransform
                          attributeName="gradientTransform"
                          dur="2s"
                          repeatCount="indefinite"
                          type="translate"
                          values="-2 0; 0 0; 2 0"
                        />
                      </lineargradient>
                    </defs>
                  </svg>
                </td>
                <td>
                  <svg
                    aria-labelledby="owbexw-aria"
                    height="20"
                    role="img"
                    viewBox="0 0 120 20"
                    width="120"
                  >
                    <title
                      id="owbexw-aria"
                    >
                      Loading...
                    </title>
                    <rect
                      clip-path="url(#owbexw-diff)"
                      height="100%"
                      role="presentation"
                      style="fill: url(#owbexw-animated-diff);"
                      width="100%"
                      x="0"
                      y="0"
                    />
                    <defs>
                      <clippath
                        id="owbexw-diff"
                      >
                        <rect
                          height="12"
                          rx="3"
                          ry="3"
                          width="100"
                          x="0"
                          y="0"
                        />
                      </clippath>
                      <lineargradient
                        gradientTransform="translate(-2 0)"
                        id="owbexw-animated-diff"
                      >
                        <stop
                          offset="0%"
                          stop-color="#f3f3f3"
                          stop-opacity="1"
                        />
                        <stop
                          offset="50%"
                          stop-color="#ecebeb"
                          stop-opacity="1"
                        />
                        <stop
                          offset="100%"
                          stop-color="#f3f3f3"
                          stop-opacity="1"
                        />
                        <animatetransform
                          attributeName="gradientTransform"
                          dur="2s"
                          repeatCount="indefinite"
                          type="translate"
                          values="-2 0; 0 0; 2 0"
                        />
                      </lineargradient>
                    </defs>
                  </svg>
                </td>
                <td>
                  <svg
                    aria-labelledby="w1p7fpcc-aria"
                    height="20"
                    role="img"
                    viewBox="0 0 120 20"
                    width="120"
                  >
                    <title
                      id="w1p7fpcc-aria"
                    >
                      Loading...
                    </title>
                    <rect
                      clip-path="url(#w1p7fpcc-diff)"
                      height="100%"
                      role="presentation"
                      style="fill: url(#w1p7fpcc-animated-diff);"
                      width="100%"
                      x="0"
                      y="0"
                    />
                    <defs>
                      <clippath
                        id="w1p7fpcc-diff"
                      >
                        <rect
                          height="12"
                          rx="3"
                          ry="3"
                          width="100"
                          x="0"
                          y="0"
                        />
                      </clippath>
                      <lineargradient
                        gradientTransform="translate(-2 0)"
                        id="w1p7fpcc-animated-diff"
                      >
                        <stop
                          offset="0%"
                          stop-color="#f3f3f3"
                          stop-opacity="1"
                        />
                        <stop
                          offset="50%"
                          stop-color="#ecebeb"
                          stop-opacity="1"
                        />
                        <stop
                          offset="100%"
                          stop-color="#f3f3f3"
                          stop-opacity="1"
                        />
                        <animatetransform
                          attributeName="gradientTransform"
                          dur="2s"
                          repeatCount="indefinite"
                          type="translate"
                          values="-2 0; 0 0; 2 0"
                        />
                      </lineargradient>
                    </defs>
                  </svg>
                </td>
                <td>
                  <svg
                    aria-labelledby="679ptc-aria"
                    height="20"
                    role="img"
                    viewBox="0 0 120 20"
                    width="120"
                  >
                    <title
                      id="679ptc-aria"
                    >
                      Loading...
                    </title>
                    <rect
                      clip-path="url(#679ptc-diff)"
                      height="100%"
                      role="presentation"
                      style="fill: url(#679ptc-animated-diff);"
                      width="100%"
                      x="0"
                      y="0"
                    />
                    <defs>
                      <clippath
                        id="679ptc-diff"
                      >
                        <rect
                          height="12"
                          rx="3"
                          ry="3"
                          width="100"
                          x="0"
                          y="0"
                        />
                      </clippath>
                      <lineargradient
                        gradientTransform="translate(-2 0)"
                        id="679ptc-animated-diff"
                      >
                        <stop
                          offset="0%"
                          stop-color="#f3f3f3"
                          stop-opacity="1"
                        />
                        <stop
                          offset="50%"
                          stop-color="#ecebeb"
                          stop-opacity="1"
                        />
                        <stop
                          offset="100%"
                          stop-color="#f3f3f3"
                          stop-opacity="1"
                        />
                        <animatetransform
                          attributeName="gradientTransform"
                          dur="2s"
                          repeatCount="indefinite"
                          type="translate"
                          values="-2 0; 0 0; 2 0"
                        />
                      </lineargradient>
                    </defs>
                  </svg>
                </td>
                <td>
                  <svg
                    aria-labelledby="bggodbf-aria"
                    height="24"
                    role="img"
                    viewBox="0 0 100 24"
                    width="100"
                  >
                    <title
                      id="bggodbf-aria"
                    >
                      Loading...
                    </title>
                    <rect
                      clip-path="url(#bggodbf-diff)"
                      height="100%"
                      role="presentation"
                      style="fill: url(#bggodbf-animated-diff);"
                      width="100%"
                      x="0"
                      y="0"
                    />
                    <defs>
                      <clippath
                        id="bggodbf-diff"
                      >
                        <rect
                          height="24"
                          rx="12"
                          ry="12"
                          width="80"
                          x="0"
                          y="0"
                        />
                      </clippath>
                      <lineargradient
                        gradientTransform="translate(-2 0)"
                        id="bggodbf-animated-diff"
                      >
                        <stop
                          offset="0%"
                          stop-color="#f3f3f3"
                          stop-opacity="1"
                        />
                        <stop
                          offset="50%"
                          stop-color="#ecebeb"
                          stop-opacity="1"
                        />
                        <stop
                          offset="100%"
                          stop-color="#f3f3f3"
                          stop-opacity="1"
                        />
                        <animatetransform
                          attributeName="gradientTransform"
                          dur="2s"
                          repeatCount="indefinite"
                          type="translate"
                          values="-2 0; 0 0; 2 0"
                        />
                      </lineargradient>
                    </defs>
                  </svg>
                </td>
                <td>
                  <svg
                    aria-labelledby="7mm6slh-aria"
                    height="20"
                    role="img"
                    viewBox="0 0 120 20"
                    width="120"
                  >
                    <title
                      id="7mm6slh-aria"
                    >
                      Loading...
                    </title>
                    <rect
                      clip-path="url(#7mm6slh-diff)"
                      height="100%"
                      role="presentation"
                      style="fill: url(#7mm6slh-animated-diff);"
                      width="100%"
                      x="0"
                      y="0"
                    />
                    <defs>
                      <clippath
                        id="7mm6slh-diff"
                      >
                        <rect
                          height="12"
                          rx="3"
                          ry="3"
                          width="100"
                          x="0"
                          y="0"
                        />
                      </clippath>
                      <lineargradient
                        gradientTransform="translate(-2 0)"
                        id="7mm6slh-animated-diff"
                      >
                        <stop
                          offset="0%"
                          stop-color="#f3f3f3"
                          stop-opacity="1"
                        />
                        <stop
                          offset="50%"
                          stop-color="#ecebeb"
                          stop-opacity="1"
                        />
                        <stop
                          offset="100%"
                          stop-color="#f3f3f3"
                          stop-opacity="1"
                        />
                        <animatetransform
                          attributeName="gradientTransform"
                          dur="2s"
                          repeatCount="indefinite"
                          type="translate"
                          values="-2 0; 0 0; 2 0"
                        />
                      </lineargradient>
                    </defs>
                  </svg>
                </td>
              </tr>
              <tr
                class="tableRow"
              >
                <td>
                  <svg
                    aria-labelledby="acw7ebu-aria"
                    height="20"
                    role="img"
                    viewBox="0 0 120 20"
                    width="120"
                  >
                    <title
                      id="acw7ebu-aria"
                    >
                      Loading...
                    </title>
                    <rect
                      clip-path="url(#acw7ebu-diff)"
                      height="100%"
                      role="presentation"
                      style="fill: url(#acw7ebu-animated-diff);"
                      width="100%"
                      x="0"
                      y="0"
                    />
                    <defs>
                      <clippath
                        id="acw7ebu-diff"
                      >
                        <rect
                          height="12"
                          rx="3"
                          ry="3"
                          width="100"
                          x="0"
                          y="0"
                        />
                      </clippath>
                      <lineargradient
                        gradientTransform="translate(-2 0)"
                        id="acw7ebu-animated-diff"
                      >
                        <stop
                          offset="0%"
                          stop-color="#f3f3f3"
                          stop-opacity="1"
                        />
                        <stop
                          offset="50%"
                          stop-color="#ecebeb"
                          stop-opacity="1"
                        />
                        <stop
                          offset="100%"
                          stop-color="#f3f3f3"
                          stop-opacity="1"
                        />
                        <animatetransform
                          attributeName="gradientTransform"
                          dur="2s"
                          repeatCount="indefinite"
                          type="translate"
                          values="-2 0; 0 0; 2 0"
                        />
                      </lineargradient>
                    </defs>
                  </svg>
                </td>
                <td>
                  <svg
                    aria-labelledby="r6hryk-aria"
                    height="50"
                    role="img"
                    viewBox="0 0 200 50"
                    width="200"
                  >
                    <title
                      id="r6hryk-aria"
                    >
                      Loading...
                    </title>
                    <rect
                      clip-path="url(#r6hryk-diff)"
                      height="100%"
                      role="presentation"
                      style="fill: url(#r6hryk-animated-diff);"
                      width="100%"
                      x="0"
                      y="0"
                    />
                    <defs>
                      <clippath
                        id="r6hryk-diff"
                      >
                        <circle
                          cx="20"
                          cy="20"
                          r="20"
                        />
                        <rect
                          height="10"
                          rx="3"
                          ry="3"
                          width="120"
                          x="50"
                          y="5"
                        />
                        <rect
                          height="8"
                          rx="3"
                          ry="3"
                          width="100"
                          x="50"
                          y="20"
                        />
                        <rect
                          height="8"
                          rx="3"
                          ry="3"
                          width="90"
                          x="50"
                          y="34"
                        />
                      </clippath>
                      <lineargradient
                        gradientTransform="translate(-2 0)"
                        id="r6hryk-animated-diff"
                      >
                        <stop
                          offset="0%"
                          stop-color="#f3f3f3"
                          stop-opacity="1"
                        />
                        <stop
                          offset="50%"
                          stop-color="#ecebeb"
                          stop-opacity="1"
                        />
                        <stop
                          offset="100%"
                          stop-color="#f3f3f3"
                          stop-opacity="1"
                        />
                        <animatetransform
                          attributeName="gradientTransform"
                          dur="2s"
                          repeatCount="indefinite"
                          type="translate"
                          values="-2 0; 0 0; 2 0"
                        />
                      </lineargradient>
                    </defs>
                  </svg>
                </td>
                <td>
                  <svg
                    aria-labelledby="duj542-aria"
                    height="20"
                    role="img"
                    viewBox="0 0 120 20"
                    width="120"
                  >
                    <title
                      id="duj542-aria"
                    >
                      Loading...
                    </title>
                    <rect
                      clip-path="url(#duj542-diff)"
                      height="100%"
                      role="presentation"
                      style="fill: url(#duj542-animated-diff);"
                      width="100%"
                      x="0"
                      y="0"
                    />
                    <defs>
                      <clippath
                        id="duj542-diff"
                      >
                        <rect
                          height="12"
                          rx="3"
                          ry="3"
                          width="100"
                          x="0"
                          y="0"
                        />
                      </clippath>
                      <lineargradient
                        gradientTransform="translate(-2 0)"
                        id="duj542-animated-diff"
                      >
                        <stop
                          offset="0%"
                          stop-color="#f3f3f3"
                          stop-opacity="1"
                        />
                        <stop
                          offset="50%"
                          stop-color="#ecebeb"
                          stop-opacity="1"
                        />
                        <stop
                          offset="100%"
                          stop-color="#f3f3f3"
                          stop-opacity="1"
                        />
                        <animatetransform
                          attributeName="gradientTransform"
                          dur="2s"
                          repeatCount="indefinite"
                          type="translate"
                          values="-2 0; 0 0; 2 0"
                        />
                      </lineargradient>
                    </defs>
                  </svg>
                </td>
                <td>
                  <svg
                    aria-labelledby="2gejf39-aria"
                    height="20"
                    role="img"
                    viewBox="0 0 120 20"
                    width="120"
                  >
                    <title
                      id="2gejf39-aria"
                    >
                      Loading...
                    </title>
                    <rect
                      clip-path="url(#2gejf39-diff)"
                      height="100%"
                      role="presentation"
                      style="fill: url(#2gejf39-animated-diff);"
                      width="100%"
                      x="0"
                      y="0"
                    />
                    <defs>
                      <clippath
                        id="2gejf39-diff"
                      >
                        <rect
                          height="12"
                          rx="3"
                          ry="3"
                          width="100"
                          x="0"
                          y="0"
                        />
                      </clippath>
                      <lineargradient
                        gradientTransform="translate(-2 0)"
                        id="2gejf39-animated-diff"
                      >
                        <stop
                          offset="0%"
                          stop-color="#f3f3f3"
                          stop-opacity="1"
                        />
                        <stop
                          offset="50%"
                          stop-color="#ecebeb"
                          stop-opacity="1"
                        />
                        <stop
                          offset="100%"
                          stop-color="#f3f3f3"
                          stop-opacity="1"
                        />
                        <animatetransform
                          attributeName="gradientTransform"
                          dur="2s"
                          repeatCount="indefinite"
                          type="translate"
                          values="-2 0; 0 0; 2 0"
                        />
                      </lineargradient>
                    </defs>
                  </svg>
                </td>
                <td>
                  <svg
                    aria-labelledby="pnzfcim-aria"
                    height="20"
                    role="img"
                    viewBox="0 0 120 20"
                    width="120"
                  >
                    <title
                      id="pnzfcim-aria"
                    >
                      Loading...
                    </title>
                    <rect
                      clip-path="url(#pnzfcim-diff)"
                      height="100%"
                      role="presentation"
                      style="fill: url(#pnzfcim-animated-diff);"
                      width="100%"
                      x="0"
                      y="0"
                    />
                    <defs>
                      <clippath
                        id="pnzfcim-diff"
                      >
                        <rect
                          height="12"
                          rx="3"
                          ry="3"
                          width="100"
                          x="0"
                          y="0"
                        />
                      </clippath>
                      <lineargradient
                        gradientTransform="translate(-2 0)"
                        id="pnzfcim-animated-diff"
                      >
                        <stop
                          offset="0%"
                          stop-color="#f3f3f3"
                          stop-opacity="1"
                        />
                        <stop
                          offset="50%"
                          stop-color="#ecebeb"
                          stop-opacity="1"
                        />
                        <stop
                          offset="100%"
                          stop-color="#f3f3f3"
                          stop-opacity="1"
                        />
                        <animatetransform
                          attributeName="gradientTransform"
                          dur="2s"
                          repeatCount="indefinite"
                          type="translate"
                          values="-2 0; 0 0; 2 0"
                        />
                      </lineargradient>
                    </defs>
                  </svg>
                </td>
                <td>
                  <svg
                    aria-labelledby="yplpvp3-aria"
                    height="24"
                    role="img"
                    viewBox="0 0 100 24"
                    width="100"
                  >
                    <title
                      id="yplpvp3-aria"
                    >
                      Loading...
                    </title>
                    <rect
                      clip-path="url(#yplpvp3-diff)"
                      height="100%"
                      role="presentation"
                      style="fill: url(#yplpvp3-animated-diff);"
                      width="100%"
                      x="0"
                      y="0"
                    />
                    <defs>
                      <clippath
                        id="yplpvp3-diff"
                      >
                        <rect
                          height="24"
                          rx="12"
                          ry="12"
                          width="80"
                          x="0"
                          y="0"
                        />
                      </clippath>
                      <lineargradient
                        gradientTransform="translate(-2 0)"
                        id="yplpvp3-animated-diff"
                      >
                        <stop
                          offset="0%"
                          stop-color="#f3f3f3"
                          stop-opacity="1"
                        />
                        <stop
                          offset="50%"
                          stop-color="#ecebeb"
                          stop-opacity="1"
                        />
                        <stop
                          offset="100%"
                          stop-color="#f3f3f3"
                          stop-opacity="1"
                        />
                        <animatetransform
                          attributeName="gradientTransform"
                          dur="2s"
                          repeatCount="indefinite"
                          type="translate"
                          values="-2 0; 0 0; 2 0"
                        />
                      </lineargradient>
                    </defs>
                  </svg>
                </td>
                <td>
                  <svg
                    aria-labelledby="o7um1uf-aria"
                    height="20"
                    role="img"
                    viewBox="0 0 120 20"
                    width="120"
                  >
                    <title
                      id="o7um1uf-aria"
                    >
                      Loading...
                    </title>
                    <rect
                      clip-path="url(#o7um1uf-diff)"
                      height="100%"
                      role="presentation"
                      style="fill: url(#o7um1uf-animated-diff);"
                      width="100%"
                      x="0"
                      y="0"
                    />
                    <defs>
                      <clippath
                        id="o7um1uf-diff"
                      >
                        <rect
                          height="12"
                          rx="3"
                          ry="3"
                          width="100"
                          x="0"
                          y="0"
                        />
                      </clippath>
                      <lineargradient
                        gradientTransform="translate(-2 0)"
                        id="o7um1uf-animated-diff"
                      >
                        <stop
                          offset="0%"
                          stop-color="#f3f3f3"
                          stop-opacity="1"
                        />
                        <stop
                          offset="50%"
                          stop-color="#ecebeb"
                          stop-opacity="1"
                        />
                        <stop
                          offset="100%"
                          stop-color="#f3f3f3"
                          stop-opacity="1"
                        />
                        <animatetransform
                          attributeName="gradientTransform"
                          dur="2s"
                          repeatCount="indefinite"
                          type="translate"
                          values="-2 0; 0 0; 2 0"
                        />
                      </lineargradient>
                    </defs>
                  </svg>
                </td>
              </tr>
              <tr
                class="tableRow"
              >
                <td>
                  <svg
                    aria-labelledby="hd0163-aria"
                    height="20"
                    role="img"
                    viewBox="0 0 120 20"
                    width="120"
                  >
                    <title
                      id="hd0163-aria"
                    >
                      Loading...
                    </title>
                    <rect
                      clip-path="url(#hd0163-diff)"
                      height="100%"
                      role="presentation"
                      style="fill: url(#hd0163-animated-diff);"
                      width="100%"
                      x="0"
                      y="0"
                    />
                    <defs>
                      <clippath
                        id="hd0163-diff"
                      >
                        <rect
                          height="12"
                          rx="3"
                          ry="3"
                          width="100"
                          x="0"
                          y="0"
                        />
                      </clippath>
                      <lineargradient
                        gradientTransform="translate(-2 0)"
                        id="hd0163-animated-diff"
                      >
                        <stop
                          offset="0%"
                          stop-color="#f3f3f3"
                          stop-opacity="1"
                        />
                        <stop
                          offset="50%"
                          stop-color="#ecebeb"
                          stop-opacity="1"
                        />
                        <stop
                          offset="100%"
                          stop-color="#f3f3f3"
                          stop-opacity="1"
                        />
                        <animatetransform
                          attributeName="gradientTransform"
                          dur="2s"
                          repeatCount="indefinite"
                          type="translate"
                          values="-2 0; 0 0; 2 0"
                        />
                      </lineargradient>
                    </defs>
                  </svg>
                </td>
                <td>
                  <svg
                    aria-labelledby="ky0kkuw-aria"
                    height="50"
                    role="img"
                    viewBox="0 0 200 50"
                    width="200"
                  >
                    <title
                      id="ky0kkuw-aria"
                    >
                      Loading...
                    </title>
                    <rect
                      clip-path="url(#ky0kkuw-diff)"
                      height="100%"
                      role="presentation"
                      style="fill: url(#ky0kkuw-animated-diff);"
                      width="100%"
                      x="0"
                      y="0"
                    />
                    <defs>
                      <clippath
                        id="ky0kkuw-diff"
                      >
                        <circle
                          cx="20"
                          cy="20"
                          r="20"
                        />
                        <rect
                          height="10"
                          rx="3"
                          ry="3"
                          width="120"
                          x="50"
                          y="5"
                        />
                        <rect
                          height="8"
                          rx="3"
                          ry="3"
                          width="100"
                          x="50"
                          y="20"
                        />
                        <rect
                          height="8"
                          rx="3"
                          ry="3"
                          width="90"
                          x="50"
                          y="34"
                        />
                      </clippath>
                      <lineargradient
                        gradientTransform="translate(-2 0)"
                        id="ky0kkuw-animated-diff"
                      >
                        <stop
                          offset="0%"
                          stop-color="#f3f3f3"
                          stop-opacity="1"
                        />
                        <stop
                          offset="50%"
                          stop-color="#ecebeb"
                          stop-opacity="1"
                        />
                        <stop
                          offset="100%"
                          stop-color="#f3f3f3"
                          stop-opacity="1"
                        />
                        <animatetransform
                          attributeName="gradientTransform"
                          dur="2s"
                          repeatCount="indefinite"
                          type="translate"
                          values="-2 0; 0 0; 2 0"
                        />
                      </lineargradient>
                    </defs>
                  </svg>
                </td>
                <td>
                  <svg
                    aria-labelledby="4ofziks-aria"
                    height="20"
                    role="img"
                    viewBox="0 0 120 20"
                    width="120"
                  >
                    <title
                      id="4ofziks-aria"
                    >
                      Loading...
                    </title>
                    <rect
                      clip-path="url(#4ofziks-diff)"
                      height="100%"
                      role="presentation"
                      style="fill: url(#4ofziks-animated-diff);"
                      width="100%"
                      x="0"
                      y="0"
                    />
                    <defs>
                      <clippath
                        id="4ofziks-diff"
                      >
                        <rect
                          height="12"
                          rx="3"
                          ry="3"
                          width="100"
                          x="0"
                          y="0"
                        />
                      </clippath>
                      <lineargradient
                        gradientTransform="translate(-2 0)"
                        id="4ofziks-animated-diff"
                      >
                        <stop
                          offset="0%"
                          stop-color="#f3f3f3"
                          stop-opacity="1"
                        />
                        <stop
                          offset="50%"
                          stop-color="#ecebeb"
                          stop-opacity="1"
                        />
                        <stop
                          offset="100%"
                          stop-color="#f3f3f3"
                          stop-opacity="1"
                        />
                        <animatetransform
                          attributeName="gradientTransform"
                          dur="2s"
                          repeatCount="indefinite"
                          type="translate"
                          values="-2 0; 0 0; 2 0"
                        />
                      </lineargradient>
                    </defs>
                  </svg>
                </td>
                <td>
                  <svg
                    aria-labelledby="7ml3wx-aria"
                    height="20"
                    role="img"
                    viewBox="0 0 120 20"
                    width="120"
                  >
                    <title
                      id="7ml3wx-aria"
                    >
                      Loading...
                    </title>
                    <rect
                      clip-path="url(#7ml3wx-diff)"
                      height="100%"
                      role="presentation"
                      style="fill: url(#7ml3wx-animated-diff);"
                      width="100%"
                      x="0"
                      y="0"
                    />
                    <defs>
                      <clippath
                        id="7ml3wx-diff"
                      >
                        <rect
                          height="12"
                          rx="3"
                          ry="3"
                          width="100"
                          x="0"
                          y="0"
                        />
                      </clippath>
                      <lineargradient
                        gradientTransform="translate(-2 0)"
                        id="7ml3wx-animated-diff"
                      >
                        <stop
                          offset="0%"
                          stop-color="#f3f3f3"
                          stop-opacity="1"
                        />
                        <stop
                          offset="50%"
                          stop-color="#ecebeb"
                          stop-opacity="1"
                        />
                        <stop
                          offset="100%"
                          stop-color="#f3f3f3"
                          stop-opacity="1"
                        />
                        <animatetransform
                          attributeName="gradientTransform"
                          dur="2s"
                          repeatCount="indefinite"
                          type="translate"
                          values="-2 0; 0 0; 2 0"
                        />
                      </lineargradient>
                    </defs>
                  </svg>
                </td>
                <td>
                  <svg
                    aria-labelledby="7643k1-aria"
                    height="20"
                    role="img"
                    viewBox="0 0 120 20"
                    width="120"
                  >
                    <title
                      id="7643k1-aria"
                    >
                      Loading...
                    </title>
                    <rect
                      clip-path="url(#7643k1-diff)"
                      height="100%"
                      role="presentation"
                      style="fill: url(#7643k1-animated-diff);"
                      width="100%"
                      x="0"
                      y="0"
                    />
                    <defs>
                      <clippath
                        id="7643k1-diff"
                      >
                        <rect
                          height="12"
                          rx="3"
                          ry="3"
                          width="100"
                          x="0"
                          y="0"
                        />
                      </clippath>
                      <lineargradient
                        gradientTransform="translate(-2 0)"
                        id="7643k1-animated-diff"
                      >
                        <stop
                          offset="0%"
                          stop-color="#f3f3f3"
                          stop-opacity="1"
                        />
                        <stop
                          offset="50%"
                          stop-color="#ecebeb"
                          stop-opacity="1"
                        />
                        <stop
                          offset="100%"
                          stop-color="#f3f3f3"
                          stop-opacity="1"
                        />
                        <animatetransform
                          attributeName="gradientTransform"
                          dur="2s"
                          repeatCount="indefinite"
                          type="translate"
                          values="-2 0; 0 0; 2 0"
                        />
                      </lineargradient>
                    </defs>
                  </svg>
                </td>
                <td>
                  <svg
                    aria-labelledby="s57lm1s-aria"
                    height="24"
                    role="img"
                    viewBox="0 0 100 24"
                    width="100"
                  >
                    <title
                      id="s57lm1s-aria"
                    >
                      Loading...
                    </title>
                    <rect
                      clip-path="url(#s57lm1s-diff)"
                      height="100%"
                      role="presentation"
                      style="fill: url(#s57lm1s-animated-diff);"
                      width="100%"
                      x="0"
                      y="0"
                    />
                    <defs>
                      <clippath
                        id="s57lm1s-diff"
                      >
                        <rect
                          height="24"
                          rx="12"
                          ry="12"
                          width="80"
                          x="0"
                          y="0"
                        />
                      </clippath>
                      <lineargradient
                        gradientTransform="translate(-2 0)"
                        id="s57lm1s-animated-diff"
                      >
                        <stop
                          offset="0%"
                          stop-color="#f3f3f3"
                          stop-opacity="1"
                        />
                        <stop
                          offset="50%"
                          stop-color="#ecebeb"
                          stop-opacity="1"
                        />
                        <stop
                          offset="100%"
                          stop-color="#f3f3f3"
                          stop-opacity="1"
                        />
                        <animatetransform
                          attributeName="gradientTransform"
                          dur="2s"
                          repeatCount="indefinite"
                          type="translate"
                          values="-2 0; 0 0; 2 0"
                        />
                      </lineargradient>
                    </defs>
                  </svg>
                </td>
                <td>
                  <svg
                    aria-labelledby="fav7nee-aria"
                    height="20"
                    role="img"
                    viewBox="0 0 120 20"
                    width="120"
                  >
                    <title
                      id="fav7nee-aria"
                    >
                      Loading...
                    </title>
                    <rect
                      clip-path="url(#fav7nee-diff)"
                      height="100%"
                      role="presentation"
                      style="fill: url(#fav7nee-animated-diff);"
                      width="100%"
                      x="0"
                      y="0"
                    />
                    <defs>
                      <clippath
                        id="fav7nee-diff"
                      >
                        <rect
                          height="12"
                          rx="3"
                          ry="3"
                          width="100"
                          x="0"
                          y="0"
                        />
                      </clippath>
                      <lineargradient
                        gradientTransform="translate(-2 0)"
                        id="fav7nee-animated-diff"
                      >
                        <stop
                          offset="0%"
                          stop-color="#f3f3f3"
                          stop-opacity="1"
                        />
                        <stop
                          offset="50%"
                          stop-color="#ecebeb"
                          stop-opacity="1"
                        />
                        <stop
                          offset="100%"
                          stop-color="#f3f3f3"
                          stop-opacity="1"
                        />
                        <animatetransform
                          attributeName="gradientTransform"
                          dur="2s"
                          repeatCount="indefinite"
                          type="translate"
                          values="-2 0; 0 0; 2 0"
                        />
                      </lineargradient>
                    </defs>
                  </svg>
                </td>
              </tr>
            </tbody>
          </table>
        </div>
      </div>
    </div>
  </div>
</DocumentFragment>
`;
