// Jest Snapshot v1, https://jestjs.io/docs/snapshot-testing

exports[`Home matches snapshot 1`] = `
<DocumentFragment>
  <div
    class="container"
  >
    <div
      class="card"
    >
      <div
        class="textCard"
      >
        <div
          class="container"
          data-testid="TextFieldTest"
        >
          <label
            class="typography label align-left label"
            data-testid="TypographyTest"
          >
            Search 
          </label>
          <div
            class="inputWrapper"
          >
            <input
              class="inputField"
              placeholder="Search bookings..."
              type="text"
            />
          </div>
        </div>
      </div>
      <div
        class="filterCard"
      >
        <div
          class="dropdown statusDropdown"
          data-testid="DropdownTest"
          tabindex="0"
        >
          <div
            class="inputWrapper"
          >
            <label
              class="typography label align-left label"
              data-testid="TypographyTest"
            >
              Status
            </label>
            <div
              class="inputWithIcon"
            >
              <div
                class="container"
                data-testid="TextFieldTest"
              >
                <div
                  class="inputWrapper"
                >
                  <input
                    class="inputField"
                    placeholder="Select..."
                    readonly=""
                    type="text"
                  />
                </div>
              </div>
              <span
                class="chevronIcon"
              >
                <svg
                  aria-hidden="true"
                  class="lucide lucide-chevron-down"
                  fill="none"
                  height="16"
                  stroke="currentColor"
                  stroke-linecap="round"
                  stroke-linejoin="round"
                  stroke-width="2"
                  viewBox="0 0 24 24"
                  width="16"
                  xmlns="http://www.w3.org/2000/svg"
                >
                  <path
                    d="m6 9 6 6 6-6"
                  />
                </svg>
              </span>
            </div>
          </div>
        </div>
        <div
          class="dropdown statusDropdown"
          data-testid="DropdownTest"
          tabindex="0"
        >
          <div
            class="inputWrapper"
          >
            <label
              class="typography label align-left label"
              data-testid="TypographyTest"
            >
              Tour
            </label>
            <div
              class="inputWithIcon"
            >
              <div
                class="container"
                data-testid="TextFieldTest"
              >
                <div
                  class="inputWrapper"
                >
                  <input
                    class="inputField"
                    placeholder="Select..."
                    readonly=""
                    type="text"
                  />
                </div>
              </div>
              <span
                class="chevronIcon"
              >
                <svg
                  aria-hidden="true"
                  class="lucide lucide-chevron-down"
                  fill="none"
                  height="16"
                  stroke="currentColor"
                  stroke-linecap="round"
                  stroke-linejoin="round"
                  stroke-width="2"
                  viewBox="0 0 24 24"
                  width="16"
                  xmlns="http://www.w3.org/2000/svg"
                >
                  <path
                    d="m6 9 6 6 6-6"
                  />
                </svg>
              </span>
            </div>
          </div>
        </div>
        <div
          class="dropdown statusDropdown"
          data-testid="DropdownTest"
          tabindex="0"
        >
          <div
            class="inputWrapper"
          >
            <label
              class="typography label align-left label"
              data-testid="TypographyTest"
            >
              Quick Date Filter
            </label>
            <div
              class="inputWithIcon"
            >
              <div
                class="container"
                data-testid="TextFieldTest"
              >
                <div
                  class="inputWrapper"
                >
                  <input
                    class="inputField"
                    placeholder="Select preset"
                    readonly=""
                    type="text"
                  />
                </div>
              </div>
              <span
                class="chevronIcon"
              >
                <svg
                  aria-hidden="true"
                  class="lucide lucide-chevron-down"
                  fill="none"
                  height="16"
                  stroke="currentColor"
                  stroke-linecap="round"
                  stroke-linejoin="round"
                  stroke-width="2"
                  viewBox="0 0 24 24"
                  width="16"
                  xmlns="http://www.w3.org/2000/svg"
                >
                  <path
                    d="m6 9 6 6 6-6"
                  />
                </svg>
              </span>
            </div>
          </div>
        </div>
        <div
          class="container"
          data-testid="TextFieldTest"
        >
          <label
            class="typography label align-left label"
            data-testid="TypographyTest"
          >
            Date Range 
          </label>
          <div
            class="inputWrapper"
          >
            <input
              class="inputField"
              placeholder="Select date"
              readonly=""
              type="text"
            />
            <div
              class="iconButton"
            >
              <svg
                aria-hidden="true"
                class="lucide lucide-calendar"
                fill="none"
                height="16"
                stroke="currentColor"
                stroke-linecap="round"
                stroke-linejoin="round"
                stroke-width="2"
                viewBox="0 0 24 24"
                width="16"
                xmlns="http://www.w3.org/2000/svg"
              >
                <path
                  d="M8 2v4"
                />
                <path
                  d="M16 2v4"
                />
                <rect
                  height="18"
                  rx="2"
                  width="18"
                  x="3"
                  y="4"
                />
                <path
                  d="M3 10h18"
                />
              </svg>
            </div>
          </div>
        </div>
      </div>
    </div>
    <div
      class="cardBody"
    >
      <div
        class="cardBodyResponsive"
      >
        <table
          class="cardBodyTable"
        >
          <thead>
            <tr>
              <th>
                Booking ID
              </th>
              <th>
                Customer
              </th>
              <th>
                Tour
              </th>
              <th>
                Date
              </th>
              <th>
                Slots
              </th>
              <th>
                Status
              </th>
              <th>
                Amount
              </th>
            </tr>
          </thead>
          <tbody>
            <tr
              class="tableRow"
            >
              <td>
                <svg
                  aria-labelledby="y8t5ka-aria"
                  height="20"
                  role="img"
                  viewBox="0 0 120 20"
                  width="120"
                >
                  <title
                    id="y8t5ka-aria"
                  >
                    Loading...
                  </title>
                  <rect
                    clip-path="url(#y8t5ka-diff)"
                    height="100%"
                    role="presentation"
                    style="fill: url(#y8t5ka-animated-diff);"
                    width="100%"
                    x="0"
                    y="0"
                  />
                  <defs>
                    <clippath
                      id="y8t5ka-diff"
                    >
                      <rect
                        height="12"
                        rx="3"
                        ry="3"
                        width="100"
                        x="0"
                        y="0"
                      />
                    </clippath>
                    <lineargradient
                      gradientTransform="translate(-2 0)"
                      id="y8t5ka-animated-diff"
                    >
                      <stop
                        offset="0%"
                        stop-color="#f3f3f3"
                        stop-opacity="1"
                      />
                      <stop
                        offset="50%"
                        stop-color="#ecebeb"
                        stop-opacity="1"
                      />
                      <stop
                        offset="100%"
                        stop-color="#f3f3f3"
                        stop-opacity="1"
                      />
                      <animatetransform
                        attributeName="gradientTransform"
                        dur="2s"
                        repeatCount="indefinite"
                        type="translate"
                        values="-2 0; 0 0; 2 0"
                      />
                    </lineargradient>
                  </defs>
                </svg>
              </td>
              <td>
                <svg
                  aria-labelledby="nqdi3j9-aria"
                  height="50"
                  role="img"
                  viewBox="0 0 200 50"
                  width="200"
                >
                  <title
                    id="nqdi3j9-aria"
                  >
                    Loading...
                  </title>
                  <rect
                    clip-path="url(#nqdi3j9-diff)"
                    height="100%"
                    role="presentation"
                    style="fill: url(#nqdi3j9-animated-diff);"
                    width="100%"
                    x="0"
                    y="0"
                  />
                  <defs>
                    <clippath
                      id="nqdi3j9-diff"
                    >
                      <circle
                        cx="20"
                        cy="20"
                        r="20"
                      />
                      <rect
                        height="10"
                        rx="3"
                        ry="3"
                        width="120"
                        x="50"
                        y="5"
                      />
                      <rect
                        height="8"
                        rx="3"
                        ry="3"
                        width="100"
                        x="50"
                        y="20"
                      />
                      <rect
                        height="8"
                        rx="3"
                        ry="3"
                        width="90"
                        x="50"
                        y="34"
                      />
                    </clippath>
                    <lineargradient
                      gradientTransform="translate(-2 0)"
                      id="nqdi3j9-animated-diff"
                    >
                      <stop
                        offset="0%"
                        stop-color="#f3f3f3"
                        stop-opacity="1"
                      />
                      <stop
                        offset="50%"
                        stop-color="#ecebeb"
                        stop-opacity="1"
                      />
                      <stop
                        offset="100%"
                        stop-color="#f3f3f3"
                        stop-opacity="1"
                      />
                      <animatetransform
                        attributeName="gradientTransform"
                        dur="2s"
                        repeatCount="indefinite"
                        type="translate"
                        values="-2 0; 0 0; 2 0"
                      />
                    </lineargradient>
                  </defs>
                </svg>
              </td>
              <td>
                <svg
                  aria-labelledby="46k6vc-aria"
                  height="20"
                  role="img"
                  viewBox="0 0 120 20"
                  width="120"
                >
                  <title
                    id="46k6vc-aria"
                  >
                    Loading...
                  </title>
                  <rect
                    clip-path="url(#46k6vc-diff)"
                    height="100%"
                    role="presentation"
                    style="fill: url(#46k6vc-animated-diff);"
                    width="100%"
                    x="0"
                    y="0"
                  />
                  <defs>
                    <clippath
                      id="46k6vc-diff"
                    >
                      <rect
                        height="12"
                        rx="3"
                        ry="3"
                        width="100"
                        x="0"
                        y="0"
                      />
                    </clippath>
                    <lineargradient
                      gradientTransform="translate(-2 0)"
                      id="46k6vc-animated-diff"
                    >
                      <stop
                        offset="0%"
                        stop-color="#f3f3f3"
                        stop-opacity="1"
                      />
                      <stop
                        offset="50%"
                        stop-color="#ecebeb"
                        stop-opacity="1"
                      />
                      <stop
                        offset="100%"
                        stop-color="#f3f3f3"
                        stop-opacity="1"
                      />
                      <animatetransform
                        attributeName="gradientTransform"
                        dur="2s"
                        repeatCount="indefinite"
                        type="translate"
                        values="-2 0; 0 0; 2 0"
                      />
                    </lineargradient>
                  </defs>
                </svg>
              </td>
              <td>
                <svg
                  aria-labelledby="edjb3fn-aria"
                  height="20"
                  role="img"
                  viewBox="0 0 120 20"
                  width="120"
                >
                  <title
                    id="edjb3fn-aria"
                  >
                    Loading...
                  </title>
                  <rect
                    clip-path="url(#edjb3fn-diff)"
                    height="100%"
                    role="presentation"
                    style="fill: url(#edjb3fn-animated-diff);"
                    width="100%"
                    x="0"
                    y="0"
                  />
                  <defs>
                    <clippath
                      id="edjb3fn-diff"
                    >
                      <rect
                        height="12"
                        rx="3"
                        ry="3"
                        width="100"
                        x="0"
                        y="0"
                      />
                    </clippath>
                    <lineargradient
                      gradientTransform="translate(-2 0)"
                      id="edjb3fn-animated-diff"
                    >
                      <stop
                        offset="0%"
                        stop-color="#f3f3f3"
                        stop-opacity="1"
                      />
                      <stop
                        offset="50%"
                        stop-color="#ecebeb"
                        stop-opacity="1"
                      />
                      <stop
                        offset="100%"
                        stop-color="#f3f3f3"
                        stop-opacity="1"
                      />
                      <animatetransform
                        attributeName="gradientTransform"
                        dur="2s"
                        repeatCount="indefinite"
                        type="translate"
                        values="-2 0; 0 0; 2 0"
                      />
                    </lineargradient>
                  </defs>
                </svg>
              </td>
              <td>
                <svg
                  aria-labelledby="yzxal3-aria"
                  height="20"
                  role="img"
                  viewBox="0 0 120 20"
                  width="120"
                >
                  <title
                    id="yzxal3-aria"
                  >
                    Loading...
                  </title>
                  <rect
                    clip-path="url(#yzxal3-diff)"
                    height="100%"
                    role="presentation"
                    style="fill: url(#yzxal3-animated-diff);"
                    width="100%"
                    x="0"
                    y="0"
                  />
                  <defs>
                    <clippath
                      id="yzxal3-diff"
                    >
                      <rect
                        height="12"
                        rx="3"
                        ry="3"
                        width="100"
                        x="0"
                        y="0"
                      />
                    </clippath>
                    <lineargradient
                      gradientTransform="translate(-2 0)"
                      id="yzxal3-animated-diff"
                    >
                      <stop
                        offset="0%"
                        stop-color="#f3f3f3"
                        stop-opacity="1"
                      />
                      <stop
                        offset="50%"
                        stop-color="#ecebeb"
                        stop-opacity="1"
                      />
                      <stop
                        offset="100%"
                        stop-color="#f3f3f3"
                        stop-opacity="1"
                      />
                      <animatetransform
                        attributeName="gradientTransform"
                        dur="2s"
                        repeatCount="indefinite"
                        type="translate"
                        values="-2 0; 0 0; 2 0"
                      />
                    </lineargradient>
                  </defs>
                </svg>
              </td>
              <td>
                <svg
                  aria-labelledby="w7sfz8i-aria"
                  height="24"
                  role="img"
                  viewBox="0 0 100 24"
                  width="100"
                >
                  <title
                    id="w7sfz8i-aria"
                  >
                    Loading...
                  </title>
                  <rect
                    clip-path="url(#w7sfz8i-diff)"
                    height="100%"
                    role="presentation"
                    style="fill: url(#w7sfz8i-animated-diff);"
                    width="100%"
                    x="0"
                    y="0"
                  />
                  <defs>
                    <clippath
                      id="w7sfz8i-diff"
                    >
                      <rect
                        height="24"
                        rx="12"
                        ry="12"
                        width="80"
                        x="0"
                        y="0"
                      />
                    </clippath>
                    <lineargradient
                      gradientTransform="translate(-2 0)"
                      id="w7sfz8i-animated-diff"
                    >
                      <stop
                        offset="0%"
                        stop-color="#f3f3f3"
                        stop-opacity="1"
                      />
                      <stop
                        offset="50%"
                        stop-color="#ecebeb"
                        stop-opacity="1"
                      />
                      <stop
                        offset="100%"
                        stop-color="#f3f3f3"
                        stop-opacity="1"
                      />
                      <animatetransform
                        attributeName="gradientTransform"
                        dur="2s"
                        repeatCount="indefinite"
                        type="translate"
                        values="-2 0; 0 0; 2 0"
                      />
                    </lineargradient>
                  </defs>
                </svg>
              </td>
              <td>
                <svg
                  aria-labelledby="o8re8iq-aria"
                  height="20"
                  role="img"
                  viewBox="0 0 120 20"
                  width="120"
                >
                  <title
                    id="o8re8iq-aria"
                  >
                    Loading...
                  </title>
                  <rect
                    clip-path="url(#o8re8iq-diff)"
                    height="100%"
                    role="presentation"
                    style="fill: url(#o8re8iq-animated-diff);"
                    width="100%"
                    x="0"
                    y="0"
                  />
                  <defs>
                    <clippath
                      id="o8re8iq-diff"
                    >
                      <rect
                        height="12"
                        rx="3"
                        ry="3"
                        width="100"
                        x="0"
                        y="0"
                      />
                    </clippath>
                    <lineargradient
                      gradientTransform="translate(-2 0)"
                      id="o8re8iq-animated-diff"
                    >
                      <stop
                        offset="0%"
                        stop-color="#f3f3f3"
                        stop-opacity="1"
                      />
                      <stop
                        offset="50%"
                        stop-color="#ecebeb"
                        stop-opacity="1"
                      />
                      <stop
                        offset="100%"
                        stop-color="#f3f3f3"
                        stop-opacity="1"
                      />
                      <animatetransform
                        attributeName="gradientTransform"
                        dur="2s"
                        repeatCount="indefinite"
                        type="translate"
                        values="-2 0; 0 0; 2 0"
                      />
                    </lineargradient>
                  </defs>
                </svg>
              </td>
            </tr>
            <tr
              class="tableRow"
            >
              <td>
                <svg
                  aria-labelledby="kcud6s-aria"
                  height="20"
                  role="img"
                  viewBox="0 0 120 20"
                  width="120"
                >
                  <title
                    id="kcud6s-aria"
                  >
                    Loading...
                  </title>
                  <rect
                    clip-path="url(#kcud6s-diff)"
                    height="100%"
                    role="presentation"
                    style="fill: url(#kcud6s-animated-diff);"
                    width="100%"
                    x="0"
                    y="0"
                  />
                  <defs>
                    <clippath
                      id="kcud6s-diff"
                    >
                      <rect
                        height="12"
                        rx="3"
                        ry="3"
                        width="100"
                        x="0"
                        y="0"
                      />
                    </clippath>
                    <lineargradient
                      gradientTransform="translate(-2 0)"
                      id="kcud6s-animated-diff"
                    >
                      <stop
                        offset="0%"
                        stop-color="#f3f3f3"
                        stop-opacity="1"
                      />
                      <stop
                        offset="50%"
                        stop-color="#ecebeb"
                        stop-opacity="1"
                      />
                      <stop
                        offset="100%"
                        stop-color="#f3f3f3"
                        stop-opacity="1"
                      />
                      <animatetransform
                        attributeName="gradientTransform"
                        dur="2s"
                        repeatCount="indefinite"
                        type="translate"
                        values="-2 0; 0 0; 2 0"
                      />
                    </lineargradient>
                  </defs>
                </svg>
              </td>
              <td>
                <svg
                  aria-labelledby="m3dppbr-aria"
                  height="50"
                  role="img"
                  viewBox="0 0 200 50"
                  width="200"
                >
                  <title
                    id="m3dppbr-aria"
                  >
                    Loading...
                  </title>
                  <rect
                    clip-path="url(#m3dppbr-diff)"
                    height="100%"
                    role="presentation"
                    style="fill: url(#m3dppbr-animated-diff);"
                    width="100%"
                    x="0"
                    y="0"
                  />
                  <defs>
                    <clippath
                      id="m3dppbr-diff"
                    >
                      <circle
                        cx="20"
                        cy="20"
                        r="20"
                      />
                      <rect
                        height="10"
                        rx="3"
                        ry="3"
                        width="120"
                        x="50"
                        y="5"
                      />
                      <rect
                        height="8"
                        rx="3"
                        ry="3"
                        width="100"
                        x="50"
                        y="20"
                      />
                      <rect
                        height="8"
                        rx="3"
                        ry="3"
                        width="90"
                        x="50"
                        y="34"
                      />
                    </clippath>
                    <lineargradient
                      gradientTransform="translate(-2 0)"
                      id="m3dppbr-animated-diff"
                    >
                      <stop
                        offset="0%"
                        stop-color="#f3f3f3"
                        stop-opacity="1"
                      />
                      <stop
                        offset="50%"
                        stop-color="#ecebeb"
                        stop-opacity="1"
                      />
                      <stop
                        offset="100%"
                        stop-color="#f3f3f3"
                        stop-opacity="1"
                      />
                      <animatetransform
                        attributeName="gradientTransform"
                        dur="2s"
                        repeatCount="indefinite"
                        type="translate"
                        values="-2 0; 0 0; 2 0"
                      />
                    </lineargradient>
                  </defs>
                </svg>
              </td>
              <td>
                <svg
                  aria-labelledby="2pzvwd2-aria"
                  height="20"
                  role="img"
                  viewBox="0 0 120 20"
                  width="120"
                >
                  <title
                    id="2pzvwd2-aria"
                  >
                    Loading...
                  </title>
                  <rect
                    clip-path="url(#2pzvwd2-diff)"
                    height="100%"
                    role="presentation"
                    style="fill: url(#2pzvwd2-animated-diff);"
                    width="100%"
                    x="0"
                    y="0"
                  />
                  <defs>
                    <clippath
                      id="2pzvwd2-diff"
                    >
                      <rect
                        height="12"
                        rx="3"
                        ry="3"
                        width="100"
                        x="0"
                        y="0"
                      />
                    </clippath>
                    <lineargradient
                      gradientTransform="translate(-2 0)"
                      id="2pzvwd2-animated-diff"
                    >
                      <stop
                        offset="0%"
                        stop-color="#f3f3f3"
                        stop-opacity="1"
                      />
                      <stop
                        offset="50%"
                        stop-color="#ecebeb"
                        stop-opacity="1"
                      />
                      <stop
                        offset="100%"
                        stop-color="#f3f3f3"
                        stop-opacity="1"
                      />
                      <animatetransform
                        attributeName="gradientTransform"
                        dur="2s"
                        repeatCount="indefinite"
                        type="translate"
                        values="-2 0; 0 0; 2 0"
                      />
                    </lineargradient>
                  </defs>
                </svg>
              </td>
              <td>
                <svg
                  aria-labelledby="ro0syda-aria"
                  height="20"
                  role="img"
                  viewBox="0 0 120 20"
                  width="120"
                >
                  <title
                    id="ro0syda-aria"
                  >
                    Loading...
                  </title>
                  <rect
                    clip-path="url(#ro0syda-diff)"
                    height="100%"
                    role="presentation"
                    style="fill: url(#ro0syda-animated-diff);"
                    width="100%"
                    x="0"
                    y="0"
                  />
                  <defs>
                    <clippath
                      id="ro0syda-diff"
                    >
                      <rect
                        height="12"
                        rx="3"
                        ry="3"
                        width="100"
                        x="0"
                        y="0"
                      />
                    </clippath>
                    <lineargradient
                      gradientTransform="translate(-2 0)"
                      id="ro0syda-animated-diff"
                    >
                      <stop
                        offset="0%"
                        stop-color="#f3f3f3"
                        stop-opacity="1"
                      />
                      <stop
                        offset="50%"
                        stop-color="#ecebeb"
                        stop-opacity="1"
                      />
                      <stop
                        offset="100%"
                        stop-color="#f3f3f3"
                        stop-opacity="1"
                      />
                      <animatetransform
                        attributeName="gradientTransform"
                        dur="2s"
                        repeatCount="indefinite"
                        type="translate"
                        values="-2 0; 0 0; 2 0"
                      />
                    </lineargradient>
                  </defs>
                </svg>
              </td>
              <td>
                <svg
                  aria-labelledby="fqde8xl-aria"
                  height="20"
                  role="img"
                  viewBox="0 0 120 20"
                  width="120"
                >
                  <title
                    id="fqde8xl-aria"
                  >
                    Loading...
                  </title>
                  <rect
                    clip-path="url(#fqde8xl-diff)"
                    height="100%"
                    role="presentation"
                    style="fill: url(#fqde8xl-animated-diff);"
                    width="100%"
                    x="0"
                    y="0"
                  />
                  <defs>
                    <clippath
                      id="fqde8xl-diff"
                    >
                      <rect
                        height="12"
                        rx="3"
                        ry="3"
                        width="100"
                        x="0"
                        y="0"
                      />
                    </clippath>
                    <lineargradient
                      gradientTransform="translate(-2 0)"
                      id="fqde8xl-animated-diff"
                    >
                      <stop
                        offset="0%"
                        stop-color="#f3f3f3"
                        stop-opacity="1"
                      />
                      <stop
                        offset="50%"
                        stop-color="#ecebeb"
                        stop-opacity="1"
                      />
                      <stop
                        offset="100%"
                        stop-color="#f3f3f3"
                        stop-opacity="1"
                      />
                      <animatetransform
                        attributeName="gradientTransform"
                        dur="2s"
                        repeatCount="indefinite"
                        type="translate"
                        values="-2 0; 0 0; 2 0"
                      />
                    </lineargradient>
                  </defs>
                </svg>
              </td>
              <td>
                <svg
                  aria-labelledby="d3rk15i-aria"
                  height="24"
                  role="img"
                  viewBox="0 0 100 24"
                  width="100"
                >
                  <title
                    id="d3rk15i-aria"
                  >
                    Loading...
                  </title>
                  <rect
                    clip-path="url(#d3rk15i-diff)"
                    height="100%"
                    role="presentation"
                    style="fill: url(#d3rk15i-animated-diff);"
                    width="100%"
                    x="0"
                    y="0"
                  />
                  <defs>
                    <clippath
                      id="d3rk15i-diff"
                    >
                      <rect
                        height="24"
                        rx="12"
                        ry="12"
                        width="80"
                        x="0"
                        y="0"
                      />
                    </clippath>
                    <lineargradient
                      gradientTransform="translate(-2 0)"
                      id="d3rk15i-animated-diff"
                    >
                      <stop
                        offset="0%"
                        stop-color="#f3f3f3"
                        stop-opacity="1"
                      />
                      <stop
                        offset="50%"
                        stop-color="#ecebeb"
                        stop-opacity="1"
                      />
                      <stop
                        offset="100%"
                        stop-color="#f3f3f3"
                        stop-opacity="1"
                      />
                      <animatetransform
                        attributeName="gradientTransform"
                        dur="2s"
                        repeatCount="indefinite"
                        type="translate"
                        values="-2 0; 0 0; 2 0"
                      />
                    </lineargradient>
                  </defs>
                </svg>
              </td>
              <td>
                <svg
                  aria-labelledby="coi42ow-aria"
                  height="20"
                  role="img"
                  viewBox="0 0 120 20"
                  width="120"
                >
                  <title
                    id="coi42ow-aria"
                  >
                    Loading...
                  </title>
                  <rect
                    clip-path="url(#coi42ow-diff)"
                    height="100%"
                    role="presentation"
                    style="fill: url(#coi42ow-animated-diff);"
                    width="100%"
                    x="0"
                    y="0"
                  />
                  <defs>
                    <clippath
                      id="coi42ow-diff"
                    >
                      <rect
                        height="12"
                        rx="3"
                        ry="3"
                        width="100"
                        x="0"
                        y="0"
                      />
                    </clippath>
                    <lineargradient
                      gradientTransform="translate(-2 0)"
                      id="coi42ow-animated-diff"
                    >
                      <stop
                        offset="0%"
                        stop-color="#f3f3f3"
                        stop-opacity="1"
                      />
                      <stop
                        offset="50%"
                        stop-color="#ecebeb"
                        stop-opacity="1"
                      />
                      <stop
                        offset="100%"
                        stop-color="#f3f3f3"
                        stop-opacity="1"
                      />
                      <animatetransform
                        attributeName="gradientTransform"
                        dur="2s"
                        repeatCount="indefinite"
                        type="translate"
                        values="-2 0; 0 0; 2 0"
                      />
                    </lineargradient>
                  </defs>
                </svg>
              </td>
            </tr>
            <tr
              class="tableRow"
            >
              <td>
                <svg
                  aria-labelledby="cd40h8y-aria"
                  height="20"
                  role="img"
                  viewBox="0 0 120 20"
                  width="120"
                >
                  <title
                    id="cd40h8y-aria"
                  >
                    Loading...
                  </title>
                  <rect
                    clip-path="url(#cd40h8y-diff)"
                    height="100%"
                    role="presentation"
                    style="fill: url(#cd40h8y-animated-diff);"
                    width="100%"
                    x="0"
                    y="0"
                  />
                  <defs>
                    <clippath
                      id="cd40h8y-diff"
                    >
                      <rect
                        height="12"
                        rx="3"
                        ry="3"
                        width="100"
                        x="0"
                        y="0"
                      />
                    </clippath>
                    <lineargradient
                      gradientTransform="translate(-2 0)"
                      id="cd40h8y-animated-diff"
                    >
                      <stop
                        offset="0%"
                        stop-color="#f3f3f3"
                        stop-opacity="1"
                      />
                      <stop
                        offset="50%"
                        stop-color="#ecebeb"
                        stop-opacity="1"
                      />
                      <stop
                        offset="100%"
                        stop-color="#f3f3f3"
                        stop-opacity="1"
                      />
                      <animatetransform
                        attributeName="gradientTransform"
                        dur="2s"
                        repeatCount="indefinite"
                        type="translate"
                        values="-2 0; 0 0; 2 0"
                      />
                    </lineargradient>
                  </defs>
                </svg>
              </td>
              <td>
                <svg
                  aria-labelledby="6kqfj04-aria"
                  height="50"
                  role="img"
                  viewBox="0 0 200 50"
                  width="200"
                >
                  <title
                    id="6kqfj04-aria"
                  >
                    Loading...
                  </title>
                  <rect
                    clip-path="url(#6kqfj04-diff)"
                    height="100%"
                    role="presentation"
                    style="fill: url(#6kqfj04-animated-diff);"
                    width="100%"
                    x="0"
                    y="0"
                  />
                  <defs>
                    <clippath
                      id="6kqfj04-diff"
                    >
                      <circle
                        cx="20"
                        cy="20"
                        r="20"
                      />
                      <rect
                        height="10"
                        rx="3"
                        ry="3"
                        width="120"
                        x="50"
                        y="5"
                      />
                      <rect
                        height="8"
                        rx="3"
                        ry="3"
                        width="100"
                        x="50"
                        y="20"
                      />
                      <rect
                        height="8"
                        rx="3"
                        ry="3"
                        width="90"
                        x="50"
                        y="34"
                      />
                    </clippath>
                    <lineargradient
                      gradientTransform="translate(-2 0)"
                      id="6kqfj04-animated-diff"
                    >
                      <stop
                        offset="0%"
                        stop-color="#f3f3f3"
                        stop-opacity="1"
                      />
                      <stop
                        offset="50%"
                        stop-color="#ecebeb"
                        stop-opacity="1"
                      />
                      <stop
                        offset="100%"
                        stop-color="#f3f3f3"
                        stop-opacity="1"
                      />
                      <animatetransform
                        attributeName="gradientTransform"
                        dur="2s"
                        repeatCount="indefinite"
                        type="translate"
                        values="-2 0; 0 0; 2 0"
                      />
                    </lineargradient>
                  </defs>
                </svg>
              </td>
              <td>
                <svg
                  aria-labelledby="cbp55u-aria"
                  height="20"
                  role="img"
                  viewBox="0 0 120 20"
                  width="120"
                >
                  <title
                    id="cbp55u-aria"
                  >
                    Loading...
                  </title>
                  <rect
                    clip-path="url(#cbp55u-diff)"
                    height="100%"
                    role="presentation"
                    style="fill: url(#cbp55u-animated-diff);"
                    width="100%"
                    x="0"
                    y="0"
                  />
                  <defs>
                    <clippath
                      id="cbp55u-diff"
                    >
                      <rect
                        height="12"
                        rx="3"
                        ry="3"
                        width="100"
                        x="0"
                        y="0"
                      />
                    </clippath>
                    <lineargradient
                      gradientTransform="translate(-2 0)"
                      id="cbp55u-animated-diff"
                    >
                      <stop
                        offset="0%"
                        stop-color="#f3f3f3"
                        stop-opacity="1"
                      />
                      <stop
                        offset="50%"
                        stop-color="#ecebeb"
                        stop-opacity="1"
                      />
                      <stop
                        offset="100%"
                        stop-color="#f3f3f3"
                        stop-opacity="1"
                      />
                      <animatetransform
                        attributeName="gradientTransform"
                        dur="2s"
                        repeatCount="indefinite"
                        type="translate"
                        values="-2 0; 0 0; 2 0"
                      />
                    </lineargradient>
                  </defs>
                </svg>
              </td>
              <td>
                <svg
                  aria-labelledby="6v34v7g-aria"
                  height="20"
                  role="img"
                  viewBox="0 0 120 20"
                  width="120"
                >
                  <title
                    id="6v34v7g-aria"
                  >
                    Loading...
                  </title>
                  <rect
                    clip-path="url(#6v34v7g-diff)"
                    height="100%"
                    role="presentation"
                    style="fill: url(#6v34v7g-animated-diff);"
                    width="100%"
                    x="0"
                    y="0"
                  />
                  <defs>
                    <clippath
                      id="6v34v7g-diff"
                    >
                      <rect
                        height="12"
                        rx="3"
                        ry="3"
                        width="100"
                        x="0"
                        y="0"
                      />
                    </clippath>
                    <lineargradient
                      gradientTransform="translate(-2 0)"
                      id="6v34v7g-animated-diff"
                    >
                      <stop
                        offset="0%"
                        stop-color="#f3f3f3"
                        stop-opacity="1"
                      />
                      <stop
                        offset="50%"
                        stop-color="#ecebeb"
                        stop-opacity="1"
                      />
                      <stop
                        offset="100%"
                        stop-color="#f3f3f3"
                        stop-opacity="1"
                      />
                      <animatetransform
                        attributeName="gradientTransform"
                        dur="2s"
                        repeatCount="indefinite"
                        type="translate"
                        values="-2 0; 0 0; 2 0"
                      />
                    </lineargradient>
                  </defs>
                </svg>
              </td>
              <td>
                <svg
                  aria-labelledby="vk28bq0o-aria"
                  height="20"
                  role="img"
                  viewBox="0 0 120 20"
                  width="120"
                >
                  <title
                    id="vk28bq0o-aria"
                  >
                    Loading...
                  </title>
                  <rect
                    clip-path="url(#vk28bq0o-diff)"
                    height="100%"
                    role="presentation"
                    style="fill: url(#vk28bq0o-animated-diff);"
                    width="100%"
                    x="0"
                    y="0"
                  />
                  <defs>
                    <clippath
                      id="vk28bq0o-diff"
                    >
                      <rect
                        height="12"
                        rx="3"
                        ry="3"
                        width="100"
                        x="0"
                        y="0"
                      />
                    </clippath>
                    <lineargradient
                      gradientTransform="translate(-2 0)"
                      id="vk28bq0o-animated-diff"
                    >
                      <stop
                        offset="0%"
                        stop-color="#f3f3f3"
                        stop-opacity="1"
                      />
                      <stop
                        offset="50%"
                        stop-color="#ecebeb"
                        stop-opacity="1"
                      />
                      <stop
                        offset="100%"
                        stop-color="#f3f3f3"
                        stop-opacity="1"
                      />
                      <animatetransform
                        attributeName="gradientTransform"
                        dur="2s"
                        repeatCount="indefinite"
                        type="translate"
                        values="-2 0; 0 0; 2 0"
                      />
                    </lineargradient>
                  </defs>
                </svg>
              </td>
              <td>
                <svg
                  aria-labelledby="gyvk6uw-aria"
                  height="24"
                  role="img"
                  viewBox="0 0 100 24"
                  width="100"
                >
                  <title
                    id="gyvk6uw-aria"
                  >
                    Loading...
                  </title>
                  <rect
                    clip-path="url(#gyvk6uw-diff)"
                    height="100%"
                    role="presentation"
                    style="fill: url(#gyvk6uw-animated-diff);"
                    width="100%"
                    x="0"
                    y="0"
                  />
                  <defs>
                    <clippath
                      id="gyvk6uw-diff"
                    >
                      <rect
                        height="24"
                        rx="12"
                        ry="12"
                        width="80"
                        x="0"
                        y="0"
                      />
                    </clippath>
                    <lineargradient
                      gradientTransform="translate(-2 0)"
                      id="gyvk6uw-animated-diff"
                    >
                      <stop
                        offset="0%"
                        stop-color="#f3f3f3"
                        stop-opacity="1"
                      />
                      <stop
                        offset="50%"
                        stop-color="#ecebeb"
                        stop-opacity="1"
                      />
                      <stop
                        offset="100%"
                        stop-color="#f3f3f3"
                        stop-opacity="1"
                      />
                      <animatetransform
                        attributeName="gradientTransform"
                        dur="2s"
                        repeatCount="indefinite"
                        type="translate"
                        values="-2 0; 0 0; 2 0"
                      />
                    </lineargradient>
                  </defs>
                </svg>
              </td>
              <td>
                <svg
                  aria-labelledby="b83jsbl-aria"
                  height="20"
                  role="img"
                  viewBox="0 0 120 20"
                  width="120"
                >
                  <title
                    id="b83jsbl-aria"
                  >
                    Loading...
                  </title>
                  <rect
                    clip-path="url(#b83jsbl-diff)"
                    height="100%"
                    role="presentation"
                    style="fill: url(#b83jsbl-animated-diff);"
                    width="100%"
                    x="0"
                    y="0"
                  />
                  <defs>
                    <clippath
                      id="b83jsbl-diff"
                    >
                      <rect
                        height="12"
                        rx="3"
                        ry="3"
                        width="100"
                        x="0"
                        y="0"
                      />
                    </clippath>
                    <lineargradient
                      gradientTransform="translate(-2 0)"
                      id="b83jsbl-animated-diff"
                    >
                      <stop
                        offset="0%"
                        stop-color="#f3f3f3"
                        stop-opacity="1"
                      />
                      <stop
                        offset="50%"
                        stop-color="#ecebeb"
                        stop-opacity="1"
                      />
                      <stop
                        offset="100%"
                        stop-color="#f3f3f3"
                        stop-opacity="1"
                      />
                      <animatetransform
                        attributeName="gradientTransform"
                        dur="2s"
                        repeatCount="indefinite"
                        type="translate"
                        values="-2 0; 0 0; 2 0"
                      />
                    </lineargradient>
                  </defs>
                </svg>
              </td>
            </tr>
            <tr
              class="tableRow"
            >
              <td>
                <svg
                  aria-labelledby="g80n52-aria"
                  height="20"
                  role="img"
                  viewBox="0 0 120 20"
                  width="120"
                >
                  <title
                    id="g80n52-aria"
                  >
                    Loading...
                  </title>
                  <rect
                    clip-path="url(#g80n52-diff)"
                    height="100%"
                    role="presentation"
                    style="fill: url(#g80n52-animated-diff);"
                    width="100%"
                    x="0"
                    y="0"
                  />
                  <defs>
                    <clippath
                      id="g80n52-diff"
                    >
                      <rect
                        height="12"
                        rx="3"
                        ry="3"
                        width="100"
                        x="0"
                        y="0"
                      />
                    </clippath>
                    <lineargradient
                      gradientTransform="translate(-2 0)"
                      id="g80n52-animated-diff"
                    >
                      <stop
                        offset="0%"
                        stop-color="#f3f3f3"
                        stop-opacity="1"
                      />
                      <stop
                        offset="50%"
                        stop-color="#ecebeb"
                        stop-opacity="1"
                      />
                      <stop
                        offset="100%"
                        stop-color="#f3f3f3"
                        stop-opacity="1"
                      />
                      <animatetransform
                        attributeName="gradientTransform"
                        dur="2s"
                        repeatCount="indefinite"
                        type="translate"
                        values="-2 0; 0 0; 2 0"
                      />
                    </lineargradient>
                  </defs>
                </svg>
              </td>
              <td>
                <svg
                  aria-labelledby="6mhqr8-aria"
                  height="50"
                  role="img"
                  viewBox="0 0 200 50"
                  width="200"
                >
                  <title
                    id="6mhqr8-aria"
                  >
                    Loading...
                  </title>
                  <rect
                    clip-path="url(#6mhqr8-diff)"
                    height="100%"
                    role="presentation"
                    style="fill: url(#6mhqr8-animated-diff);"
                    width="100%"
                    x="0"
                    y="0"
                  />
                  <defs>
                    <clippath
                      id="6mhqr8-diff"
                    >
                      <circle
                        cx="20"
                        cy="20"
                        r="20"
                      />
                      <rect
                        height="10"
                        rx="3"
                        ry="3"
                        width="120"
                        x="50"
                        y="5"
                      />
                      <rect
                        height="8"
                        rx="3"
                        ry="3"
                        width="100"
                        x="50"
                        y="20"
                      />
                      <rect
                        height="8"
                        rx="3"
                        ry="3"
                        width="90"
                        x="50"
                        y="34"
                      />
                    </clippath>
                    <lineargradient
                      gradientTransform="translate(-2 0)"
                      id="6mhqr8-animated-diff"
                    >
                      <stop
                        offset="0%"
                        stop-color="#f3f3f3"
                        stop-opacity="1"
                      />
                      <stop
                        offset="50%"
                        stop-color="#ecebeb"
                        stop-opacity="1"
                      />
                      <stop
                        offset="100%"
                        stop-color="#f3f3f3"
                        stop-opacity="1"
                      />
                      <animatetransform
                        attributeName="gradientTransform"
                        dur="2s"
                        repeatCount="indefinite"
                        type="translate"
                        values="-2 0; 0 0; 2 0"
                      />
                    </lineargradient>
                  </defs>
                </svg>
              </td>
              <td>
                <svg
                  aria-labelledby="xto1iqg-aria"
                  height="20"
                  role="img"
                  viewBox="0 0 120 20"
                  width="120"
                >
                  <title
                    id="xto1iqg-aria"
                  >
                    Loading...
                  </title>
                  <rect
                    clip-path="url(#xto1iqg-diff)"
                    height="100%"
                    role="presentation"
                    style="fill: url(#xto1iqg-animated-diff);"
                    width="100%"
                    x="0"
                    y="0"
                  />
                  <defs>
                    <clippath
                      id="xto1iqg-diff"
                    >
                      <rect
                        height="12"
                        rx="3"
                        ry="3"
                        width="100"
                        x="0"
                        y="0"
                      />
                    </clippath>
                    <lineargradient
                      gradientTransform="translate(-2 0)"
                      id="xto1iqg-animated-diff"
                    >
                      <stop
                        offset="0%"
                        stop-color="#f3f3f3"
                        stop-opacity="1"
                      />
                      <stop
                        offset="50%"
                        stop-color="#ecebeb"
                        stop-opacity="1"
                      />
                      <stop
                        offset="100%"
                        stop-color="#f3f3f3"
                        stop-opacity="1"
                      />
                      <animatetransform
                        attributeName="gradientTransform"
                        dur="2s"
                        repeatCount="indefinite"
                        type="translate"
                        values="-2 0; 0 0; 2 0"
                      />
                    </lineargradient>
                  </defs>
                </svg>
              </td>
              <td>
                <svg
                  aria-labelledby="mqoboza-aria"
                  height="20"
                  role="img"
                  viewBox="0 0 120 20"
                  width="120"
                >
                  <title
                    id="mqoboza-aria"
                  >
                    Loading...
                  </title>
                  <rect
                    clip-path="url(#mqoboza-diff)"
                    height="100%"
                    role="presentation"
                    style="fill: url(#mqoboza-animated-diff);"
                    width="100%"
                    x="0"
                    y="0"
                  />
                  <defs>
                    <clippath
                      id="mqoboza-diff"
                    >
                      <rect
                        height="12"
                        rx="3"
                        ry="3"
                        width="100"
                        x="0"
                        y="0"
                      />
                    </clippath>
                    <lineargradient
                      gradientTransform="translate(-2 0)"
                      id="mqoboza-animated-diff"
                    >
                      <stop
                        offset="0%"
                        stop-color="#f3f3f3"
                        stop-opacity="1"
                      />
                      <stop
                        offset="50%"
                        stop-color="#ecebeb"
                        stop-opacity="1"
                      />
                      <stop
                        offset="100%"
                        stop-color="#f3f3f3"
                        stop-opacity="1"
                      />
                      <animatetransform
                        attributeName="gradientTransform"
                        dur="2s"
                        repeatCount="indefinite"
                        type="translate"
                        values="-2 0; 0 0; 2 0"
                      />
                    </lineargradient>
                  </defs>
                </svg>
              </td>
              <td>
                <svg
                  aria-labelledby="9mi2hps-aria"
                  height="20"
                  role="img"
                  viewBox="0 0 120 20"
                  width="120"
                >
                  <title
                    id="9mi2hps-aria"
                  >
                    Loading...
                  </title>
                  <rect
                    clip-path="url(#9mi2hps-diff)"
                    height="100%"
                    role="presentation"
                    style="fill: url(#9mi2hps-animated-diff);"
                    width="100%"
                    x="0"
                    y="0"
                  />
                  <defs>
                    <clippath
                      id="9mi2hps-diff"
                    >
                      <rect
                        height="12"
                        rx="3"
                        ry="3"
                        width="100"
                        x="0"
                        y="0"
                      />
                    </clippath>
                    <lineargradient
                      gradientTransform="translate(-2 0)"
                      id="9mi2hps-animated-diff"
                    >
                      <stop
                        offset="0%"
                        stop-color="#f3f3f3"
                        stop-opacity="1"
                      />
                      <stop
                        offset="50%"
                        stop-color="#ecebeb"
                        stop-opacity="1"
                      />
                      <stop
                        offset="100%"
                        stop-color="#f3f3f3"
                        stop-opacity="1"
                      />
                      <animatetransform
                        attributeName="gradientTransform"
                        dur="2s"
                        repeatCount="indefinite"
                        type="translate"
                        values="-2 0; 0 0; 2 0"
                      />
                    </lineargradient>
                  </defs>
                </svg>
              </td>
              <td>
                <svg
                  aria-labelledby="1mady3l-aria"
                  height="24"
                  role="img"
                  viewBox="0 0 100 24"
                  width="100"
                >
                  <title
                    id="1mady3l-aria"
                  >
                    Loading...
                  </title>
                  <rect
                    clip-path="url(#1mady3l-diff)"
                    height="100%"
                    role="presentation"
                    style="fill: url(#1mady3l-animated-diff);"
                    width="100%"
                    x="0"
                    y="0"
                  />
                  <defs>
                    <clippath
                      id="1mady3l-diff"
                    >
                      <rect
                        height="24"
                        rx="12"
                        ry="12"
                        width="80"
                        x="0"
                        y="0"
                      />
                    </clippath>
                    <lineargradient
                      gradientTransform="translate(-2 0)"
                      id="1mady3l-animated-diff"
                    >
                      <stop
                        offset="0%"
                        stop-color="#f3f3f3"
                        stop-opacity="1"
                      />
                      <stop
                        offset="50%"
                        stop-color="#ecebeb"
                        stop-opacity="1"
                      />
                      <stop
                        offset="100%"
                        stop-color="#f3f3f3"
                        stop-opacity="1"
                      />
                      <animatetransform
                        attributeName="gradientTransform"
                        dur="2s"
                        repeatCount="indefinite"
                        type="translate"
                        values="-2 0; 0 0; 2 0"
                      />
                    </lineargradient>
                  </defs>
                </svg>
              </td>
              <td>
                <svg
                  aria-labelledby="6o3ismv-aria"
                  height="20"
                  role="img"
                  viewBox="0 0 120 20"
                  width="120"
                >
                  <title
                    id="6o3ismv-aria"
                  >
                    Loading...
                  </title>
                  <rect
                    clip-path="url(#6o3ismv-diff)"
                    height="100%"
                    role="presentation"
                    style="fill: url(#6o3ismv-animated-diff);"
                    width="100%"
                    x="0"
                    y="0"
                  />
                  <defs>
                    <clippath
                      id="6o3ismv-diff"
                    >
                      <rect
                        height="12"
                        rx="3"
                        ry="3"
                        width="100"
                        x="0"
                        y="0"
                      />
                    </clippath>
                    <lineargradient
                      gradientTransform="translate(-2 0)"
                      id="6o3ismv-animated-diff"
                    >
                      <stop
                        offset="0%"
                        stop-color="#f3f3f3"
                        stop-opacity="1"
                      />
                      <stop
                        offset="50%"
                        stop-color="#ecebeb"
                        stop-opacity="1"
                      />
                      <stop
                        offset="100%"
                        stop-color="#f3f3f3"
                        stop-opacity="1"
                      />
                      <animatetransform
                        attributeName="gradientTransform"
                        dur="2s"
                        repeatCount="indefinite"
                        type="translate"
                        values="-2 0; 0 0; 2 0"
                      />
                    </lineargradient>
                  </defs>
                </svg>
              </td>
            </tr>
            <tr
              class="tableRow"
            >
              <td>
                <svg
                  aria-labelledby="wq4pmwi-aria"
                  height="20"
                  role="img"
                  viewBox="0 0 120 20"
                  width="120"
                >
                  <title
                    id="wq4pmwi-aria"
                  >
                    Loading...
                  </title>
                  <rect
                    clip-path="url(#wq4pmwi-diff)"
                    height="100%"
                    role="presentation"
                    style="fill: url(#wq4pmwi-animated-diff);"
                    width="100%"
                    x="0"
                    y="0"
                  />
                  <defs>
                    <clippath
                      id="wq4pmwi-diff"
                    >
                      <rect
                        height="12"
                        rx="3"
                        ry="3"
                        width="100"
                        x="0"
                        y="0"
                      />
                    </clippath>
                    <lineargradient
                      gradientTransform="translate(-2 0)"
                      id="wq4pmwi-animated-diff"
                    >
                      <stop
                        offset="0%"
                        stop-color="#f3f3f3"
                        stop-opacity="1"
                      />
                      <stop
                        offset="50%"
                        stop-color="#ecebeb"
                        stop-opacity="1"
                      />
                      <stop
                        offset="100%"
                        stop-color="#f3f3f3"
                        stop-opacity="1"
                      />
                      <animatetransform
                        attributeName="gradientTransform"
                        dur="2s"
                        repeatCount="indefinite"
                        type="translate"
                        values="-2 0; 0 0; 2 0"
                      />
                    </lineargradient>
                  </defs>
                </svg>
              </td>
              <td>
                <svg
                  aria-labelledby="wcc92lr-aria"
                  height="50"
                  role="img"
                  viewBox="0 0 200 50"
                  width="200"
                >
                  <title
                    id="wcc92lr-aria"
                  >
                    Loading...
                  </title>
                  <rect
                    clip-path="url(#wcc92lr-diff)"
                    height="100%"
                    role="presentation"
                    style="fill: url(#wcc92lr-animated-diff);"
                    width="100%"
                    x="0"
                    y="0"
                  />
                  <defs>
                    <clippath
                      id="wcc92lr-diff"
                    >
                      <circle
                        cx="20"
                        cy="20"
                        r="20"
                      />
                      <rect
                        height="10"
                        rx="3"
                        ry="3"
                        width="120"
                        x="50"
                        y="5"
                      />
                      <rect
                        height="8"
                        rx="3"
                        ry="3"
                        width="100"
                        x="50"
                        y="20"
                      />
                      <rect
                        height="8"
                        rx="3"
                        ry="3"
                        width="90"
                        x="50"
                        y="34"
                      />
                    </clippath>
                    <lineargradient
                      gradientTransform="translate(-2 0)"
                      id="wcc92lr-animated-diff"
                    >
                      <stop
                        offset="0%"
                        stop-color="#f3f3f3"
                        stop-opacity="1"
                      />
                      <stop
                        offset="50%"
                        stop-color="#ecebeb"
                        stop-opacity="1"
                      />
                      <stop
                        offset="100%"
                        stop-color="#f3f3f3"
                        stop-opacity="1"
                      />
                      <animatetransform
                        attributeName="gradientTransform"
                        dur="2s"
                        repeatCount="indefinite"
                        type="translate"
                        values="-2 0; 0 0; 2 0"
                      />
                    </lineargradient>
                  </defs>
                </svg>
              </td>
              <td>
                <svg
                  aria-labelledby="9q1q56e-aria"
                  height="20"
                  role="img"
                  viewBox="0 0 120 20"
                  width="120"
                >
                  <title
                    id="9q1q56e-aria"
                  >
                    Loading...
                  </title>
                  <rect
                    clip-path="url(#9q1q56e-diff)"
                    height="100%"
                    role="presentation"
                    style="fill: url(#9q1q56e-animated-diff);"
                    width="100%"
                    x="0"
                    y="0"
                  />
                  <defs>
                    <clippath
                      id="9q1q56e-diff"
                    >
                      <rect
                        height="12"
                        rx="3"
                        ry="3"
                        width="100"
                        x="0"
                        y="0"
                      />
                    </clippath>
                    <lineargradient
                      gradientTransform="translate(-2 0)"
                      id="9q1q56e-animated-diff"
                    >
                      <stop
                        offset="0%"
                        stop-color="#f3f3f3"
                        stop-opacity="1"
                      />
                      <stop
                        offset="50%"
                        stop-color="#ecebeb"
                        stop-opacity="1"
                      />
                      <stop
                        offset="100%"
                        stop-color="#f3f3f3"
                        stop-opacity="1"
                      />
                      <animatetransform
                        attributeName="gradientTransform"
                        dur="2s"
                        repeatCount="indefinite"
                        type="translate"
                        values="-2 0; 0 0; 2 0"
                      />
                    </lineargradient>
                  </defs>
                </svg>
              </td>
              <td>
                <svg
                  aria-labelledby="9yxoc7t-aria"
                  height="20"
                  role="img"
                  viewBox="0 0 120 20"
                  width="120"
                >
                  <title
                    id="9yxoc7t-aria"
                  >
                    Loading...
                  </title>
                  <rect
                    clip-path="url(#9yxoc7t-diff)"
                    height="100%"
                    role="presentation"
                    style="fill: url(#9yxoc7t-animated-diff);"
                    width="100%"
                    x="0"
                    y="0"
                  />
                  <defs>
                    <clippath
                      id="9yxoc7t-diff"
                    >
                      <rect
                        height="12"
                        rx="3"
                        ry="3"
                        width="100"
                        x="0"
                        y="0"
                      />
                    </clippath>
                    <lineargradient
                      gradientTransform="translate(-2 0)"
                      id="9yxoc7t-animated-diff"
                    >
                      <stop
                        offset="0%"
                        stop-color="#f3f3f3"
                        stop-opacity="1"
                      />
                      <stop
                        offset="50%"
                        stop-color="#ecebeb"
                        stop-opacity="1"
                      />
                      <stop
                        offset="100%"
                        stop-color="#f3f3f3"
                        stop-opacity="1"
                      />
                      <animatetransform
                        attributeName="gradientTransform"
                        dur="2s"
                        repeatCount="indefinite"
                        type="translate"
                        values="-2 0; 0 0; 2 0"
                      />
                    </lineargradient>
                  </defs>
                </svg>
              </td>
              <td>
                <svg
                  aria-labelledby="jzydg9k-aria"
                  height="20"
                  role="img"
                  viewBox="0 0 120 20"
                  width="120"
                >
                  <title
                    id="jzydg9k-aria"
                  >
                    Loading...
                  </title>
                  <rect
                    clip-path="url(#jzydg9k-diff)"
                    height="100%"
                    role="presentation"
                    style="fill: url(#jzydg9k-animated-diff);"
                    width="100%"
                    x="0"
                    y="0"
                  />
                  <defs>
                    <clippath
                      id="jzydg9k-diff"
                    >
                      <rect
                        height="12"
                        rx="3"
                        ry="3"
                        width="100"
                        x="0"
                        y="0"
                      />
                    </clippath>
                    <lineargradient
                      gradientTransform="translate(-2 0)"
                      id="jzydg9k-animated-diff"
                    >
                      <stop
                        offset="0%"
                        stop-color="#f3f3f3"
                        stop-opacity="1"
                      />
                      <stop
                        offset="50%"
                        stop-color="#ecebeb"
                        stop-opacity="1"
                      />
                      <stop
                        offset="100%"
                        stop-color="#f3f3f3"
                        stop-opacity="1"
                      />
                      <animatetransform
                        attributeName="gradientTransform"
                        dur="2s"
                        repeatCount="indefinite"
                        type="translate"
                        values="-2 0; 0 0; 2 0"
                      />
                    </lineargradient>
                  </defs>
                </svg>
              </td>
              <td>
                <svg
                  aria-labelledby="8s2fu74-aria"
                  height="24"
                  role="img"
                  viewBox="0 0 100 24"
                  width="100"
                >
                  <title
                    id="8s2fu74-aria"
                  >
                    Loading...
                  </title>
                  <rect
                    clip-path="url(#8s2fu74-diff)"
                    height="100%"
                    role="presentation"
                    style="fill: url(#8s2fu74-animated-diff);"
                    width="100%"
                    x="0"
                    y="0"
                  />
                  <defs>
                    <clippath
                      id="8s2fu74-diff"
                    >
                      <rect
                        height="24"
                        rx="12"
                        ry="12"
                        width="80"
                        x="0"
                        y="0"
                      />
                    </clippath>
                    <lineargradient
                      gradientTransform="translate(-2 0)"
                      id="8s2fu74-animated-diff"
                    >
                      <stop
                        offset="0%"
                        stop-color="#f3f3f3"
                        stop-opacity="1"
                      />
                      <stop
                        offset="50%"
                        stop-color="#ecebeb"
                        stop-opacity="1"
                      />
                      <stop
                        offset="100%"
                        stop-color="#f3f3f3"
                        stop-opacity="1"
                      />
                      <animatetransform
                        attributeName="gradientTransform"
                        dur="2s"
                        repeatCount="indefinite"
                        type="translate"
                        values="-2 0; 0 0; 2 0"
                      />
                    </lineargradient>
                  </defs>
                </svg>
              </td>
              <td>
                <svg
                  aria-labelledby="ugallea-aria"
                  height="20"
                  role="img"
                  viewBox="0 0 120 20"
                  width="120"
                >
                  <title
                    id="ugallea-aria"
                  >
                    Loading...
                  </title>
                  <rect
                    clip-path="url(#ugallea-diff)"
                    height="100%"
                    role="presentation"
                    style="fill: url(#ugallea-animated-diff);"
                    width="100%"
                    x="0"
                    y="0"
                  />
                  <defs>
                    <clippath
                      id="ugallea-diff"
                    >
                      <rect
                        height="12"
                        rx="3"
                        ry="3"
                        width="100"
                        x="0"
                        y="0"
                      />
                    </clippath>
                    <lineargradient
                      gradientTransform="translate(-2 0)"
                      id="ugallea-animated-diff"
                    >
                      <stop
                        offset="0%"
                        stop-color="#f3f3f3"
                        stop-opacity="1"
                      />
                      <stop
                        offset="50%"
                        stop-color="#ecebeb"
                        stop-opacity="1"
                      />
                      <stop
                        offset="100%"
                        stop-color="#f3f3f3"
                        stop-opacity="1"
                      />
                      <animatetransform
                        attributeName="gradientTransform"
                        dur="2s"
                        repeatCount="indefinite"
                        type="translate"
                        values="-2 0; 0 0; 2 0"
                      />
                    </lineargradient>
                  </defs>
                </svg>
              </td>
            </tr>
          </tbody>
        </table>
      </div>
    </div>
  </div>
</DocumentFragment>
`;
