// Jest Snapshot v1, https://jestjs.io/docs/snapshot-testing

exports[`Home matches snapshot 1`] = `
<DocumentFragment>
  <div
    class="container"
    data-testid="TextFieldTest"
  >
    <label
      class="typography label align-left label"
      data-testid="TypographyTest"
    >
      DatePicker Test 
    </label>
    <div
      class="inputWrapper"
    >
      <input
        class="inputField"
        placeholder="Select date"
        readonly=""
        type="text"
      />
      <div
        class="iconButton"
      >
        <svg
          aria-hidden="true"
          class="lucide lucide-calendar"
          fill="none"
          height="16"
          stroke="currentColor"
          stroke-linecap="round"
          stroke-linejoin="round"
          stroke-width="2"
          viewBox="0 0 24 24"
          width="16"
          xmlns="http://www.w3.org/2000/svg"
        >
          <path
            d="M8 2v4"
          />
          <path
            d="M16 2v4"
          />
          <rect
            height="18"
            rx="2"
            width="18"
            x="3"
            y="4"
          />
          <path
            d="M3 10h18"
          />
        </svg>
      </div>
    </div>
  </div>
</DocumentFragment>
`;
