// Jest Snapshot v1, https://jestjs.io/docs/snapshot-testing

exports[`Home matches snapshot 1`] = `
<DocumentFragment>
  <button
    class="button test-class"
    data-testid="ButtonTest"
    type="button"
  >
    <span
      class="typography span align-center test-class"
      data-testid="TypographyTest"
    >
      ButtonTest
    </span>
  </button>
</DocumentFragment>
`;
