// Jest Snapshot v1, https://jestjs.io/docs/snapshot-testing

exports[`Home matches snapshot 1`] = `
<DocumentFragment>
  <form
    class="dynamic-form"
    data-testid="DynamicFormTest"
  >
    <div
      class="field field--full"
    >
      <div
        class="container"
        data-testid="TextFieldTest"
      >
        <label
          class="typography label align-left label"
          data-testid="TypographyTest"
        >
          Username 
        </label>
        <div
          class="inputWrapper"
        >
          <input
            class="inputField"
            name="username"
            placeholder="Enter username"
            type="input"
            width="full"
          />
        </div>
      </div>
    </div>
    <div
      class="field field--full"
    >
      <div
        class="container"
        data-testid="TextFieldTest"
      >
        <label
          class="typography label align-left label"
          data-testid="TypographyTest"
        >
          Password 
        </label>
        <div
          class="inputWrapper"
        >
          <input
            class="inputField inputWithIcon"
            name="password"
            placeholder="Enter password"
            type="password"
            validationhints=""
          />
          <div
            class="iconButton"
          >
            <svg
              aria-hidden="true"
              class="lucide lucide-eye"
              fill="none"
              height="24"
              stroke="currentColor"
              stroke-linecap="round"
              stroke-linejoin="round"
              stroke-width="2"
              viewBox="0 0 24 24"
              width="24"
              xmlns="http://www.w3.org/2000/svg"
            >
              <path
                d="M2.062 12.348a1 1 0 0 1 0-.696 10.75 10.75 0 0 1 19.876 0 1 1 0 0 1 0 .696 10.75 10.75 0 0 1-19.876 0"
              />
              <circle
                cx="12"
                cy="12"
                r="3"
              />
            </svg>
          </div>
        </div>
      </div>
      <ul
        aria-live="polite"
        class="container"
        data-testid="PasswordFeedbackTest"
      />
    </div>
  </form>
</DocumentFragment>
`;
