// Jest Snapshot v1, https://jestjs.io/docs/snapshot-testing

exports[`Home matches snapshot 1`] = `
<DocumentFragment>
  <ul
    aria-live="polite"
    class="passwordHints"
    data-testid="PasswordFeedbackTest"
  >
    <li
      class="typography li align-left valid"
      data-testid="TypographyTest"
    >
      At least 8 characters
    </li>
    <li
      class="typography li align-left valid"
      data-testid="TypographyTest"
    >
      Contains a number
    </li>
    <li
      class="typography li align-left valid"
      data-testid="TypographyTest"
    >
      Contains an uppercase letter
    </li>
    <li
      class="typography li align-left valid"
      data-testid="TypographyTest"
    >
      Contains a special character
    </li>
  </ul>
</DocumentFragment>
`;
