// Jest Snapshot v1, https://jestjs.io/docs/snapshot-testing

exports[`Home matches snapshot 1`] = `
<DocumentFragment>
  <ul
    aria-live="polite"
    class="container"
    data-testid="PasswordFeedbackTest"
  >
    <div
      class="subContainer"
    >
      <svg
        aria-hidden="true"
        class="lucide lucide-check valid"
        data-testid="check-icon-0"
        fill="none"
        height="20"
        stroke="#28a745"
        stroke-linecap="round"
        stroke-linejoin="round"
        stroke-width="2"
        viewBox="0 0 24 24"
        width="20"
        xmlns="http://www.w3.org/2000/svg"
      >
        <path
          d="M20 6 9 17l-5-5"
        />
      </svg>
      <li
        class="typography li align-left"
        data-testid="TypographyTest"
      >
        At least 8 characters
      </li>
    </div>
    <div
      class="subContainer"
    >
      <svg
        aria-hidden="true"
        class="lucide lucide-check valid"
        data-testid="check-icon-1"
        fill="none"
        height="20"
        stroke="#28a745"
        stroke-linecap="round"
        stroke-linejoin="round"
        stroke-width="2"
        viewBox="0 0 24 24"
        width="20"
        xmlns="http://www.w3.org/2000/svg"
      >
        <path
          d="M20 6 9 17l-5-5"
        />
      </svg>
      <li
        class="typography li align-left"
        data-testid="TypographyTest"
      >
        Contains a number
      </li>
    </div>
    <div
      class="subContainer"
    >
      <svg
        aria-hidden="true"
        class="lucide lucide-check valid"
        data-testid="check-icon-2"
        fill="none"
        height="20"
        stroke="#28a745"
        stroke-linecap="round"
        stroke-linejoin="round"
        stroke-width="2"
        viewBox="0 0 24 24"
        width="20"
        xmlns="http://www.w3.org/2000/svg"
      >
        <path
          d="M20 6 9 17l-5-5"
        />
      </svg>
      <li
        class="typography li align-left"
        data-testid="TypographyTest"
      >
        Contains an uppercase letter
      </li>
    </div>
    <div
      class="subContainer"
    >
      <svg
        aria-hidden="true"
        class="lucide lucide-check valid"
        data-testid="check-icon-3"
        fill="none"
        height="20"
        stroke="#28a745"
        stroke-linecap="round"
        stroke-linejoin="round"
        stroke-width="2"
        viewBox="0 0 24 24"
        width="20"
        xmlns="http://www.w3.org/2000/svg"
      >
        <path
          d="M20 6 9 17l-5-5"
        />
      </svg>
      <li
        class="typography li align-left"
        data-testid="TypographyTest"
      >
        Contains a special character
      </li>
    </div>
  </ul>
</DocumentFragment>
`;
